Component: ARM Compiler 5.06 update 7 (build 960) Tool: armlink [4d3601]

==============================================================================

Section Cross References

    startup_stm32f103xb.o(RESET) refers to startup_stm32f103xb.o(STACK) for __initial_sp
    startup_stm32f103xb.o(RESET) refers to startup_stm32f103xb.o(.text) for Reset_Handler
    startup_stm32f103xb.o(RESET) refers to stm32f1xx_it.o(i.NMI_Handler) for NMI_Handler
    startup_stm32f103xb.o(RESET) refers to stm32f1xx_it.o(i.HardFault_Handler) for HardFault_Handler
    startup_stm32f103xb.o(RESET) refers to stm32f1xx_it.o(i.MemManage_Handler) for MemManage_Handler
    startup_stm32f103xb.o(RESET) refers to stm32f1xx_it.o(i.BusFault_Handler) for BusFault_Handler
    startup_stm32f103xb.o(RESET) refers to stm32f1xx_it.o(i.UsageFault_Handler) for UsageFault_Handler
    startup_stm32f103xb.o(RESET) refers to port.o(.emb_text) for SVC_Handler
    startup_stm32f103xb.o(RESET) refers to stm32f1xx_it.o(i.DebugMon_Handler) for DebugMon_Handler
    startup_stm32f103xb.o(RESET) refers to port.o(i.SysTick_Handler) for SysTick_Handler
    startup_stm32f103xb.o(RESET) refers to stm32f1xx_it.o(i.TIM2_IRQHandler) for TIM2_IRQHandler
    startup_stm32f103xb.o(RESET) refers to stm32f1xx_it.o(i.TIM3_IRQHandler) for TIM3_IRQHandler
    startup_stm32f103xb.o(RESET) refers to bluetooth.o(i.USART2_IRQHandler) for USART2_IRQHandler
    startup_stm32f103xb.o(RESET) refers to esp8266.o(i.USART3_IRQHandler) for USART3_IRQHandler
    startup_stm32f103xb.o(.text) refers to system_stm32f1xx.o(i.SystemInit) for SystemInit
    startup_stm32f103xb.o(.text) refers to entry.o(.ARM.Collect$$$$00000000) for __main
    lamps.o(i.Set_PWM_lampValue) refers to tim.o(.bss) for htim4
    lamps.o(i.get_lamp_brightness) refers to lamps.o(.data) for .data
    lamps.o(i.lamp_Init) refers to tim.o(i.MX_TIM4_Init) for MX_TIM4_Init
    lamps.o(i.lamp_Init) refers to stm32f1xx_hal_tim.o(i.HAL_TIM_PWM_Start) for HAL_TIM_PWM_Start
    lamps.o(i.lamp_Init) refers to tim.o(.bss) for htim4
    lamps.o(i.lamp_Middle) refers to tim.o(.bss) for htim4
    lamps.o(i.lamp_Middle) refers to lamps.o(.data) for .data
    lamps.o(i.lamp_high) refers to tim.o(.bss) for htim4
    lamps.o(i.lamp_high) refers to lamps.o(.data) for .data
    lamps.o(i.lamp_low) refers to tim.o(.bss) for htim4
    lamps.o(i.lamp_low) refers to lamps.o(.data) for .data
    lamps.o(i.lamp_off) refers to tim.o(.bss) for htim4
    lamps.o(i.lamp_off) refers to lamps.o(.data) for .data
    oled.o(i.OLED_Clear) refers to oled.o(i.OLED_SetCursor) for OLED_SetCursor
    oled.o(i.OLED_Clear) refers to oled.o(i.OLED_WriteData) for OLED_WriteData
    oled.o(i.OLED_I2C_Init) refers to gpio.o(i.MX_GPIO_Init) for MX_GPIO_Init
    oled.o(i.OLED_I2C_Init) refers to stm32f1xx_hal_gpio.o(i.HAL_GPIO_WritePin) for HAL_GPIO_WritePin
    oled.o(i.OLED_I2C_SendByte) refers to stm32f1xx_hal_gpio.o(i.HAL_GPIO_WritePin) for HAL_GPIO_WritePin
    oled.o(i.OLED_I2C_Start) refers to stm32f1xx_hal_gpio.o(i.HAL_GPIO_WritePin) for HAL_GPIO_WritePin
    oled.o(i.OLED_I2C_Stop) refers to stm32f1xx_hal_gpio.o(i.HAL_GPIO_WritePin) for HAL_GPIO_WritePin
    oled.o(i.OLED_Init) refers to oled.o(i.OLED_I2C_Init) for OLED_I2C_Init
    oled.o(i.OLED_Init) refers to oled.o(i.OLED_WriteCommand) for OLED_WriteCommand
    oled.o(i.OLED_Init) refers to oled.o(i.OLED_Clear) for OLED_Clear
    oled.o(i.OLED_SetCursor) refers to oled.o(i.OLED_WriteCommand) for OLED_WriteCommand
    oled.o(i.OLED_ShowBinNum) refers to oled.o(i.OLED_Pow) for OLED_Pow
    oled.o(i.OLED_ShowBinNum) refers to oled.o(i.OLED_ShowChar) for OLED_ShowChar
    oled.o(i.OLED_ShowChar) refers to oled.o(i.OLED_SetCursor) for OLED_SetCursor
    oled.o(i.OLED_ShowChar) refers to oled.o(i.OLED_WriteData) for OLED_WriteData
    oled.o(i.OLED_ShowChar) refers to oled.o(.constdata) for .constdata
    oled.o(i.OLED_ShowChineseWord) refers to oled.o(i.OLED_SetCursor) for OLED_SetCursor
    oled.o(i.OLED_ShowChineseWord) refers to oled.o(i.OLED_WriteData) for OLED_WriteData
    oled.o(i.OLED_ShowChineseWord) refers to oled.o(.constdata) for .constdata
    oled.o(i.OLED_ShowHexNum) refers to oled.o(i.OLED_Pow) for OLED_Pow
    oled.o(i.OLED_ShowHexNum) refers to oled.o(i.OLED_ShowChar) for OLED_ShowChar
    oled.o(i.OLED_ShowNum) refers to oled.o(i.OLED_Pow) for OLED_Pow
    oled.o(i.OLED_ShowNum) refers to oled.o(i.OLED_ShowChar) for OLED_ShowChar
    oled.o(i.OLED_ShowSignedNum) refers to oled.o(i.OLED_ShowChar) for OLED_ShowChar
    oled.o(i.OLED_ShowSignedNum) refers to oled.o(i.OLED_Pow) for OLED_Pow
    oled.o(i.OLED_ShowString) refers to oled.o(i.OLED_ShowChar) for OLED_ShowChar
    oled.o(i.OLED_Show_Init) refers to oled.o(i.OLED_Clear) for OLED_Clear
    oled.o(i.OLED_Show_Init) refers to oled.o(i.OLED_ShowChineseWord) for OLED_ShowChineseWord
    oled.o(i.OLED_Show_Init) refers to oled.o(i.OLED_ShowChar) for OLED_ShowChar
[...]
    i.xTimerCreate                           0x08005bcc   Section        0  timers.o(i.xTimerCreate)
    i.xTimerCreateStatic                     0x08005c00   Section        0  timers.o(i.xTimerCreateStatic)
    i.xTimerCreateTimerTask                  0x08005c30   Section        0  timers.o(i.xTimerCreateTimerTask)
    i.xTimerGenericCommand                   0x08005c90   Section        0  timers.o(i.xTimerGenericCommand)
    .constdata                               0x08005cf0   Section     2128  oled.o(.constdata)
    .constdata                               0x08006540   Section      276  freertos.o(.constdata)
    .constdata                               0x08006654   Section       18  stm32f1xx_hal_rcc.o(.constdata)
    aPredivFactorTable                       0x08006654   Data           2  stm32f1xx_hal_rcc.o(.constdata)
    aPLLMULFactorTable                       0x08006656   Data          16  stm32f1xx_hal_rcc.o(.constdata)
    .constdata                               0x08006666   Section       18  stm32f1xx_hal_rcc_ex.o(.constdata)
    aPredivFactorTable                       0x08006666   Data           2  stm32f1xx_hal_rcc_ex.o(.constdata)
    aPLLMULFactorTable                       0x08006668   Data          16  stm32f1xx_hal_rcc_ex.o(.constdata)
    .constdata                               0x08006678   Section       16  system_stm32f1xx.o(.constdata)
    .constdata                               0x08006688   Section        8  system_stm32f1xx.o(.constdata)
    .conststring                             0x08006690   Section      128  onenet.o(.conststring)
    .conststring                             0x08006710   Section       93  freertos.o(.conststring)
    .data                                    0x20000000   Section        1  lamps.o(.data)
    .data                                    0x20000001   Section        3  bluetooth.o(.data)
    cnt                                      0x20000002   Data           1  bluetooth.o(.data)
    recv                                     0x20000003   Data           1  bluetooth.o(.data)
    .data                                    0x20000008   Section        8  hc_sr04.o(.data)
    .data                                    0x20000010   Section        1  key.o(.data)
    key_up                                   0x20000010   Data           1  key.o(.data)
    .data                                    0x20000012   Section        6  esp8266.o(.data)
    recv                                     0x20000012   Data           1  esp8266.o(.data)
    .data                                    0x20000018   Section       60  freertos.o(.data)
    .data                                    0x20000054   Section        8  tim.o(.data)
    .data                                    0x2000005c   Section       12  stm32f1xx_hal.o(.data)
    .data                                    0x20000068   Section        4  system_stm32f1xx.o(.data)
    .data                                    0x2000006c   Section       60  tasks.o(.data)
    uxDeletedTasksWaitingCleanUp             0x20000070   Data           4  tasks.o(.data)
    uxCurrentNumberOfTasks                   0x20000074   Data           4  tasks.o(.data)
    xTickCount                               0x20000078   Data           4  tasks.o(.data)
    uxTopReadyPriority                       0x2000007c   Data           4  tasks.o(.data)
    xSchedulerRunning                        0x20000080   Data           4  tasks.o(.data)
    xPendedTicks                             0x20000084   Data           4  tasks.o(.data)
    xYieldPending                            0x20000088   Data           4  tasks.o(.data)
    xNumOfOverflows                          0x2000008c   Data           4  tasks.o(.data)
    uxTaskNumber                             0x20000090   Data           4  tasks.o(.data)
    xNextTaskUnblockTime                     0x20000094   Data           4  tasks.o(.data)
    xIdleTaskHandle                          0x20000098   Data           4  tasks.o(.data)
    uxSchedulerSuspended                     0x2000009c   Data           4  tasks.o(.data)
    pxDelayedTaskList                        0x200000a0   Data           4  tasks.o(.data)
    pxOverflowDelayedTaskList                0x200000a4   Data           4  tasks.o(.data)
    .data                                    0x200000a8   Section       20  timers.o(.data)
    xTimerQueue                              0x200000a8   Data           4  timers.o(.data)
    xTimerTaskHandle                         0x200000ac   Data           4  timers.o(.data)
    xLastTime                                0x200000b0   Data           4  timers.o(.data)
    pxCurrentTimerList                       0x200000b4   Data           4  timers.o(.data)
    pxOverflowTimerList                      0x200000b8   Data           4  timers.o(.data)
    .data                                    0x200000bc   Section       32  heap_4.o(.data)
    pxEnd                                    0x200000bc   Data           4  heap_4.o(.data)
    xFreeBytesRemaining                      0x200000c0   Data           4  heap_4.o(.data)
    xMinimumEverFreeBytesRemaining           0x200000c4   Data           4  heap_4.o(.data)
    xNumberOfSuccessfulAllocations           0x200000c8   Data           4  heap_4.o(.data)
    xNumberOfSuccessfulFrees                 0x200000cc   Data           4  heap_4.o(.data)
    xBlockAllocatedBit                       0x200000d0   Data           4  heap_4.o(.data)
    xStart                                   0x200000d4   Data           8  heap_4.o(.data)
    .data                                    0x200000dc   Section       12  port.o(.data)
    ucMaxSysCallPriority                     0x200000dc   Data           1  port.o(.data)
    uxCriticalNesting                        0x200000e0   Data           4  port.o(.data)
    ulMaxPRIGROUPValue                       0x200000e4   Data           4  port.o(.data)
    .data                                    0x200000e8   Section        4  stdout.o(.data)
    .data                                    0x200000ec   Section        4  mvars.o(.data)
    .data                                    0x200000f0   Section        4  mvars.o(.data)
    .bss                                     0x200000f4   Section      128  bluetooth.o(.bss)
    .bss                                     0x20000174   Section      128  esp8266.o(.bss)
    .bss                                     0x200001f4   Section     1704  freertos.o(.bss)
    xIdleTaskTCBBuffer                       0x200001f4   Data          84  freertos.o(.bss)
    xIdleStack                               0x20000248   Data         512  freertos.o(.bss)
    xTimerTaskTCBBuffer                      0x20000448   Data          84  freertos.o(.bss)
    xTimerStack                              0x2000049c   Data        1024  freertos.o(.bss)
    .bss                                     0x2000089c   Section       48  adc.o(.bss)
    .bss                                     0x200008cc   Section      216  tim.o(.bss)
    .bss                                     0x200009a4   Section      216  usart.o(.bss)
    .bss                                     0x20000a7c   Section       72  stm32f1xx_hal_timebase_tim.o(.bss)
    .bss                                     0x20000ac4   Section       64  queue.o(.bss)
    .bss                                     0x20000b04   Section      240  tasks.o(.bss)
    pxReadyTasksLists                        0x20000b04   Data         140  tasks.o(.bss)
    xDelayedTaskList1                        0x20000b90   Data          20  tasks.o(.bss)
    xDelayedTaskList2                        0x20000ba4   Data          20  tasks.o(.bss)
    xPendingReadyList                        0x20000bb8   Data          20  tasks.o(.bss)
    xTasksWaitingTermination                 0x20000bcc   Data          20  tasks.o(.bss)
    xSuspendedTaskList                       0x20000be0   Data          20  tasks.o(.bss)
    .bss                                     0x20000bf4   Section      232  timers.o(.bss)
    xStaticTimerQueue                        0x20000bf4   Data          72  timers.o(.bss)
    ucStaticTimerQueueStorage                0x20000c3c   Data         120  timers.o(.bss)
    xActiveTimerList1                        0x20000cb4   Data          20  timers.o(.bss)
    xActiveTimerList2                        0x20000cc8   Data          20  timers.o(.bss)
    .bss                                     0x20000cdc   Section     6080  heap_4.o(.bss)
    ucHeap                                   0x20000cdc   Data        6080  heap_4.o(.bss)
    HEAP                                     0x200024a0   Section      512  startup_stm32f103xb.o(HEAP)
    STACK                                    0x200026a0   Section     1024  startup_stm32f103xb.o(STACK)

    Global Symbols

    Symbol Name                              Value     Ov Type        Size  Object(Section)

    BuildAttributes$$THM_ISAv4$P$D$K$B$S$PE$A:L22UL41UL21$X:L11$S22US41US21$IEEE1$IW$USESV6$~STKCKD$USESV7$~SHL$OSPACE$ROPI$EBA8$MICROLIB$REQ8$PRES8$EABIv2 0x00000000   Number         0  anon$$obj.o ABSOLUTE
    __ARM_use_no_argv                        0x00000000   Number         0  main.o ABSOLUTE
    _printf_a                                0x00000000   Number         0  stubs.o ABSOLUTE
    _printf_c                                0x00000000   Number         0  stubs.o ABSOLUTE
    _printf_charcount                        0x00000000   Number         0  stubs.o ABSOLUTE
    _printf_d                                0x00000000   Number         0  stubs.o ABSOLUTE
    _printf_e                                0x00000000   Number         0  stubs.o ABSOLUTE
    _printf_f                                0x00000000   Number         0  stubs.o ABSOLUTE
    _printf_flags                            0x00000000   Number         0  stubs.o ABSOLUTE
    _printf_fp_dec                           0x00000000   Number         0  stubs.o ABSOLUTE
    _printf_fp_hex                           0x00000000   Number         0  stubs.o ABSOLUTE
    _printf_g                                0x00000000   Number         0  stubs.o ABSOLUTE
    _printf_i                                0x00000000   Number         0  stubs.o ABSOLUTE
    _printf_int_dec                          0x00000000   Number         0  stubs.o ABSOLUTE
    _printf_l                                0x00000000   Number         0  stubs.o ABSOLUTE
    _printf_lc                               0x00000000   Number         0  stubs.o ABSOLUTE
    _printf_ll                               0x00000000   Number         0  stubs.o ABSOLUTE
    _printf_lld                              0x00000000   Number         0  stubs.o ABSOLUTE
    _printf_lli                              0x00000000   Number         0  stubs.o ABSOLUTE
    _printf_llo                              0x00000000   Number         0  stubs.o ABSOLUTE
    _printf_llu                              0x00000000   Number         0  stubs.o ABSOLUTE
    _printf_llx                              0x00000000   Number         0  stubs.o ABSOLUTE
    _printf_longlong_dec                     0x00000000   Number         0  stubs.o ABSOLUTE
    _printf_longlong_hex                     0x00000000   Number         0  stubs.o ABSOLUTE
    _printf_longlong_oct                     0x00000000   Number         0  stubs.o ABSOLUTE
    _printf_ls                               0x00000000   Number         0  stubs.o ABSOLUTE
    _printf_mbtowc                           0x00000000   Number         0  stubs.o ABSOLUTE
    _printf_n                                0x00000000   Number         0  stubs.o ABSOLUTE
    _printf_o                                0x00000000   Number         0  stubs.o ABSOLUTE
    _printf_p                                0x00000000   Number         0  stubs.o ABSOLUTE
    _printf_percent                          0x00000000   Number         0  stubs.o ABSOLUTE
    _printf_pre_padding                      0x00000000   Number         0  stubs.o ABSOLUTE
    _printf_return_value                     0x00000000   Number         0  stubs.o ABSOLUTE
    _printf_s                                0x00000000   Number         0  stubs.o ABSOLUTE
    _printf_sizespec                         0x00000000   Number         0  stubs.o ABSOLUTE
    _printf_str                              0x00000000   Number         0  stubs.o ABSOLUTE
    _printf_truncate_signed                  0x00000000   Number         0  stubs.o ABSOLUTE
    _printf_truncate_unsigned                0x00000000   Number         0  stubs.o ABSOLUTE
    _printf_u                                0x00000000   Number         0  stubs.o ABSOLUTE
    _printf_wc                               0x00000000   Number         0  stubs.o ABSOLUTE
    _printf_wctomb                           0x00000000   Number         0  stubs.o ABSOLUTE
    _printf_widthprec                        0x00000000   Number         0  stubs.o ABSOLUTE
    _printf_x                                0x00000000   Number         0  stubs.o ABSOLUTE
    __arm_fini_                               - Undefined Weak Reference
    __cpp_initialize__aeabi_                  - Undefined Weak Reference
    __cxa_finalize                            - Undefined Weak Reference
    __decompress                              - Undefined Weak Reference
    _clock_init                               - Undefined Weak Reference
    _microlib_exit                            - Undefined Weak Reference
    __Vectors_Size                           0x000000ec   Number         0  startup_stm32f103xb.o ABSOLUTE
    __Vectors                                0x08000000   Data           4  startup_stm32f103xb.o(RESET)
    __Vectors_End                            0x080000ec   Data           0  startup_stm32f103xb.o(RESET)
    __main                                   0x080000ed   Thumb Code     0  entry.o(.ARM.Collect$$$$00000000)
    _main_stk                                0x080000ed   Thumb Code     0  entry2.o(.ARM.Collect$$$$00000001)
    _main_scatterload                        0x080000f1   Thumb Code     0  entry5.o(.ARM.Collect$$$$00000004)
    __main_after_scatterload                 0x080000f5   Thumb Code     0  entry5.o(.ARM.Collect$$$$00000004)
    _main_clock                              0x080000f5   Thumb Code     0  entry7b.o(.ARM.Collect$$$$00000008)
    _main_cpp_init                           0x080000f5   Thumb Code     0  entry8b.o(.ARM.Collect$$$$0000000A)
    _main_init                               0x080000f5   Thumb Code     0  entry9a.o(.ARM.Collect$$$$0000000B)
    __rt_lib_shutdown_fini                   0x080000fd   Thumb Code     0  entry12b.o(.ARM.Collect$$$$0000000E)
    __rt_final_cpp                           0x08000101   Thumb Code     0  entry10a.o(.ARM.Collect$$$$0000000F)
    __rt_final_exit                          0x08000101   Thumb Code     0  entry11a.o(.ARM.Collect$$$$00000011)
    SVC_Handler                              0x08000105   Thumb Code    32  port.o(.emb_text)
    __asm___6_port_c_39a90d8d__prvStartFirstTask 0x08000129   Thumb Code    28  port.o(.emb_text)
    PendSV_Handler                           0x08000149   Thumb Code    72  port.o(.emb_text)
    vPortGetIPSR                             0x08000195   Thumb Code     6  port.o(.emb_text)
    Reset_Handler                            0x0800019d   Thumb Code     8  startup_stm32f103xb.o(.text)
    ADC1_2_IRQHandler                        0x080001b7   Thumb Code     0  startup_stm32f103xb.o(.text)
    CAN1_RX1_IRQHandler                      0x080001b7   Thumb Code     0  startup_stm32f103xb.o(.text)
    CAN1_SCE_IRQHandler                      0x080001b7   Thumb Code     0  startup_stm32f103xb.o(.text)
    DMA1_Channel1_IRQHandler                 0x080001b7   Thumb Code     0  startup_stm32f103xb.o(.text)
    DMA1_Channel2_IRQHandler                 0x080001b7   Thumb Code     0  startup_stm32f103xb.o(.text)
    DMA1_Channel3_IRQHandler                 0x080001b7   Thumb Code     0  startup_stm32f103xb.o(.text)
    DMA1_Channel4_IRQHandler                 0x080001b7   Thumb Code     0  startup_stm32f103xb.o(.text)
    DMA1_Channel5_IRQHandler                 0x080001b7   Thumb Code     0  startup_stm32f103xb.o(.text)
    DMA1_Channel6_IRQHandler                 0x080001b7   Thumb Code     0  startup_stm32f103xb.o(.text)
    DMA1_Channel7_IRQHandler                 0x080001b7   Thumb Code     0  startup_stm32f103xb.o(.text)
    EXTI0_IRQHandler                         0x080001b7   Thumb Code     0  startup_stm32f103xb.o(.text)
    EXTI15_10_IRQHandler                     0x080001b7   Thumb Code     0  startup_stm32f103xb.o(.text)
    EXTI1_IRQHandler                         0x080001b7   Thumb Code     0  startup_stm32f103xb.o(.text)
    EXTI2_IRQHandler                         0x080001b7   Thumb Code     0  startup_stm32f103xb.o(.text)
    EXTI3_IRQHandler                         0x080001b7   Thumb Code     0  startup_stm32f103xb.o(.text)
    EXTI4_IRQHandler                         0x080001b7   Thumb Code     0  startup_stm32f103xb.o(.text)
    EXTI9_5_IRQHandler                       0x080001b7   Thumb Code     0  startup_stm32f103xb.o(.text)
    FLASH_IRQHandler                         0x080001b7   Thumb Code     0  startup_stm32f103xb.o(.text)
    I2C1_ER_IRQHandler                       0x080001b7   Thumb Code     0  startup_stm32f103xb.o(.text)
    I2C1_EV_IRQHandler                       0x080001b7   Thumb Code     0  startup_stm32f103xb.o(.text)
    I2C2_ER_IRQHandler                       0x080001b7   Thumb Code     0  startup_stm32f103xb.o(.text)
    I2C2_EV_IRQHandler                       0x080001b7   Thumb Code     0  startup_stm32f103xb.o(.text)
    PVD_IRQHandler                           0x080001b7   Thumb Code     0  startup_stm32f103xb.o(.text)
    RCC_IRQHandler                           0x080001b7   Thumb Code     0  startup_stm32f103xb.o(.text)
    RTC_Alarm_IRQHandler                     0x080001b7   Thumb Code     0  startup_stm32f103xb.o(.text)
    RTC_IRQHandler                           0x080001b7   Thumb Code     0  startup_stm32f103xb.o(.text)
    SPI1_IRQHandler                          0x080001b7   Thumb Code     0  startup_stm32f103xb.o(.text)
    SPI2_IRQHandler                          0x080001b7   Thumb Code     0  startup_stm32f103xb.o(.text)
    TAMPER_IRQHandler                        0x080001b7   Thumb Code     0  startup_stm32f103xb.o(.text)
    TIM1_BRK_IRQHandler                      0x080001b7   Thumb Code     0  startup_stm32f103xb.o(.text)
    TIM1_CC_IRQHandler                       0x080001b7   Thumb Code     0  startup_stm32f103xb.o(.text)
    TIM1_TRG_COM_IRQHandler                  0x080001b7   Thumb Code     0  startup_stm32f103xb.o(.text)
    TIM1_UP_IRQHandler                       0x080001b7   Thumb Code     0  startup_stm32f103xb.o(.text)
    TIM4_IRQHandler                          0x080001b7   Thumb Code     0  startup_stm32f103xb.o(.text)
    USART1_IRQHandler                        0x080001b7   Thumb Code     0  startup_stm32f103xb.o(.text)
    USBWakeUp_IRQHandler                     0x080001b7   Thumb Code     0  startup_stm32f103xb.o(.text)
    USB_HP_CAN1_TX_IRQHandler                0x080001b7   Thumb Code     0  startup_stm32f103xb.o(.text)
    USB_LP_CAN1_RX0_IRQHandler               0x080001b7   Thumb Code     0  startup_stm32f103xb.o(.text)
    WWDG_IRQHandler                          0x080001b7   Thumb Code     0  startup_stm32f103xb.o(.text)
    __aeabi_llsr                             0x080001c1   Thumb Code    32  llushr.o(.text)
    _ll_ushift_r                             0x080001c1   Thumb Code     0  llushr.o(.text)
    __aeabi_memcpy                           0x080001e1   Thumb Code    36  memcpya.o(.text)
    __aeabi_memcpy4                          0x080001e1   Thumb Code     0  memcpya.o(.text)
    __aeabi_memcpy8                          0x080001e1   Thumb Code     0  memcpya.o(.text)
    __aeabi_memset                           0x08000205   Thumb Code    14  memseta.o(.text)
    __aeabi_memset4                          0x08000205   Thumb Code     0  memseta.o(.text)
    __aeabi_memset8                          0x08000205   Thumb Code     0  memseta.o(.text)
    __aeabi_memclr                           0x08000213   Thumb Code     4  memseta.o(.text)
    __aeabi_memclr4                          0x08000213   Thumb Code     0  memseta.o(.text)
    __aeabi_memclr8                          0x08000213   Thumb Code     0  memseta.o(.text)
    memset                                   0x08000217   Thumb Code    18  memseta.o(.text)
    strstr                                   0x08000229   Thumb Code    36  strstr.o(.text)
    strchr                                   0x0800024d   Thumb Code    20  strchr.o(.text)
    strlen                                   0x08000261   Thumb Code    14  strlen.o(.text)
    strncat                                  0x0800026f   Thumb Code    40  strncat.o(.text)
    __aeabi_dmul                             0x08000297   Thumb Code   228  dmul.o(.text)
    __ARM_scalbn                             0x0800037b   Thumb Code    46  dscalb.o(.text)
    scalbn                                   0x0800037b   Thumb Code     0  dscalb.o(.text)
    __aeabi_ui2d                             0x080003a9   Thumb Code    26  dfltui.o(.text)
    __aeabi_d2uiz                            0x080003c3   Thumb Code    50  dfixui.o(.text)
    __aeabi_uldivmod                         0x080003f5   Thumb Code    98  uldiv.o(.text)
    __I$use$fp                               0x08000457   Thumb Code     0  iusefp.o(.text)
    _double_round                            0x08000457   Thumb Code    30  depilogue.o(.text)
    _double_epilogue                         0x08000475   Thumb Code   156  depilogue.o(.text)
    __scatterload                            0x08000511   Thumb Code    28  init.o(.text)
    __scatterload_rt2                        0x08000511   Thumb Code     0  init.o(.text)
    __aeabi_llsl                             0x08000535   Thumb Code    30  llshl.o(.text)
    _ll_shift_l                              0x08000535   Thumb Code     0  llshl.o(.text)
    ADC_ConversionStop_Disable               0x08000555   Thumb Code    86  stm32f1xx_hal_adc.o(i.ADC_ConversionStop_Disable)
    ADC_Enable                               0x080005ad   Thumb Code   114  stm32f1xx_hal_adc.o(i.ADC_Enable)
    AD_channelConfig                         0x08000629   Thumb Code    14  light_sensor.o(i.AD_channelConfig)
    AD_getValue                              0x08000639   Thumb Code    38  light_sensor.o(i.AD_getValue)
    BlueTooth_Init                           0x08000665   Thumb Code    30  bluetooth.o(i.BlueTooth_Init)
    BusFault_Handler                         0x08000689   Thumb Code     2  stm32f1xx_it.o(i.BusFault_Handler)
    Callback                                 0x0800068d   Thumb Code    26  freertos.o(i.Callback)
    DebugMon_Handler                         0x080006c1   Thumb Code     2  stm32f1xx_it.o(i.DebugMon_Handler)
    ESP8266_Clear                            0x080006c5   Thumb Code    18  esp8266.o(i.ESP8266_Clear)
    ESP8266_GetIPD                           0x080006e1   Thumb Code    50  esp8266.o(i.ESP8266_GetIPD)
    ESP8266_Init                             0x08000721   Thumb Code   108  esp8266.o(i.ESP8266_Init)
    ESP8266_SendCmd                          0x08000811   Thumb Code    64  esp8266.o(i.ESP8266_SendCmd)
    ESP8266_SendData                         0x08000855   Thumb Code    46  esp8266.o(i.ESP8266_SendData)
    ESP8266_WaitRecive                       0x08000899   Thumb Code    28  esp8266.o(i.ESP8266_WaitRecive)
    Error_Handler                            0x080008b9   Thumb Code     4  main.o(i.Error_Handler)
    HAL_ADC_ConfigChannel                    0x080008bd   Thumb Code   240  stm32f1xx_hal_adc.o(i.HAL_ADC_ConfigChannel)
    HAL_ADC_GetValue                         0x080009b9   Thumb Code     6  stm32f1xx_hal_adc.o(i.HAL_ADC_GetValue)
    HAL_ADC_Init                             0x080009c1   Thumb Code   272  stm32f1xx_hal_adc.o(i.HAL_ADC_Init)
    HAL_ADC_MspInit                          0x08000add   Thumb Code    76  adc.o(i.HAL_ADC_MspInit)
    HAL_ADC_PollForConversion                0x08000b35   Thumb Code   304  stm32f1xx_hal_adc.o(i.HAL_ADC_PollForConversion)
    HAL_ADC_Start                            0x08000c71   Thumb Code   184  stm32f1xx_hal_adc.o(i.HAL_ADC_Start)
    HAL_Delay                                0x08000d31   Thumb Code    32  stm32f1xx_hal.o(i.HAL_Delay)
    HAL_GPIO_Init                            0x08000d55   Thumb Code   446  stm32f1xx_hal_gpio.o(i.HAL_GPIO_Init)
    HAL_GPIO_ReadPin                         0x08000f35   Thumb Code    10  stm32f1xx_hal_gpio.o(i.HAL_GPIO_ReadPin)
    HAL_GPIO_WritePin                        0x08000f3f   Thumb Code    10  stm32f1xx_hal_gpio.o(i.HAL_GPIO_WritePin)
    HAL_GetTick                              0x08000f49   Thumb Code     6  stm32f1xx_hal.o(i.HAL_GetTick)
    HAL_IncTick                              0x08000f55   Thumb Code    12  stm32f1xx_hal.o(i.HAL_IncTick)
    HAL_Init                                 0x08000f65   Thumb Code    32  stm32f1xx_hal.o(i.HAL_Init)
    HAL_InitTick                             0x08000f89   Thumb Code   134  stm32f1xx_hal_timebase_tim.o(i.HAL_InitTick)
    HAL_MspInit                              0x08001021   Thumb Code    62  stm32f1xx_hal_msp.o(i.HAL_MspInit)
    HAL_NVIC_EnableIRQ                       0x08001069   Thumb Code    26  stm32f1xx_hal_cortex.o(i.HAL_NVIC_EnableIRQ)
    HAL_NVIC_SetPriority                     0x08001085   Thumb Code    60  stm32f1xx_hal_cortex.o(i.HAL_NVIC_SetPriority)
    HAL_NVIC_SetPriorityGrouping             0x080010c5   Thumb Code    26  stm32f1xx_hal_cortex.o(i.HAL_NVIC_SetPriorityGrouping)
    HAL_RCCEx_GetPeriphCLKFreq               0x080010e9   Thumb Code   148  stm32f1xx_hal_rcc_ex.o(i.HAL_RCCEx_GetPeriphCLKFreq)
    HAL_RCCEx_PeriphCLKConfig                0x0800118d   Thumb Code   224  stm32f1xx_hal_rcc_ex.o(i.HAL_RCCEx_PeriphCLKConfig)
    HAL_RCC_ClockConfig                      0x08001279   Thumb Code   280  stm32f1xx_hal_rcc.o(i.HAL_RCC_ClockConfig)
    HAL_RCC_GetClockConfig                   0x080013a5   Thumb Code    54  stm32f1xx_hal_rcc.o(i.HAL_RCC_GetClockConfig)
    HAL_RCC_GetPCLK1Freq                     0x080013e5   Thumb Code    20  stm32f1xx_hal_rcc.o(i.HAL_RCC_GetPCLK1Freq)
    HAL_RCC_GetPCLK2Freq                     0x08001405   Thumb Code    20  stm32f1xx_hal_rcc.o(i.HAL_RCC_GetPCLK2Freq)
    HAL_RCC_GetSysClockFreq                  0x08001425   Thumb Code    58  stm32f1xx_hal_rcc.o(i.HAL_RCC_GetSysClockFreq)
    HAL_RCC_OscConfig                        0x08001471   Thumb Code   778  stm32f1xx_hal_rcc.o(i.HAL_RCC_OscConfig)
    HAL_TIMEx_BreakCallback                  0x08001791   Thumb Code     2  stm32f1xx_hal_tim_ex.o(i.HAL_TIMEx_BreakCallback)
    HAL_TIMEx_CommutCallback                 0x08001793   Thumb Code     2  stm32f1xx_hal_tim_ex.o(i.HAL_TIMEx_CommutCallback)
    HAL_TIMEx_MasterConfigSynchronization    0x08001795   Thumb Code    92  stm32f1xx_hal_tim_ex.o(i.HAL_TIMEx_MasterConfigSynchronization)
    HAL_TIM_Base_Init                        0x080017fd   Thumb Code    90  stm32f1xx_hal_tim.o(i.HAL_TIM_Base_Init)
    HAL_TIM_Base_MspInit                     0x08001859   Thumb Code    94  tim.o(i.HAL_TIM_Base_MspInit)
    HAL_TIM_Base_Start                       0x080018c9   Thumb Code    66  stm32f1xx_hal_tim.o(i.HAL_TIM_Base_Start)
    HAL_TIM_Base_Start_IT                    0x08001919   Thumb Code    76  stm32f1xx_hal_tim.o(i.HAL_TIM_Base_Start_IT)
    HAL_TIM_Base_Stop                        0x08001971   Thumb Code    38  stm32f1xx_hal_tim.o(i.HAL_TIM_Base_Stop)
    HAL_TIM_Base_Stop_IT                     0x08001997   Thumb Code    48  stm32f1xx_hal_tim.o(i.HAL_TIM_Base_Stop_IT)
    HAL_TIM_ConfigClockSource                0x080019c7   Thumb Code   220  stm32f1xx_hal_tim.o(i.HAL_TIM_ConfigClockSource)
    HAL_TIM_IC_CaptureCallback               0x08001aa3   Thumb Code     2  stm32f1xx_hal_tim.o(i.HAL_TIM_IC_CaptureCallback)
    HAL_TIM_IRQHandler                       0x08001aa5   Thumb Code   304  stm32f1xx_hal_tim.o(i.HAL_TIM_IRQHandler)
    HAL_TIM_MspPostInit                      0x08001bd5   Thumb Code    78  tim.o(i.HAL_TIM_MspPostInit)
    HAL_TIM_OC_DelayElapsedCallback          0x08001c31   Thumb Code     2  stm32f1xx_hal_tim.o(i.HAL_TIM_OC_DelayElapsedCallback)
    HAL_TIM_PWM_ConfigChannel                0x08001c33   Thumb Code   204  stm32f1xx_hal_tim.o(i.HAL_TIM_PWM_ConfigChannel)
    HAL_TIM_PWM_Init                         0x08001cff   Thumb Code    90  stm32f1xx_hal_tim.o(i.HAL_TIM_PWM_Init)
    HAL_TIM_PWM_MspInit                      0x08001d59   Thumb Code     2  stm32f1xx_hal_tim.o(i.HAL_TIM_PWM_MspInit)
    HAL_TIM_PWM_PulseFinishedCallback        0x08001d5b   Thumb Code     2  stm32f1xx_hal_tim.o(i.HAL_TIM_PWM_PulseFinishedCallback)
    HAL_TIM_PWM_Start                        0x08001d5d   Thumb Code   144  stm32f1xx_hal_tim.o(i.HAL_TIM_PWM_Start)
    HAL_TIM_PeriodElapsedCallback            0x08001df9   Thumb Code    34  main.o(i.HAL_TIM_PeriodElapsedCallback)
    HAL_TIM_TriggerCallback                  0x08001e25   Thumb Code     2  stm32f1xx_hal_tim.o(i.HAL_TIM_TriggerCallback)
    HAL_UART_Init                            0x08001e27   Thumb Code   100  stm32f1xx_hal_uart.o(i.HAL_UART_Init)
    HAL_UART_MspInit                         0x08001e8d   Thumb Code   270  usart.o(i.HAL_UART_MspInit)
    HAL_UART_Receive                         0x08001fb5   Thumb Code   176  stm32f1xx_hal_uart.o(i.HAL_UART_Receive)
    HAL_UART_Transmit                        0x08002065   Thumb Code   160  stm32f1xx_hal_uart.o(i.HAL_UART_Transmit)
    HCSR04_Init                              0x08002105   Thumb Code    14  hc_sr04.o(i.HCSR04_Init)
    HC_start                                 0x08002115   Thumb Code    64  hc_sr04.o(i.HC_start)
    HardFault_Handler                        0x0800215d   Thumb Code     2  stm32f1xx_it.o(i.HardFault_Handler)
    MQTT_DeleteBuffer                        0x0800215f   Thumb Code    28  mqttkit.o(i.MQTT_DeleteBuffer)
    MQTT_DumpLength                          0x0800217d   Thumb Code    38  mqttkit.o(i.MQTT_DumpLength)
    MQTT_NewBuffer                           0x080021a3   Thumb Code    82  mqttkit.o(i.MQTT_NewBuffer)
    MQTT_PacketConnect                       0x080021f5   Thumb Code   618  mqttkit.o(i.MQTT_PacketConnect)
    MQTT_PacketPublish                       0x08002465   Thumb Code   264  mqttkit.o(i.MQTT_PacketPublish)
    MQTT_PacketSaveData                      0x0800256d   Thumb Code    38  mqttkit.o(i.MQTT_PacketSaveData)
    MQTT_ReadLength                          0x080025c1   Thumb Code    62  mqttkit.o(i.MQTT_ReadLength)
    MQTT_UnPacketConnectAck                  0x080025ff   Thumb Code    26  mqttkit.o(i.MQTT_UnPacketConnectAck)
    MQTT_UnPacketRecv                        0x08002619   Thumb Code    86  mqttkit.o(i.MQTT_UnPacketRecv)
    MX_ADC1_Init                             0x08002679   Thumb Code    70  adc.o(i.MX_ADC1_Init)
    MX_FREERTOS_Init                         0x080026c9   Thumb Code   266  freertos.o(i.MX_FREERTOS_Init)
    MX_GPIO_Init                             0x080027dd   Thumb Code   198  gpio.o(i.MX_GPIO_Init)
    MX_TIM1_Init                             0x080028b1   Thumb Code    96  tim.o(i.MX_TIM1_Init)
    MX_TIM3_Init                             0x08002919   Thumb Code    96  tim.o(i.MX_TIM3_Init)
    MX_TIM4_Init                             0x08002981   Thumb Code   146  tim.o(i.MX_TIM4_Init)
    MX_USART1_UART_Init                      0x08002a1d   Thumb Code    48  usart.o(i.MX_USART1_UART_Init)
    MX_USART2_UART_Init                      0x08002a55   Thumb Code    48  usart.o(i.MX_USART2_UART_Init)
    MX_USART3_UART_Init                      0x08002a8d   Thumb Code    48  usart.o(i.MX_USART3_UART_Init)
    MemManage_Handler                        0x08002ac5   Thumb Code     2  stm32f1xx_it.o(i.MemManage_Handler)
    MqttOnenet_Savedata                      0x08002ac9   Thumb Code    52  onenet.o(i.MqttOnenet_Savedata)
    NMI_Handler                              0x08002b41   Thumb Code     2  stm32f1xx_it.o(i.NMI_Handler)
    OLED_Clear                               0x08002b43   Thumb Code    38  oled.o(i.OLED_Clear)
    OLED_I2C_Init                            0x08002b69   Thumb Code    32  oled.o(i.OLED_I2C_Init)
    OLED_I2C_SendByte                        0x08002b8d   Thumb Code    78  oled.o(i.OLED_I2C_SendByte)
    OLED_I2C_Start                           0x08002be1   Thumb Code    48  oled.o(i.OLED_I2C_Start)
    OLED_I2C_Stop                            0x08002c15   Thumb Code    38  oled.o(i.OLED_I2C_Stop)
    OLED_Init                                0x08002c41   Thumb Code   172  oled.o(i.OLED_Init)
    OLED_Pow                                 0x08002ced   Thumb Code    14  oled.o(i.OLED_Pow)
    OLED_SetCursor                           0x08002cfb   Thumb Code    34  oled.o(i.OLED_SetCursor)
    OLED_ShowChar                            0x08002d1d   Thumb Code    98  oled.o(i.OLED_ShowChar)
    OLED_ShowChineseWord                     0x08002d85   Thumb Code    84  oled.o(i.OLED_ShowChineseWord)
    OLED_ShowNum                             0x08002ddd   Thumb Code    66  oled.o(i.OLED_ShowNum)
    OLED_ShowString                          0x08002e1f   Thumb Code    38  oled.o(i.OLED_ShowString)
    OLED_Show_Init                           0x08002e45   Thumb Code   110  oled.o(i.OLED_Show_Init)
    OLED_WriteCommand                        0x08002eb3   Thumb Code    34  oled.o(i.OLED_WriteCommand)
    OLED_WriteData                           0x08002ed5   Thumb Code    34  oled.o(i.OLED_WriteData)
    OneNet_DevLink                           0x08002ef9   Thumb Code    96  onenet.o(i.OneNet_DevLink)
    OneNet_SendData                          0x08002f71   Thumb Code   100  onenet.o(i.OneNet_SendData)
    StartBtnMode                             0x08002fdd   Thumb Code    98  freertos.o(i.StartBtnMode)
    StartInfrared_Check                      0x08003045   Thumb Code    58  freertos.o(i.StartInfrared_Check)
    StartMeasure                             0x08003085   Thumb Code    80  freertos.o(i.StartMeasure)
    StartMode_switch                         0x080030d9   Thumb Code    62  freertos.o(i.StartMode_switch)
    StartOledShow                            0x0800311d   Thumb Code   218  freertos.o(i.StartOledShow)
    StartRemoteMode                          0x08003209   Thumb Code   144  freertos.o(i.StartRemoteMode)
    StartSmartMode                           0x0800329d   Thumb Code    62  freertos.o(i.StartSmartMode)
    StartTimCnt                              0x080032e1   Thumb Code    58  freertos.o(i.StartTimCnt)
    StartUpload                              0x08003321   Thumb Code    40  freertos.o(i.StartUpload)
    SysTick_Handler                          0x0800335d   Thumb Code    38  port.o(i.SysTick_Handler)
    SystemClock_Config                       0x08003389   Thumb Code   120  main.o(i.SystemClock_Config)
    SystemInit                               0x08003401   Thumb Code     2  system_stm32f1xx.o(i.SystemInit)
    TIM2_IRQHandler                          0x08003405   Thumb Code     6  stm32f1xx_it.o(i.TIM2_IRQHandler)
    TIM3_IRQHandler                          0x08003411   Thumb Code     6  stm32f1xx_it.o(i.TIM3_IRQHandler)
    TIM_Base_SetConfig                       0x0800341d   Thumb Code   108  stm32f1xx_hal_tim.o(i.TIM_Base_SetConfig)
    TIM_CCxChannelCmd                        0x08003495   Thumb Code    26  stm32f1xx_hal_tim.o(i.TIM_CCxChannelCmd)
    TIM_ETR_SetConfig                        0x080034af   Thumb Code    20  stm32f1xx_hal_tim.o(i.TIM_ETR_SetConfig)
    TIM_OC2_SetConfig                        0x08003525   Thumb Code    84  stm32f1xx_hal_tim.o(i.TIM_OC2_SetConfig)
    USART2_IRQHandler                        0x080037d9   Thumb Code    88  bluetooth.o(i.USART2_IRQHandler)
    USART3_IRQHandler                        0x08003855   Thumb Code    54  esp8266.o(i.USART3_IRQHandler)
    UsageFault_Handler                       0x08003899   Thumb Code     2  stm32f1xx_it.o(i.UsageFault_Handler)
    __0printf$8                              0x0800389d   Thumb Code    22  printf8.o(i.__0printf$8)
    __1printf$8                              0x0800389d   Thumb Code     0  printf8.o(i.__0printf$8)
    __2printf                                0x0800389d   Thumb Code     0  printf8.o(i.__0printf$8)
    __0sprintf$8                             0x080038bd   Thumb Code    34  printf8.o(i.__0sprintf$8)
    __1sprintf$8                             0x080038bd   Thumb Code     0  printf8.o(i.__0sprintf$8)
    __2sprintf                               0x080038bd   Thumb Code     0  printf8.o(i.__0sprintf$8)
    __scatterload_copy                       0x08003905   Thumb Code    14  handlers.o(i.__scatterload_copy)
    __scatterload_null                       0x08003913   Thumb Code     2  handlers.o(i.__scatterload_null)
    __scatterload_zeroinit                   0x08003915   Thumb Code    14  handlers.o(i.__scatterload_zeroinit)
    beep_init                                0x08003d85   Thumb Code     4  beep.o(i.beep_init)
    beep_off                                 0x08003d89   Thumb Code    10  beep.o(i.beep_off)
    beep_on                                  0x08003d99   Thumb Code    12  beep.o(i.beep_on)
    bt_rx_getCmd                             0x08003da9   Thumb Code    10  bluetooth.o(i.bt_rx_getCmd)
    fputc                                    0x08003db9   Thumb Code    26  usart.o(i.fputc)
    free                                     0x08003dd9   Thumb Code    76  malloc.o(i.free)
    get_distance                             0x08003e29   Thumb Code    80  hc_sr04.o(i.get_distance)
    get_lamp_brightness                      0x08003e8d   Thumb Code     6  lamps.o(i.get_lamp_brightness)
    ia_flag_get                              0x08003e99   Thumb Code    22  infrared_sensor.o(i.ia_flag_get)
    ia_init                                  0x08003eb5   Thumb Code     2  infrared_sensor.o(i.ia_init)
    key_check                                0x08003eb9   Thumb Code   168  key.o(i.key_check)
    key_init                                 0x08003f69   Thumb Code     2  key.o(i.key_init)
    lamp_Init                                0x08003f6d   Thumb Code    18  lamps.o(i.lamp_Init)
    lamp_Middle                              0x08003f85   Thumb Code    16  lamps.o(i.lamp_Middle)
    lamp_high                                0x08003f9d   Thumb Code    16  lamps.o(i.lamp_high)
    lamp_low                                 0x08003fb5   Thumb Code    16  lamps.o(i.lamp_low)
    lamp_off                                 0x08003fcd   Thumb Code    14  lamps.o(i.lamp_off)
    light_Sensor_getValue                    0x08003fe5   Thumb Code    18  light_sensor.o(i.light_Sensor_getValue)
    light_Sensor_init                        0x08003ff7   Thumb Code     4  light_sensor.o(i.light_Sensor_init)
    main                                     0x08003ffd   Thumb Code   118  main.o(i.main)
    malloc                                   0x080040bd   Thumb Code    92  malloc.o(i.malloc)
    osDelay                                  0x08004129   Thumb Code    14  cmsis_os.o(i.osDelay)
    osKernelStart                            0x08004137   Thumb Code    10  cmsis_os.o(i.osKernelStart)
    osMessageCreate                          0x08004141   Thumb Code    38  cmsis_os.o(i.osMessageCreate)
    osMutexCreate                            0x08004167   Thumb Code    16  cmsis_os.o(i.osMutexCreate)
    osThreadCreate                           0x08004177   Thumb Code    84  cmsis_os.o(i.osThreadCreate)
    osTimerCreate                            0x080041cd   Thumb Code    60  cmsis_os.o(i.osTimerCreate)
    pvPortMalloc                             0x080049e9   Thumb Code   216  heap_4.o(i.pvPortMalloc)
    pvTaskIncrementMutexHeldCount            0x08004ac5   Thumb Code    18  tasks.o(i.pvTaskIncrementMutexHeldCount)
    pxPortInitialiseStack                    0x08004add   Thumb Code    32  port.o(i.pxPortInitialiseStack)
    sendString_toEsp8266                     0x08004b01   Thumb Code    30  esp8266.o(i.sendString_toEsp8266)
    serial3_sendByte                         0x08004b21   Thumb Code    16  esp8266.o(i.serial3_sendByte)
    sit_time_get                             0x08004b35   Thumb Code     6  tim.o(i.sit_time_get)
    sit_time_set                             0x08004b41   Thumb Code     6  tim.o(i.sit_time_set)
    timer1_start                             0x08004b4d   Thumb Code     6  tim.o(i.timer1_start)
    timer1_stop                              0x08004b59   Thumb Code     6  tim.o(i.timer1_stop)
    timer3_start                             0x08004b65   Thumb Code    26  tim.o(i.timer3_start)
    timer3_stop                              0x08004b89   Thumb Code    16  tim.o(i.timer3_stop)
    timer3_toggle                            0x08004ba1   Thumb Code    14  tim.o(i.timer3_toggle)
    uxListRemove                             0x08004bb5   Thumb Code    38  list.o(i.uxListRemove)
    vApplicationGetIdleTaskMemory            0x08004bdd   Thumb Code    16  freertos.o(i.vApplicationGetIdleTaskMemory)
    vApplicationGetTimerTaskMemory           0x08004bf1   Thumb Code    18  freertos.o(i.vApplicationGetTimerTaskMemory)
    vListInitialise                          0x08004c09   Thumb Code    22  list.o(i.vListInitialise)
    vListInitialiseItem                      0x08004c1f   Thumb Code     6  list.o(i.vListInitialiseItem)
    vListInsert                              0x08004c25   Thumb Code    48  list.o(i.vListInsert)
    vListInsertEnd                           0x08004c55   Thumb Code    24  list.o(i.vListInsertEnd)
    vPortEnterCritical                       0x08004c6d   Thumb Code    54  port.o(i.vPortEnterCritical)
    vPortExitCritical                        0x08004cad   Thumb Code    34  port.o(i.vPortExitCritical)
    vPortFree                                0x08004cd5   Thumb Code    94  heap_4.o(i.vPortFree)
    vPortSetupTimerInterrupt                 0x08004d39   Thumb Code    32  port.o(i.vPortSetupTimerInterrupt)
    vPortValidateInterruptPriority           0x08004d5d   Thumb Code    74  port.o(i.vPortValidateInterruptPriority)
    vQueueAddToRegistry                      0x08004db1   Thumb Code    34  queue.o(i.vQueueAddToRegistry)
    vQueueWaitForMessageRestricted           0x08004dd9   Thumb Code    68  queue.o(i.vQueueWaitForMessageRestricted)
    vTaskDelay                               0x08004e1d   Thumb Code    66  tasks.o(i.vTaskDelay)
    vTaskInternalSetTimeOutState             0x08004e69   Thumb Code    12  tasks.o(i.vTaskInternalSetTimeOutState)
    vTaskMissedYield                         0x08004e79   Thumb Code     8  tasks.o(i.vTaskMissedYield)
    vTaskPlaceOnEventList                    0x08004e85   Thumb Code    44  tasks.o(i.vTaskPlaceOnEventList)
    vTaskPlaceOnEventListRestricted          0x08004eb5   Thumb Code    52  tasks.o(i.vTaskPlaceOnEventListRestricted)
    vTaskPriorityDisinheritAfterTimeout      0x08004eed   Thumb Code   152  tasks.o(i.vTaskPriorityDisinheritAfterTimeout)
    vTaskStartScheduler                      0x08004f8d   Thumb Code   118  tasks.o(i.vTaskStartScheduler)
    vTaskSuspendAll                          0x08005015   Thumb Code    10  tasks.o(i.vTaskSuspendAll)
    vTaskSwitchContext                       0x08005025   Thumb Code    82  tasks.o(i.vTaskSwitchContext)
    xPortStartScheduler                      0x08005081   Thumb Code   154  port.o(i.xPortStartScheduler)
    xQueueCreateMutex                        0x08005129   Thumb Code    22  queue.o(i.xQueueCreateMutex)
    xQueueCreateMutexStatic                  0x0800513f   Thumb Code    26  queue.o(i.xQueueCreateMutexStatic)
    xQueueGenericCreate                      0x08005159   Thumb Code    66  queue.o(i.xQueueGenericCreate)
    xQueueGenericCreateStatic                0x0800519b   Thumb Code   102  queue.o(i.xQueueGenericCreateStatic)
    xQueueGenericReset                       0x08005201   Thumb Code   132  queue.o(i.xQueueGenericReset)
    xQueueGenericSend                        0x08005289   Thumb Code   346  queue.o(i.xQueueGenericSend)
    xQueueGenericSendFromISR                 0x080053e9   Thumb Code   190  queue.o(i.xQueueGenericSendFromISR)
    xQueueReceive                            0x080054a9   Thumb Code   308  queue.o(i.xQueueReceive)
    xQueueSemaphoreTake                      0x080055e1   Thumb Code   372  queue.o(i.xQueueSemaphoreTake)
    xTaskCheckForTimeOut                     0x08005759   Thumb Code   112  tasks.o(i.xTaskCheckForTimeOut)
    xTaskCreate                              0x080057cd   Thumb Code    90  tasks.o(i.xTaskCreate)
    xTaskCreateStatic                        0x08005827   Thumb Code    86  tasks.o(i.xTaskCreateStatic)
    xTaskGetSchedulerState                   0x0800587d   Thumb Code    22  tasks.o(i.xTaskGetSchedulerState)
    xTaskGetTickCount                        0x08005899   Thumb Code     6  tasks.o(i.xTaskGetTickCount)
    xTaskIncrementTick                       0x080058a5   Thumb Code   194  tasks.o(i.xTaskIncrementTick)
    xTaskPriorityDisinherit                  0x08005971   Thumb Code   144  tasks.o(i.xTaskPriorityDisinherit)
    xTaskPriorityInherit                     0x08005a09   Thumb Code   130  tasks.o(i.xTaskPriorityInherit)
    xTaskRemoveFromEventList                 0x08005a95   Thumb Code   108  tasks.o(i.xTaskRemoveFromEventList)
    xTaskResumeAll                           0x08005b09   Thumb Code   182  tasks.o(i.xTaskResumeAll)
    xTimerCreate                             0x08005bcd   Thumb Code    52  timers.o(i.xTimerCreate)
    xTimerCreateStatic                       0x08005c01   Thumb Code    46  timers.o(i.xTimerCreateStatic)
    xTimerCreateTimerTask                    0x08005c31   Thumb Code    78  timers.o(i.xTimerCreateTimerTask)
    xTimerGenericCommand                     0x08005c91   Thumb Code    92  timers.o(i.xTimerGenericCommand)
    OLED_Chinese_F16x16                      0x08005cf0   Data         608  oled.o(.constdata)
    OLED_F8x16                               0x08005f50   Data        1520  oled.o(.constdata)
    AHBPrescTable                            0x08006678   Data          16  system_stm32f1xx.o(.constdata)
    APBPrescTable                            0x08006688   Data           8  system_stm32f1xx.o(.constdata)
    Region$$Table$$Base                      0x08006770   Number         0  anon$$obj.o(Region$$Table)
    Region$$Table$$Limit                     0x08006790   Number         0  anon$$obj.o(Region$$Table)
    lamp_brightness                          0x20000000   Data           1  lamps.o(.data)
    command                                  0x20000001   Data           1  bluetooth.o(.data)
    distance                                 0x20000008   Data           8  hc_sr04.o(.data)
    esp8266_cnt                              0x20000014   Data           2  esp8266.o(.data)
    esp8266_cntPre                           0x20000016   Data           2  esp8266.o(.data)
    person_flag                              0x20000018   Data           1  freertos.o(.data)
    measure_enable                           0x20000019   Data           1  freertos.o(.data)
    beep_switch                              0x2000001a   Data           1  freertos.o(.data)
    key_num                                  0x2000001b   Data           1  freertos.o(.data)
    lamp_mode                                0x2000001c   Data           1  freertos.o(.data)
    light_upload                             0x20000020   Data           4  freertos.o(.data)
    Infrared_CheckHandle                     0x20000024   Data           4  freertos.o(.data)
    Mode_switchHandle                        0x20000028   Data           4  freertos.o(.data)
    SmartModeHandle                          0x2000002c   Data           4  freertos.o(.data)
    BtnModeHandle                            0x20000030   Data           4  freertos.o(.data)
    RemoteModeHandle                         0x20000034   Data           4  freertos.o(.data)
    TimCntHandle                             0x20000038   Data           4  freertos.o(.data)
    OledShowHandle                           0x2000003c   Data           4  freertos.o(.data)
    MeasureHandle                            0x20000040   Data           4  freertos.o(.data)
    UploadHandle                             0x20000044   Data           4  freertos.o(.data)
    myQueueHandle                            0x20000048   Data           4  freertos.o(.data)
    myTimerHandle                            0x2000004c   Data           4  freertos.o(.data)
    myMutexHandle                            0x20000050   Data           4  freertos.o(.data)
    timer_running                            0x20000054   Data           1  tim.o(.data)
    sit_time                                 0x20000058   Data           4  tim.o(.data)
    uwTickFreq                               0x2000005c   Data           1  stm32f1xx_hal.o(.data)
    uwTickPrio                               0x20000060   Data           4  stm32f1xx_hal.o(.data)
    uwTick                                   0x20000064   Data           4  stm32f1xx_hal.o(.data)
    SystemCoreClock                          0x20000068   Data           4  system_stm32f1xx.o(.data)
    pxCurrentTCB                             0x2000006c   Data           4  tasks.o(.data)
    __stdout                                 0x200000e8   Data           4  stdout.o(.data)
    __microlib_freelist                      0x200000ec   Data           4  mvars.o(.data)
    __microlib_freelist_initialised          0x200000f0   Data           4  mvars.o(.data)
    Rx2Buf                                   0x200000f4   Data         128  bluetooth.o(.bss)
    esp8266_buf                              0x20000174   Data         128  esp8266.o(.bss)
    hadc1                                    0x2000089c   Data          48  adc.o(.bss)
    htim1                                    0x200008cc   Data          72  tim.o(.bss)
    htim3                                    0x20000914   Data          72  tim.o(.bss)
    htim4                                    0x2000095c   Data          72  tim.o(.bss)
    huart1                                   0x200009a4   Data          72  usart.o(.bss)
    huart2                                   0x200009ec   Data          72  usart.o(.bss)
    huart3                                   0x20000a34   Data          72  usart.o(.bss)
    htim2                                    0x20000a7c   Data          72  stm32f1xx_hal_timebase_tim.o(.bss)
    xQueueRegistry                           0x20000ac4   Data          64  queue.o(.bss)
    __heap_base                              0x200024a0   Data           0  startup_stm32f103xb.o(HEAP)
    __heap_limit                             0x200026a0   Data           0  startup_stm32f103xb.o(HEAP)
    __initial_sp                             0x20002aa0   Data           0  startup_stm32f103xb.o(STACK)



==============================================================================

Memory Map of the image

  Image Entry point : 0x080000ed

  Load Region LR_IROM1 (Base: 0x08000000, Size: 0x00006884, Max: 0x00010000, ABSOLUTE)

    Execution Region ER_IROM1 (Exec base: 0x08000000, Load base: 0x08000000, Size: 0x00006790, Max: 0x00010000, ABSOLUTE)

    Exec Addr    Load Addr    Size         Type   Attr      Idx    E Section Name        Object

    0x08000000   0x08000000   0x000000ec   Data   RO            3    RESET               startup_stm32f103xb.o
    0x080000ec   0x080000ec   0x00000000   Code   RO         5498  * .ARM.Collect$$$$00000000  mc_w.l(entry.o)
    0x080000ec   0x080000ec   0x00000004   Code   RO         5818    .ARM.Collect$$$$00000001  mc_w.l(entry2.o)
    0x080000f0   0x080000f0   0x00000004   Code   RO         5821    .ARM.Collect$$$$00000004  mc_w.l(entry5.o)
    0x080000f4   0x080000f4   0x00000000   Code   RO         5823    .ARM.Collect$$$$00000008  mc_w.l(entry7b.o)
    0x080000f4   0x080000f4   0x00000000   Code   RO         5825    .ARM.Collect$$$$0000000A  mc_w.l(entry8b.o)
    0x080000f4   0x080000f4   0x00000008   Code   RO         5826    .ARM.Collect$$$$0000000B  mc_w.l(entry9a.o)
    0x080000fc   0x080000fc   0x00000004   Code   RO         5833    .ARM.Collect$$$$0000000E  mc_w.l(entry12b.o)
    0x08000100   0x08000100   0x00000000   Code   RO         5828    .ARM.Collect$$$$0000000F  mc_w.l(entry10a.o)
    0x08000100   0x08000100   0x00000000   Code   RO         5830    .ARM.Collect$$$$00000011  mc_w.l(entry11a.o)
    0x08000100   0x08000100   0x00000004   Code   RO         5819    .ARM.Collect$$$$00002712  mc_w.l(entry2.o)
    0x08000104   0x08000104   0x00000096   Code   RO         5421    .emb_text           port.o
    0x0800019a   0x0800019a   0x00000002   PAD
    0x0800019c   0x0800019c   0x00000024   Code   RO            4    .text               startup_stm32f103xb.o
    0x080001c0   0x080001c0   0x00000020   Code   RO         5501    .text               mc_w.l(llushr.o)
    0x080001e0   0x080001e0   0x00000024   Code   RO         5503    .text               mc_w.l(memcpya.o)
    0x08000204   0x08000204   0x00000024   Code   RO         5507    .text               mc_w.l(memseta.o)
    0x08000228   0x08000228   0x00000024   Code   RO         5509    .text               mc_w.l(strstr.o)
    0x0800024c   0x0800024c   0x00000014   Code   RO         5511    .text               mc_w.l(strchr.o)
    0x08000260   0x08000260   0x0000000e   Code   RO         5513    .text               mc_w.l(strlen.o)
    0x0800026e   0x0800026e   0x00000028   Code   RO         5515    .text               mc_w.l(strncat.o)
    0x08000296   0x08000296   0x000000e4   Code   RO         5810    .text               mf_w.l(dmul.o)
    0x0800037a   0x0800037a   0x0000002e   Code   RO         5812    .text               mf_w.l(dscalb.o)
    0x080003a8   0x080003a8   0x0000001a   Code   RO         5814    .text               mf_w.l(dfltui.o)
    0x080003c2   0x080003c2   0x00000032   Code   RO         5816    .text               mf_w.l(dfixui.o)
    0x080003f4   0x080003f4   0x00000062   Code   RO         5837    .text               mc_w.l(uldiv.o)
    0x08000456   0x08000456   0x00000000   Code   RO         5850    .text               mc_w.l(iusefp.o)
    0x08000456   0x08000456   0x000000ba   Code   RO         5851    .text               mf_w.l(depilogue.o)
    0x08000510   0x08000510   0x00000024   Code   RO         5861    .text               mc_w.l(init.o)
    0x08000534   0x08000534   0x0000001e   Code   RO         5863    .text               mc_w.l(llshl.o)
    0x08000552   0x08000552   0x00000002   PAD
    0x08000554   0x08000554   0x00000056   Code   RO         1447    i.ADC_ConversionStop_Disable  stm32f1xx_hal_adc.o
    0x080005aa   0x080005aa   0x00000002   PAD
    0x080005ac   0x080005ac   0x0000007c   Code   RO         1451    i.ADC_Enable        stm32f1xx_hal_adc.o
    0x08000628   0x08000628   0x0000000e   Code   RO          420    i.AD_channelConfig  light_sensor.o
    0x08000636   0x08000636   0x00000002   PAD
    0x08000638   0x08000638   0x0000002c   Code   RO          421    i.AD_getValue       light_sensor.o
    0x08000664   0x08000664   0x00000024   Code   RO          309    i.BlueTooth_Init    bluetooth.o
    0x08000688   0x08000688   0x00000002   Code   RO         1278    i.BusFault_Handler  stm32f1xx_it.o
    0x0800068a   0x0800068a   0x00000002   PAD
    0x0800068c   0x0800068c   0x00000034   Code   RO          972    i.Callback          freertos.o
    0x080006c0   0x080006c0   0x00000002   Code   RO         1279    i.DebugMon_Handler  stm32f1xx_it.o
    0x080006c2   0x080006c2   0x00000002   PAD
    0x080006c4   0x080006c4   0x0000001c   Code   RO          578    i.ESP8266_Clear     esp8266.o
    0x080006e0   0x080006e0   0x00000040   Code   RO          579    i.ESP8266_GetIPD    esp8266.o
    0x08000720   0x08000720   0x000000f0   Code   RO          580    i.ESP8266_Init      esp8266.o
    0x08000810   0x08000810   0x00000044   Code   RO          581    i.ESP8266_SendCmd   esp8266.o
    0x08000854   0x08000854   0x00000044   Code   RO          582    i.ESP8266_SendData  esp8266.o
    0x08000898   0x08000898   0x00000020   Code   RO          583    i.ESP8266_WaitRecive  esp8266.o
    0x080008b8   0x080008b8   0x00000004   Code   RO          873    i.Error_Handler     main.o
    0x080008bc   0x080008bc   0x000000fc   Code   RO         1453    i.HAL_ADC_ConfigChannel  stm32f1xx_hal_adc.o
    0x080009b8   0x080009b8   0x00000006   Code   RO         1460    i.HAL_ADC_GetValue  stm32f1xx_hal_adc.o
    0x080009be   0x080009be   0x00000002   PAD
    0x080009c0   0x080009c0   0x0000011c   Code   RO         1462    i.HAL_ADC_Init      stm32f1xx_hal_adc.o
    0x08000adc   0x08000adc   0x00000058   Code   RO         1075    i.HAL_ADC_MspInit   adc.o
    0x08000b34   0x08000b34   0x0000013c   Code   RO         1466    i.HAL_ADC_PollForConversion  stm32f1xx_hal_adc.o
    0x08000c70   0x08000c70   0x000000c0   Code   RO         1468    i.HAL_ADC_Start     stm32f1xx_hal_adc.o
    0x08000d30   0x08000d30   0x00000024   Code   RO         1730    i.HAL_Delay         stm32f1xx_hal.o
    0x08000d54   0x08000d54   0x000001e0   Code   RO         2040    i.HAL_GPIO_Init     stm32f1xx_hal_gpio.o
    0x08000f34   0x08000f34   0x0000000a   Code   RO         2042    i.HAL_GPIO_ReadPin  stm32f1xx_hal_gpio.o
    0x08000f3e   0x08000f3e   0x0000000a   Code   RO         2044    i.HAL_GPIO_WritePin  stm32f1xx_hal_gpio.o
    0x08000f48   0x08000f48   0x0000000c   Code   RO         1734    i.HAL_GetTick       stm32f1xx_hal.o
    0x08000f54   0x08000f54   0x00000010   Code   RO         1740    i.HAL_IncTick       stm32f1xx_hal.o
    0x08000f64   0x08000f64   0x00000024   Code   RO         1741    i.HAL_Init          stm32f1xx_hal.o
    0x08000f88   0x08000f88   0x00000098   Code   RO         1372    i.HAL_InitTick      stm32f1xx_hal_timebase_tim.o
    0x08001020   0x08001020   0x00000048   Code   RO         1348    i.HAL_MspInit       stm32f1xx_hal_msp.o
    0x08001068   0x08001068   0x0000001a   Code   RO         2200    i.HAL_NVIC_EnableIRQ  stm32f1xx_hal_cortex.o
    0x08001082   0x08001082   0x00000002   PAD
    0x08001084   0x08001084   0x00000040   Code   RO         2206    i.HAL_NVIC_SetPriority  stm32f1xx_hal_cortex.o
    0x080010c4   0x080010c4   0x00000024   Code   RO         2207    i.HAL_NVIC_SetPriorityGrouping  stm32f1xx_hal_cortex.o
    0x080010e8   0x080010e8   0x000000a4   Code   RO         2001    i.HAL_RCCEx_GetPeriphCLKFreq  stm32f1xx_hal_rcc_ex.o
    0x0800118c   0x0800118c   0x000000ec   Code   RO         2002    i.HAL_RCCEx_PeriphCLKConfig  stm32f1xx_hal_rcc_ex.o
    0x08001278   0x08001278   0x0000012c   Code   RO         1898    i.HAL_RCC_ClockConfig  stm32f1xx_hal_rcc.o
    0x080013a4   0x080013a4   0x00000040   Code   RO         1902    i.HAL_RCC_GetClockConfig  stm32f1xx_hal_rcc.o
    0x080013e4   0x080013e4   0x00000020   Code   RO         1905    i.HAL_RCC_GetPCLK1Freq  stm32f1xx_hal_rcc.o
    0x08001404   0x08001404   0x00000020   Code   RO         1906    i.HAL_RCC_GetPCLK2Freq  stm32f1xx_hal_rcc.o
    0x08001424   0x08001424   0x0000004c   Code   RO         1907    i.HAL_RCC_GetSysClockFreq  stm32f1xx_hal_rcc.o
    0x08001470   0x08001470   0x00000320   Code   RO         1910    i.HAL_RCC_OscConfig  stm32f1xx_hal_rcc.o
    0x08001790   0x08001790   0x00000002   Code   RO         3406    i.HAL_TIMEx_BreakCallback  stm32f1xx_hal_tim_ex.o
    0x08001792   0x08001792   0x00000002   Code   RO         3407    i.HAL_TIMEx_CommutCallback  stm32f1xx_hal_tim_ex.o
    0x08001794   0x08001794   0x00000068   Code   RO         3425    i.HAL_TIMEx_MasterConfigSynchronization  stm32f1xx_hal_tim_ex.o
    0x080017fc   0x080017fc   0x0000005a   Code   RO         2702    i.HAL_TIM_Base_Init  stm32f1xx_hal_tim.o
    0x08001856   0x08001856   0x00000002   PAD
    0x08001858   0x08001858   0x00000070   Code   RO         1117    i.HAL_TIM_Base_MspInit  tim.o
    0x080018c8   0x080018c8   0x00000050   Code   RO         2705    i.HAL_TIM_Base_Start  stm32f1xx_hal_tim.o
    0x08001918   0x08001918   0x00000058   Code   RO         2707    i.HAL_TIM_Base_Start_IT  stm32f1xx_hal_tim.o
    0x08001970   0x08001970   0x00000026   Code   RO         2708    i.HAL_TIM_Base_Stop  stm32f1xx_hal_tim.o
    0x08001996   0x08001996   0x00000030   Code   RO         2710    i.HAL_TIM_Base_Stop_IT  stm32f1xx_hal_tim.o
    0x080019c6   0x080019c6   0x000000dc   Code   RO         2711    i.HAL_TIM_ConfigClockSource  stm32f1xx_hal_tim.o
    0x08001aa2   0x08001aa2   0x00000002   Code   RO         2736    i.HAL_TIM_IC_CaptureCallback  stm32f1xx_hal_tim.o
    0x08001aa4   0x08001aa4   0x00000130   Code   RO         2750    i.HAL_TIM_IRQHandler  stm32f1xx_hal_tim.o
    0x08001bd4   0x08001bd4   0x0000005c   Code   RO         1118    i.HAL_TIM_MspPostInit  tim.o
    0x08001c30   0x08001c30   0x00000002   Code   RO         2753    i.HAL_TIM_OC_DelayElapsedCallback  stm32f1xx_hal_tim.o
    0x08001c32   0x08001c32   0x000000cc   Code   RO         2774    i.HAL_TIM_PWM_ConfigChannel  stm32f1xx_hal_tim.o
    0x08001cfe   0x08001cfe   0x0000005a   Code   RO         2777    i.HAL_TIM_PWM_Init  stm32f1xx_hal_tim.o
    0x08001d58   0x08001d58   0x00000002   Code   RO         2779    i.HAL_TIM_PWM_MspInit  stm32f1xx_hal_tim.o
    0x08001d5a   0x08001d5a   0x00000002   Code   RO         2780    i.HAL_TIM_PWM_PulseFinishedCallback  stm32f1xx_hal_tim.o
    0x08001d5c   0x08001d5c   0x0000009c   Code   RO         2782    i.HAL_TIM_PWM_Start  stm32f1xx_hal_tim.o
    0x08001df8   0x08001df8   0x0000002c   Code   RO          874    i.HAL_TIM_PeriodElapsedCallback  main.o
    0x08001e24   0x08001e24   0x00000002   Code   RO         2793    i.HAL_TIM_TriggerCallback  stm32f1xx_hal_tim.o
    0x08001e26   0x08001e26   0x00000064   Code   RO         3703    i.HAL_UART_Init     stm32f1xx_hal_uart.o
    0x08001e8a   0x08001e8a   0x00000002   PAD
    0x08001e8c   0x08001e8c   0x00000128   Code   RO         1219    i.HAL_UART_MspInit  usart.o
    0x08001fb4   0x08001fb4   0x000000b0   Code   RO         3706    i.HAL_UART_Receive  stm32f1xx_hal_uart.o
    0x08002064   0x08002064   0x000000a0   Code   RO         3711    i.HAL_UART_Transmit  stm32f1xx_hal_uart.o
    0x08002104   0x08002104   0x0000000e   Code   RO          378    i.HCSR04_Init       hc_sr04.o
    0x08002112   0x08002112   0x00000002   PAD
    0x08002114   0x08002114   0x00000048   Code   RO          379    i.HC_start          hc_sr04.o
    0x0800215c   0x0800215c   0x00000002   Code   RO         1280    i.HardFault_Handler  stm32f1xx_it.o
    0x0800215e   0x0800215e   0x0000001c   Code   RO          709    i.MQTT_DeleteBuffer  mqttkit.o
    0x0800217a   0x0800217a   0x00000002   PAD
    0x0800217c   0x0800217c   0x00000026   Code   RO          710    i.MQTT_DumpLength   mqttkit.o
    0x080021a2   0x080021a2   0x00000052   Code   RO          711    i.MQTT_NewBuffer    mqttkit.o
    0x080021f4   0x080021f4   0x00000270   Code   RO          713    i.MQTT_PacketConnect  mqttkit.o
    0x08002464   0x08002464   0x00000108   Code   RO          714    i.MQTT_PacketPublish  mqttkit.o
    0x0800256c   0x0800256c   0x00000054   Code   RO          715    i.MQTT_PacketSaveData  mqttkit.o
    0x080025c0   0x080025c0   0x0000003e   Code   RO          716    i.MQTT_ReadLength   mqttkit.o
    0x080025fe   0x080025fe   0x0000001a   Code   RO          718    i.MQTT_UnPacketConnectAck  mqttkit.o
    0x08002618   0x08002618   0x00000060   Code   RO          721    i.MQTT_UnPacketRecv  mqttkit.o
    0x08002678   0x08002678   0x00000050   Code   RO         1076    i.MX_ADC1_Init      adc.o
    0x080026c8   0x080026c8   0x00000114   Code   RO          973    i.MX_FREERTOS_Init  freertos.o
    0x080027dc   0x080027dc   0x000000d4   Code   RO          948    i.MX_GPIO_Init      gpio.o
    0x080028b0   0x080028b0   0x00000068   Code   RO         1119    i.MX_TIM1_Init      tim.o
    0x08002918   0x08002918   0x00000068   Code   RO         1120    i.MX_TIM3_Init      tim.o
    0x08002980   0x08002980   0x0000009c   Code   RO         1121    i.MX_TIM4_Init      tim.o
    0x08002a1c   0x08002a1c   0x00000038   Code   RO         1220    i.MX_USART1_UART_Init  usart.o
    0x08002a54   0x08002a54   0x00000038   Code   RO         1221    i.MX_USART2_UART_Init  usart.o
    0x08002a8c   0x08002a8c   0x00000038   Code   RO         1222    i.MX_USART3_UART_Init  usart.o
    0x08002ac4   0x08002ac4   0x00000002   Code   RO         1281    i.MemManage_Handler  stm32f1xx_it.o
    0x08002ac6   0x08002ac6   0x00000002   PAD
    0x08002ac8   0x08002ac8   0x00000078   Code   RO          819    i.MqttOnenet_Savedata  onenet.o
    0x08002b40   0x08002b40   0x00000002   Code   RO         1282    i.NMI_Handler       stm32f1xx_it.o
    0x08002b42   0x08002b42   0x00000026   Code   RO          180    i.OLED_Clear        oled.o
    0x08002b68   0x08002b68   0x00000024   Code   RO          181    i.OLED_I2C_Init     oled.o
    0x08002b8c   0x08002b8c   0x00000054   Code   RO          182    i.OLED_I2C_SendByte  oled.o
    0x08002be0   0x08002be0   0x00000034   Code   RO          183    i.OLED_I2C_Start    oled.o
    0x08002c14   0x08002c14   0x0000002c   Code   RO          184    i.OLED_I2C_Stop     oled.o
    0x08002c40   0x08002c40   0x000000ac   Code   RO          185    i.OLED_Init         oled.o
    0x08002cec   0x08002cec   0x0000000e   Code   RO          186    i.OLED_Pow          oled.o
    0x08002cfa   0x08002cfa   0x00000022   Code   RO          187    i.OLED_SetCursor    oled.o
    0x08002d1c   0x08002d1c   0x00000068   Code   RO          189    i.OLED_ShowChar     oled.o
    0x08002d84   0x08002d84   0x00000058   Code   RO          190    i.OLED_ShowChineseWord  oled.o
    0x08002ddc   0x08002ddc   0x00000042   Code   RO          192    i.OLED_ShowNum      oled.o
    0x08002e1e   0x08002e1e   0x00000026   Code   RO          194    i.OLED_ShowString   oled.o
    0x08002e44   0x08002e44   0x0000006e   Code   RO          195    i.OLED_Show_Init    oled.o
    0x08002eb2   0x08002eb2   0x00000022   Code   RO          196    i.OLED_WriteCommand  oled.o
    0x08002ed4   0x08002ed4   0x00000022   Code   RO          197    i.OLED_WriteData    oled.o
    0x08002ef6   0x08002ef6   0x00000002   PAD
    0x08002ef8   0x08002ef8   0x00000078   Code   RO          820    i.OneNet_DevLink    onenet.o
    0x08002f70   0x08002f70   0x0000006c   Code   RO          822    i.OneNet_SendData   onenet.o
    0x08002fdc   0x08002fdc   0x00000068   Code   RO          974    i.StartBtnMode      freertos.o
    0x08003044   0x08003044   0x00000040   Code   RO          975    i.StartInfrared_Check  freertos.o
    0x08003084   0x08003084   0x00000054   Code   RO          976    i.StartMeasure      freertos.o
    0x080030d8   0x080030d8   0x00000044   Code   RO          977    i.StartMode_switch  freertos.o
    0x0800311c   0x0800311c   0x000000ec   Code   RO          978    i.StartOledShow     freertos.o
    0x08003208   0x08003208   0x00000094   Code   RO          979    i.StartRemoteMode   freertos.o
    0x0800329c   0x0800329c   0x00000044   Code   RO          980    i.StartSmartMode    freertos.o
    0x080032e0   0x080032e0   0x00000040   Code   RO          981    i.StartTimCnt       freertos.o
    0x08003320   0x08003320   0x0000003c   Code   RO          982    i.StartUpload       freertos.o
    0x0800335c   0x0800335c   0x0000002c   Code   RO         5422    i.SysTick_Handler   port.o
    0x08003388   0x08003388   0x00000078   Code   RO          875    i.SystemClock_Config  main.o
    0x08003400   0x08003400   0x00000002   Code   RO         4037    i.SystemInit        system_stm32f1xx.o
    0x08003402   0x08003402   0x00000002   PAD
    0x08003404   0x08003404   0x0000000c   Code   RO         1283    i.TIM2_IRQHandler   stm32f1xx_it.o
    0x08003410   0x08003410   0x0000000c   Code   RO         1284    i.TIM3_IRQHandler   stm32f1xx_it.o
    0x0800341c   0x0800341c   0x00000078   Code   RO         2795    i.TIM_Base_SetConfig  stm32f1xx_hal_tim.o
    0x08003494   0x08003494   0x0000001a   Code   RO         2796    i.TIM_CCxChannelCmd  stm32f1xx_hal_tim.o
    0x080034ae   0x080034ae   0x00000014   Code   RO         2806    i.TIM_ETR_SetConfig  stm32f1xx_hal_tim.o
    0x080034c2   0x080034c2   0x00000010   Code   RO         2807    i.TIM_ITRx_SetConfig  stm32f1xx_hal_tim.o
    0x080034d2   0x080034d2   0x00000002   PAD
    0x080034d4   0x080034d4   0x00000050   Code   RO         2808    i.TIM_OC1_SetConfig  stm32f1xx_hal_tim.o
    0x08003524   0x08003524   0x00000058   Code   RO         2809    i.TIM_OC2_SetConfig  stm32f1xx_hal_tim.o
    0x0800357c   0x0800357c   0x00000058   Code   RO         2810    i.TIM_OC3_SetConfig  stm32f1xx_hal_tim.o
    0x080035d4   0x080035d4   0x00000044   Code   RO         2811    i.TIM_OC4_SetConfig  stm32f1xx_hal_tim.o
    0x08003618   0x08003618   0x00000022   Code   RO         2813    i.TIM_TI1_ConfigInputStage  stm32f1xx_hal_tim.o
    0x0800363a   0x0800363a   0x00000024   Code   RO         2815    i.TIM_TI2_ConfigInputStage  stm32f1xx_hal_tim.o
    0x0800365e   0x0800365e   0x0000004e   Code   RO         3726    i.UART_EndRxTransfer  stm32f1xx_hal_uart.o
    0x080036ac   0x080036ac   0x000000b8   Code   RO         3729    i.UART_SetConfig    stm32f1xx_hal_uart.o
    0x08003764   0x08003764   0x00000072   Code   RO         3732    i.UART_WaitOnFlagUntilTimeout  stm32f1xx_hal_uart.o
    0x080037d6   0x080037d6   0x00000002   PAD
    0x080037d8   0x080037d8   0x0000007c   Code   RO          311    i.USART2_IRQHandler  bluetooth.o
    0x08003854   0x08003854   0x00000044   Code   RO          584    i.USART3_IRQHandler  esp8266.o
    0x08003898   0x08003898   0x00000002   Code   RO         1285    i.UsageFault_Handler  stm32f1xx_it.o
    0x0800389a   0x0800389a   0x00000002   PAD
    0x0800389c   0x0800389c   0x00000020   Code   RO         5726    i.__0printf$8       mc_w.l(printf8.o)
    0x080038bc   0x080038bc   0x00000028   Code   RO         5728    i.__0sprintf$8      mc_w.l(printf8.o)
    0x080038e4   0x080038e4   0x00000020   Code   RO         2213    i.__NVIC_SetPriority  stm32f1xx_hal_cortex.o
    0x08003904   0x08003904   0x0000000e   Code   RO         5901    i.__scatterload_copy  mc_w.l(handlers.o)
    0x08003912   0x08003912   0x00000002   Code   RO         5902    i.__scatterload_null  mc_w.l(handlers.o)
    0x08003914   0x08003914   0x0000000e   Code   RO         5903    i.__scatterload_zeroinit  mc_w.l(handlers.o)
    0x08003922   0x08003922   0x00000002   PAD
    0x08003924   0x08003924   0x00000404   Code   RO         5733    i._printf_core      mc_w.l(printf8.o)
    0x08003d28   0x08003d28   0x00000024   Code   RO         5734    i._printf_post_padding  mc_w.l(printf8.o)
    0x08003d4c   0x08003d4c   0x0000002e   Code   RO         5735    i._printf_pre_padding  mc_w.l(printf8.o)
    0x08003d7a   0x08003d7a   0x0000000a   Code   RO         5737    i._sputc            mc_w.l(printf8.o)
    0x08003d84   0x08003d84   0x00000004   Code   RO          469    i.beep_init         beep.o
    0x08003d88   0x08003d88   0x00000010   Code   RO          470    i.beep_off          beep.o
    0x08003d98   0x08003d98   0x00000010   Code   RO          471    i.beep_on           beep.o
    0x08003da8   0x08003da8   0x00000010   Code   RO          312    i.bt_rx_getCmd      bluetooth.o
    0x08003db8   0x08003db8   0x00000020   Code   RO         1223    i.fputc             usart.o
    0x08003dd8   0x08003dd8   0x00000050   Code   RO         5780    i.free              mc_w.l(malloc.o)
    0x08003e28   0x08003e28   0x00000064   Code   RO          380    i.get_distance      hc_sr04.o
    0x08003e8c   0x08003e8c   0x0000000c   Code   RO           14    i.get_lamp_brightness  lamps.o
    0x08003e98   0x08003e98   0x0000001c   Code   RO          508    i.ia_flag_get       infrared_sensor.o
    0x08003eb4   0x08003eb4   0x00000002   Code   RO          509    i.ia_init           infrared_sensor.o
    0x08003eb6   0x08003eb6   0x00000002   PAD
    0x08003eb8   0x08003eb8   0x000000b0   Code   RO          544    i.key_check         key.o
    0x08003f68   0x08003f68   0x00000002   Code   RO          545    i.key_init          key.o
    0x08003f6a   0x08003f6a   0x00000002   PAD
    0x08003f6c   0x08003f6c   0x00000018   Code   RO           15    i.lamp_Init         lamps.o
    0x08003f84   0x08003f84   0x00000018   Code   RO           16    i.lamp_Middle       lamps.o
    0x08003f9c   0x08003f9c   0x00000018   Code   RO           17    i.lamp_high         lamps.o
    0x08003fb4   0x08003fb4   0x00000018   Code   RO           18    i.lamp_low          lamps.o
    0x08003fcc   0x08003fcc   0x00000018   Code   RO           19    i.lamp_off          lamps.o
    0x08003fe4   0x08003fe4   0x00000012   Code   RO          422    i.light_Sensor_getValue  light_sensor.o
    0x08003ff6   0x08003ff6   0x00000004   Code   RO          423    i.light_Sensor_init  light_sensor.o
    0x08003ffa   0x08003ffa   0x00000002   PAD
    0x08003ffc   0x08003ffc   0x000000b4   Code   RO          876    i.main              main.o
    0x080040b0   0x080040b0   0x0000000c   Code   RO         4999    i.makeFreeRtosPriority  cmsis_os.o
    0x080040bc   0x080040bc   0x0000006c   Code   RO         5781    i.malloc            mc_w.l(malloc.o)
    0x08004128   0x08004128   0x0000000e   Code   RO         5001    i.osDelay           cmsis_os.o
    0x08004136   0x08004136   0x0000000a   Code   RO         5004    i.osKernelStart     cmsis_os.o
    0x08004140   0x08004140   0x00000026   Code   RO         5013    i.osMessageCreate   cmsis_os.o
    0x08004166   0x08004166   0x00000010   Code   RO         5019    i.osMutexCreate     cmsis_os.o
    0x08004176   0x08004176   0x00000054   Code   RO         5038    i.osThreadCreate    cmsis_os.o
    0x080041ca   0x080041ca   0x00000002   PAD
    0x080041cc   0x080041cc   0x00000040   Code   RO         5049    i.osTimerCreate     cmsis_os.o
    0x0800420c   0x0800420c   0x00000070   Code   RO         4539    i.prvAddCurrentTaskToDelayedList  tasks.o
    0x0800427c   0x0800427c   0x000000d0   Code   RO         4540    i.prvAddNewTaskToReadyList  tasks.o
    0x0800434c   0x0800434c   0x00000058   Code   RO         4853    i.prvCheckForValidListAndQueue  timers.o
    0x080043a4   0x080043a4   0x00000026   Code   RO         4215    i.prvCopyDataFromQueue  queue.o
    0x080043ca   0x080043ca   0x0000006c   Code   RO         4216    i.prvCopyDataToQueue  queue.o
    0x08004436   0x08004436   0x00000034   Code   RO         4541    i.prvDeleteTCB      tasks.o
    0x0800446a   0x0800446a   0x00000002   PAD
    0x0800446c   0x0800446c   0x0000004c   Code   RO         5366    i.prvHeapInit       heap_4.o
    0x080044b8   0x080044b8   0x00000060   Code   RO         4542    i.prvIdleTask       tasks.o
    0x08004518   0x08004518   0x00000016   Code   RO         4217    i.prvInitialiseMutex  queue.o
    0x0800452e   0x0800452e   0x00000016   Code   RO         4218    i.prvInitialiseNewQueue  queue.o
    0x08004544   0x08004544   0x00000098   Code   RO         4543    i.prvInitialiseNewTask  tasks.o
    0x080045dc   0x080045dc   0x0000004e   Code   RO         4854    i.prvInitialiseNewTimer  timers.o
    0x0800462a   0x0800462a   0x00000002   PAD
    0x0800462c   0x0800462c   0x0000004c   Code   RO         5367    i.prvInsertBlockIntoFreeList  heap_4.o
    0x08004678   0x08004678   0x00000038   Code   RO         4855    i.prvInsertTimerInActiveList  timers.o
    0x080046b0   0x080046b0   0x0000001c   Code   RO         4219    i.prvIsQueueEmpty   queue.o
    0x080046cc   0x080046cc   0x000000f0   Code   RO         4856    i.prvProcessReceivedCommands  timers.o
    0x080047bc   0x080047bc   0x000000c0   Code   RO         4857    i.prvProcessTimerOrBlockTask  timers.o
    0x0800487c   0x0800487c   0x00000020   Code   RO         4544    i.prvResetNextTaskUnblockTime  tasks.o
    0x0800489c   0x0800489c   0x00000028   Code   RO         4858    i.prvSampleTimeNow  timers.o
    0x080048c4   0x080048c4   0x0000006c   Code   RO         4859    i.prvSwitchTimerLists  timers.o
    0x08004930   0x08004930   0x00000028   Code   RO         5423    i.prvTaskExitError  port.o
    0x08004958   0x08004958   0x00000024   Code   RO         4860    i.prvTimerTask      timers.o
    0x0800497c   0x0800497c   0x0000006a   Code   RO         4220    i.prvUnlockQueue    queue.o
    0x080049e6   0x080049e6   0x00000002   PAD
    0x080049e8   0x080049e8   0x000000dc   Code   RO         5368    i.pvPortMalloc      heap_4.o
    0x08004ac4   0x08004ac4   0x00000018   Code   RO         4546    i.pvTaskIncrementMutexHeldCount  tasks.o
    0x08004adc   0x08004adc   0x00000024   Code   RO         5424    i.pxPortInitialiseStack  port.o
    0x08004b00   0x08004b00   0x0000001e   Code   RO          585    i.sendString_toEsp8266  esp8266.o
    0x08004b1e   0x08004b1e   0x00000002   PAD
    0x08004b20   0x08004b20   0x00000014   Code   RO          586    i.serial3_sendByte  esp8266.o
    0x08004b34   0x08004b34   0x0000000c   Code   RO         1122    i.sit_time_get      tim.o
    0x08004b40   0x08004b40   0x0000000c   Code   RO         1123    i.sit_time_set      tim.o
    0x08004b4c   0x08004b4c   0x0000000c   Code   RO         1124    i.timer1_start      tim.o
    0x08004b58   0x08004b58   0x0000000c   Code   RO         1125    i.timer1_stop       tim.o
    0x08004b64   0x08004b64   0x00000024   Code   RO         1126    i.timer3_start      tim.o
    0x08004b88   0x08004b88   0x00000018   Code   RO         1127    i.timer3_stop       tim.o
    0x08004ba0   0x08004ba0   0x00000014   Code   RO         1128    i.timer3_toggle     tim.o
    0x08004bb4   0x08004bb4   0x00000026   Code   RO         4175    i.uxListRemove      list.o
    0x08004bda   0x08004bda   0x00000002   PAD
    0x08004bdc   0x08004bdc   0x00000014   Code   RO          983    i.vApplicationGetIdleTaskMemory  freertos.o
    0x08004bf0   0x08004bf0   0x00000018   Code   RO          984    i.vApplicationGetTimerTaskMemory  freertos.o
    0x08004c08   0x08004c08   0x00000016   Code   RO         4176    i.vListInitialise   list.o
    0x08004c1e   0x08004c1e   0x00000006   Code   RO         4177    i.vListInitialiseItem  list.o
    0x08004c24   0x08004c24   0x00000030   Code   RO         4178    i.vListInsert       list.o
    0x08004c54   0x08004c54   0x00000018   Code   RO         4179    i.vListInsertEnd    list.o
    0x08004c6c   0x08004c6c   0x00000040   Code   RO         5426    i.vPortEnterCritical  port.o
    0x08004cac   0x08004cac   0x00000028   Code   RO         5427    i.vPortExitCritical  port.o
    0x08004cd4   0x08004cd4   0x00000064   Code   RO         5369    i.vPortFree         heap_4.o
    0x08004d38   0x08004d38   0x00000024   Code   RO         5428    i.vPortSetupTimerInterrupt  port.o
    0x08004d5c   0x08004d5c   0x00000054   Code   RO         5429    i.vPortValidateInterruptPriority  port.o
    0x08004db0   0x08004db0   0x00000028   Code   RO         4224    i.vQueueAddToRegistry  queue.o
    0x08004dd8   0x08004dd8   0x00000044   Code   RO         4227    i.vQueueWaitForMessageRestricted  queue.o
    0x08004e1c   0x08004e1c   0x0000004c   Code   RO         4553    i.vTaskDelay        tasks.o
    0x08004e68   0x08004e68   0x00000010   Code   RO         4556    i.vTaskInternalSetTimeOutState  tasks.o
    0x08004e78   0x08004e78   0x0000000c   Code   RO         4557    i.vTaskMissedYield  tasks.o
    0x08004e84   0x08004e84   0x00000030   Code   RO         4559    i.vTaskPlaceOnEventList  tasks.o
    0x08004eb4   0x08004eb4   0x00000038   Code   RO         4560    i.vTaskPlaceOnEventListRestricted  tasks.o
    0x08004eec   0x08004eec   0x000000a0   Code   RO         4562    i.vTaskPriorityDisinheritAfterTimeout  tasks.o
    0x08004f8c   0x08004f8c   0x00000088   Code   RO         4567    i.vTaskStartScheduler  tasks.o
    0x08005014   0x08005014   0x00000010   Code   RO         4569    i.vTaskSuspendAll   tasks.o
    0x08005024   0x08005024   0x0000005c   Code   RO         4570    i.vTaskSwitchContext  tasks.o
    0x08005080   0x08005080   0x000000a8   Code   RO         5430    i.xPortStartScheduler  port.o
    0x08005128   0x08005128   0x00000016   Code   RO         4228    i.xQueueCreateMutex  queue.o
    0x0800513e   0x0800513e   0x0000001a   Code   RO         4229    i.xQueueCreateMutexStatic  queue.o
    0x08005158   0x08005158   0x00000042   Code   RO         4230    i.xQueueGenericCreate  queue.o
    0x0800519a   0x0800519a   0x00000066   Code   RO         4231    i.xQueueGenericCreateStatic  queue.o
    0x08005200   0x08005200   0x00000088   Code   RO         4232    i.xQueueGenericReset  queue.o
    0x08005288   0x08005288   0x00000160   Code   RO         4233    i.xQueueGenericSend  queue.o
    0x080053e8   0x080053e8   0x000000be   Code   RO         4234    i.xQueueGenericSendFromISR  queue.o
    0x080054a6   0x080054a6   0x00000002   PAD
    0x080054a8   0x080054a8   0x00000138   Code   RO         4240    i.xQueueReceive     queue.o
    0x080055e0   0x080055e0   0x00000178   Code   RO         4242    i.xQueueSemaphoreTake  queue.o
    0x08005758   0x08005758   0x00000074   Code   RO         4572    i.xTaskCheckForTimeOut  tasks.o
    0x080057cc   0x080057cc   0x0000005a   Code   RO         4573    i.xTaskCreate       tasks.o
    0x08005826   0x08005826   0x00000056   Code   RO         4574    i.xTaskCreateStatic  tasks.o
    0x0800587c   0x0800587c   0x0000001c   Code   RO         4578    i.xTaskGetSchedulerState  tasks.o
    0x08005898   0x08005898   0x0000000c   Code   RO         4579    i.xTaskGetTickCount  tasks.o
    0x080058a4   0x080058a4   0x000000cc   Code   RO         4581    i.xTaskIncrementTick  tasks.o
    0x08005970   0x08005970   0x00000098   Code   RO         4584    i.xTaskPriorityDisinherit  tasks.o
    0x08005a08   0x08005a08   0x0000008c   Code   RO         4585    i.xTaskPriorityInherit  tasks.o
    0x08005a94   0x08005a94   0x00000074   Code   RO         4586    i.xTaskRemoveFromEventList  tasks.o
    0x08005b08   0x08005b08   0x000000c4   Code   RO         4587    i.xTaskResumeAll    tasks.o
    0x08005bcc   0x08005bcc   0x00000034   Code   RO         4865    i.xTimerCreate      timers.o
    0x08005c00   0x08005c00   0x0000002e   Code   RO         4866    i.xTimerCreateStatic  timers.o
    0x08005c2e   0x08005c2e   0x00000002   PAD
    0x08005c30   0x08005c30   0x00000060   Code   RO         4867    i.xTimerCreateTimerTask  timers.o
    0x08005c90   0x08005c90   0x00000060   Code   RO         4868    i.xTimerGenericCommand  timers.o
    0x08005cf0   0x08005cf0   0x00000850   Data   RO          198    .constdata          oled.o
    0x08006540   0x08006540   0x00000114   Data   RO          986    .constdata          freertos.o
    0x08006654   0x08006654   0x00000012   Data   RO         1911    .constdata          stm32f1xx_hal_rcc.o
    0x08006666   0x08006666   0x00000012   Data   RO         2003    .constdata          stm32f1xx_hal_rcc_ex.o
    0x08006678   0x08006678   0x00000010   Data   RO         4038    .constdata          system_stm32f1xx.o
    0x08006688   0x08006688   0x00000008   Data   RO         4039    .constdata          system_stm32f1xx.o
    0x08006690   0x08006690   0x00000080   Data   RO          823    .conststring        onenet.o
    0x08006710   0x08006710   0x0000005d   Data   RO          987    .conststring        freertos.o
    0x0800676d   0x0800676d   0x00000003   PAD
    0x08006770   0x08006770   0x00000020   Data   RO         5899    Region$$Table       anon$$obj.o


    Execution Region RW_IRAM1 (Exec base: 0x20000000, Load base: 0x08006790, Size: 0x00002aa0, Max: 0x00005000, ABSOLUTE)

    Exec Addr    Load Addr    Size         Type   Attr      Idx    E Section Name        Object

    0x20000000   0x08006790   0x00000001   Data   RW           20    .data               lamps.o
    0x20000001   0x08006791   0x00000003   Data   RW          315    .data               bluetooth.o
    0x20000004   0x08006794   0x00000004   PAD
    0x20000008   0x08006798   0x00000008   Data   RW          381    .data               hc_sr04.o
    0x20000010   0x080067a0   0x00000001   Data   RW          546    .data               key.o
    0x20000011   0x080067a1   0x00000001   PAD
    0x20000012   0x080067a2   0x00000006   Data   RW          588    .data               esp8266.o
    0x20000018   0x080067a8   0x0000003c   Data   RW          988    .data               freertos.o
    0x20000054   0x080067e4   0x00000008   Data   RW         1130    .data               tim.o
    0x2000005c   0x080067ec   0x0000000c   Data   RW         1748    .data               stm32f1xx_hal.o
    0x20000068   0x080067f8   0x00000004   Data   RW         4040    .data               system_stm32f1xx.o
    0x2000006c   0x080067fc   0x0000003c   Data   RW         4590    .data               tasks.o
    0x200000a8   0x08006838   0x00000014   Data   RW         4874    .data               timers.o
    0x200000bc   0x0800684c   0x00000020   Data   RW         5375    .data               heap_4.o
    0x200000dc   0x0800686c   0x0000000c   Data   RW         5431    .data               port.o
    0x200000e8   0x08006878   0x00000004   Data   RW         5834    .data               mc_w.l(stdout.o)
    0x200000ec   0x0800687c   0x00000004   Data   RW         5839    .data               mc_w.l(mvars.o)
    0x200000f0   0x08006880   0x00000004   Data   RW         5840    .data               mc_w.l(mvars.o)
    0x200000f4        -       0x00000080   Zero   RW          314    .bss                bluetooth.o
    0x20000174        -       0x00000080   Zero   RW          587    .bss                esp8266.o
    0x200001f4        -       0x000006a8   Zero   RW          985    .bss                freertos.o
    0x2000089c        -       0x00000030   Zero   RW         1077    .bss                adc.o
    0x200008cc        -       0x000000d8   Zero   RW         1129    .bss                tim.o
    0x200009a4        -       0x000000d8   Zero   RW         1224    .bss                usart.o
    0x20000a7c        -       0x00000048   Zero   RW         1375    .bss                stm32f1xx_hal_timebase_tim.o
    0x20000ac4        -       0x00000040   Zero   RW         4243    .bss                queue.o
    0x20000b04        -       0x000000f0   Zero   RW         4589    .bss                tasks.o
    0x20000bf4        -       0x000000e8   Zero   RW         4873    .bss                timers.o
    0x20000cdc        -       0x000017c0   Zero   RW         5374    .bss                heap_4.o
    0x2000249c   0x08006884   0x00000004   PAD
    0x200024a0        -       0x00000200   Zero   RW            2    HEAP                startup_stm32f103xb.o
    0x200026a0        -       0x00000400   Zero   RW            1    STACK               startup_stm32f103xb.o


==============================================================================

Image component sizes


      Code (inc. data)   RO Data    RW Data    ZI Data      Debug   Object Name

       168         22          0          0         48       1529   adc.o
        36         10          0          0          0       1429   beep.o
       176         48          0          3        128       2600   bluetooth.o
       238          4          0          0          0      25047   cmsis_os.o
       618        204          0          6        128      38773   esp8266.o
         0          0          0          0          0      20024   event_groups.o
      1268        128        369         60       1704       9196   freertos.o
       212         14          0          0          0        903   gpio.o
       186         28          0          8          0       1603   hc_sr04.o
       472         24          0         32       6080       4607   heap_4.o
        30          6          0          0          0        896   infrared_sensor.o
       178          8          0          1          0       1015   key.o
       132         46          0          1          0     443996   lamps.o
        80          6          0          0          0       2381   light_sensor.o
       138          0          0          0          0       3234   list.o
       348         72          0          0          0       2760   main.o
      1304         62          0          0          0       9681   mqttkit.o
       948         30       2128          0          0       9073   oled.o
       348        100        128          0          0       3285   onenet.o
       662         70          0         12          0      10741   port.o
      2014         24          0          0         64      20950   queue.o
        36          8        236          0       1536        776   startup_stm32f103xb.o
       100         18          0         12          0       5046   stm32f1xx_hal.o
      1260         54          0          0          0       6300   stm32f1xx_hal_adc.o
       158         14          0          0          0      28054   stm32f1xx_hal_cortex.o
       500         34          0          0          0       3407   stm32f1xx_hal_gpio.o
        72         10          0          0          0        814   stm32f1xx_hal_msp.o
      1304         94         18          0          0       5541   stm32f1xx_hal_rcc.o
       400         28         18          0          0       2381   stm32f1xx_hal_rcc_ex.o
      1904         70          0          0          0      17210   stm32f1xx_hal_tim.o
       108         12          0          0          0       2289   stm32f1xx_hal_tim_ex.o
       152         18          0          0         72       1395   stm32f1xx_hal_timebase_tim.o
       812          6          0          0          0       5547   stm32f1xx_hal_uart.o
        36         12          0          0          0       3221   stm32f1xx_it.o
         2          0         24          4          0       1035   system_stm32f1xx.o
      2428        184          0         60        240      27701   tasks.o
       696        106          0          8        216       6395   tim.o
      1128         80          0         20        232      32283   timers.o
       496         56          0          0        216       3452   usart.o

    ----------------------------------------------------------------------
     21204       1710       2956        232      10668     766570   Object Totals
         0          0         32          0          0          0   (incl. Generated)
        56          0          3          5          4          0   (incl. Padding)

    ----------------------------------------------------------------------

      Code (inc. data)   RO Data    RW Data    ZI Data      Debug   Library Member Name

         0          0          0          0          0          0   entry.o
         0          0          0          0          0          0   entry10a.o
         0          0          0          0          0          0   entry11a.o
         4          0          0          0          0          0   entry12b.o
         8          4          0          0          0          0   entry2.o
         4          0          0          0          0          0   entry5.o
         0          0          0          0          0          0   entry7b.o
         0          0          0          0          0          0   entry8b.o
         8          4          0          0          0          0   entry9a.o
        30          0          0          0          0          0   handlers.o
        36          8          0          0          0         68   init.o
         0          0          0          0          0          0   iusefp.o
        30          0          0          0          0         68   llshl.o
        32          0          0          0          0         68   llushr.o
       188         20          0          0          0        160   malloc.o
        36          0          0          0          0         68   memcpya.o
        36          0          0          0          0        108   memseta.o
         0          0          0          8          0          0   mvars.o
      1192         60          0          0          0        504   printf8.o
         0          0          0          4          0          0   stdout.o
        20          0          0          0          0         68   strchr.o
        14          0          0          0          0         68   strlen.o
        40          0          0          0          0         76   strncat.o
        36          0          0          0          0         80   strstr.o
        98          0          0          0          0         92   uldiv.o
       186          0          0          0          0        176   depilogue.o
        50          0          0          0          0         76   dfixui.o
        26          0          0          0          0         76   dfltui.o
       228          0          0          0          0         96   dmul.o
        46          0          0          0          0         80   dscalb.o

    ----------------------------------------------------------------------
      2352         96          0         12          0       1932   Library Totals
         4          0          0          0          0          0   (incl. Padding)

    ----------------------------------------------------------------------

      Code (inc. data)   RO Data    RW Data    ZI Data      Debug   Library Name

      1812         96          0         12          0       1428   mc_w.l
       536          0          0          0          0        504   mf_w.l

    ----------------------------------------------------------------------
      2352         96          0         12          0       1932   Library Totals

    ----------------------------------------------------------------------

==============================================================================


      Code (inc. data)   RO Data    RW Data    ZI Data      Debug   

     23556       1806       2956        244      10668     754926   Grand Totals
     23556       1806       2956        244      10668     754926   ELF Image Totals
     23556       1806       2956        244          0          0   ROM Totals

==============================================================================

    Total RO  Size (Code + RO Data)                26512 (  25.89kB)
    Total RW  Size (RW Data + ZI Data)             10912 (  10.66kB)
    Total ROM Size (Code + RO Data + RW Data)      26756 (  26.13kB)

==============================================================================

