Component: ARM Compiler 5.06 update 7 (build 960) Tool: armlink [4d3601]

==============================================================================

Section Cross References

    startup_stm32f103xb.o(RESET) refers to startup_stm32f103xb.o(STACK) for __initial_sp
    startup_stm32f103xb.o(RESET) refers to startup_stm32f103xb.o(.text) for Reset_Handler
    startup_stm32f103xb.o(RESET) refers to stm32f1xx_it.o(i.NMI_Handler) for NMI_Handler
    startup_stm32f103xb.o(RESET) refers to stm32f1xx_it.o(i.HardFault_Handler) for HardFault_Handler
    startup_stm32f103xb.o(RESET) refers to stm32f1xx_it.o(i.MemManage_Handler) for MemManage_Handler
    startup_stm32f103xb.o(RESET) refers to stm32f1xx_it.o(i.BusFault_Handler) for BusFault_Handler
    startup_stm32f103xb.o(RESET) refers to stm32f1xx_it.o(i.UsageFault_Handler) for UsageFault_Handler
    startup_stm32f103xb.o(RESET) refers to port.o(.emb_text) for SVC_Handler
    startup_stm32f103xb.o(RESET) refers to stm32f1xx_it.o(i.DebugMon_Handler) for DebugMon_Handler
    startup_stm32f103xb.o(RESET) refers to port.o(i.SysTick_Handler) for SysTick_Handler
    startup_stm32f103xb.o(RESET) refers to stm32f1xx_it.o(i.TIM2_IRQHandler) for TIM2_IRQHandler
    startup_stm32f103xb.o(RESET) refers to stm32f1xx_it.o(i.TIM3_IRQHandler) for TIM3_IRQHandler
    startup_stm32f103xb.o(RESET) refers to bluetooth.o(i.USART2_IRQHandler) for USART2_IRQHandler
    startup_stm32f103xb.o(.text) refers to system_stm32f1xx.o(i.SystemInit) for SystemInit
    startup_stm32f103xb.o(.text) refers to entry.o(.ARM.Collect$$$$00000000) for __main
    lamps.o(i.Set_PWM_lampValue) refers to tim.o(.bss) for htim4
    lamps.o(i.get_lamp_brightness) refers to lamps.o(.data) for .data
    lamps.o(i.lamp_Init) refers to tim.o(i.MX_TIM4_Init) for MX_TIM4_Init
    lamps.o(i.lamp_Middle) refers to tim.o(.bss) for htim4
    lamps.o(i.lamp_Middle) refers to lamps.o(.data) for .data
    lamps.o(i.lamp_high) refers to tim.o(.bss) for htim4
    lamps.o(i.lamp_high) refers to lamps.o(.data) for .data
    lamps.o(i.lamp_low) refers to tim.o(.bss) for htim4
    lamps.o(i.lamp_low) refers to lamps.o(.data) for .data
    lamps.o(i.lamp_off) refers to tim.o(.bss) for htim4
    lamps.o(i.lamp_off) refers to lamps.o(.data) for .data
    oled.o(i.OLED_Clear) refers to oled.o(i.OLED_SetCursor) for OLED_SetCursor
    oled.o(i.OLED_Clear) refers to oled.o(i.OLED_WriteData) for OLED_WriteData
    oled.o(i.OLED_I2C_Init) refers to gpio.o(i.MX_GPIO_Init) for MX_GPIO_Init
    oled.o(i.OLED_I2C_Init) refers to stm32f1xx_hal_gpio.o(i.HAL_GPIO_WritePin) for HAL_GPIO_WritePin
    oled.o(i.OLED_I2C_SendByte) refers to stm32f1xx_hal_gpio.o(i.HAL_GPIO_WritePin) for HAL_GPIO_WritePin
    oled.o(i.OLED_I2C_Start) refers to stm32f1xx_hal_gpio.o(i.HAL_GPIO_WritePin) for HAL_GPIO_WritePin
    oled.o(i.OLED_I2C_Stop) refers to stm32f1xx_hal_gpio.o(i.HAL_GPIO_WritePin) for HAL_GPIO_WritePin
    oled.o(i.OLED_Init) refers to oled.o(i.OLED_I2C_Init) for OLED_I2C_Init
    oled.o(i.OLED_Init) refers to oled.o(i.OLED_WriteCommand) for OLED_WriteCommand
    oled.o(i.OLED_Init) refers to oled.o(i.OLED_Clear) for OLED_Clear
    oled.o(i.OLED_SetCursor) refers to oled.o(i.OLED_WriteCommand) for OLED_WriteCommand
    oled.o(i.OLED_ShowBinNum) refers to oled.o(i.OLED_Pow) for OLED_Pow
    oled.o(i.OLED_ShowBinNum) refers to oled.o(i.OLED_ShowChar) for OLED_ShowChar
    oled.o(i.OLED_ShowChar) refers to oled.o(i.OLED_SetCursor) for OLED_SetCursor
    oled.o(i.OLED_ShowChar) refers to oled.o(i.OLED_WriteData) for OLED_WriteData
    oled.o(i.OLED_ShowChar) refers to oled.o(.constdata) for .constdata
    oled.o(i.OLED_ShowChineseWord) refers to oled.o(i.OLED_SetCursor) for OLED_SetCursor
    oled.o(i.OLED_ShowChineseWord) refers to oled.o(i.OLED_WriteData) for OLED_WriteData
    oled.o(i.OLED_ShowChineseWord) refers to oled.o(.constdata) for .constdata
    oled.o(i.OLED_ShowHexNum) refers to oled.o(i.OLED_Pow) for OLED_Pow
    oled.o(i.OLED_ShowHexNum) refers to oled.o(i.OLED_ShowChar) for OLED_ShowChar
    oled.o(i.OLED_ShowNum) refers to oled.o(i.OLED_Pow) for OLED_Pow
    oled.o(i.OLED_ShowNum) refers to oled.o(i.OLED_ShowChar) for OLED_ShowChar
    oled.o(i.OLED_ShowSignedNum) refers to oled.o(i.OLED_ShowChar) for OLED_ShowChar
    oled.o(i.OLED_ShowSignedNum) refers to oled.o(i.OLED_Pow) for OLED_Pow
    oled.o(i.OLED_ShowString) refers to oled.o(i.OLED_ShowChar) for OLED_ShowChar
    oled.o(i.OLED_Show_Init) refers to oled.o(i.OLED_Clear) for OLED_Clear
    oled.o(i.OLED_Show_Init) refers to oled.o(i.OLED_ShowChineseWord) for OLED_ShowChineseWord
    oled.o(i.OLED_Show_Init) refers to oled.o(i.OLED_ShowChar) for OLED_ShowChar
    oled.o(i.OLED_WriteCommand) refers to oled.o(i.OLED_I2C_Start) for OLED_I2C_Start
    oled.o(i.OLED_WriteCommand) refers to oled.o(i.OLED_I2C_SendByte) for OLED_I2C_SendByte
    oled.o(i.OLED_WriteCommand) refers to oled.o(i.OLED_I2C_Stop) for OLED_I2C_Stop
[...]
    i.OLED_ShowString                        0x080024c6   Section        0  oled.o(i.OLED_ShowString)
    i.OLED_Show_Init                         0x080024ec   Section        0  oled.o(i.OLED_Show_Init)
    i.OLED_WriteCommand                      0x0800255a   Section        0  oled.o(i.OLED_WriteCommand)
    i.OLED_WriteData                         0x0800257c   Section        0  oled.o(i.OLED_WriteData)
    i.StartBtnMode                           0x080025a0   Section        0  freertos.o(i.StartBtnMode)
    i.StartInfrared_Check                    0x08002600   Section        0  freertos.o(i.StartInfrared_Check)
    i.StartMeasure                           0x0800263c   Section        0  freertos.o(i.StartMeasure)
    i.StartOledShow                          0x08002694   Section        0  freertos.o(i.StartOledShow)
    i.StartRemoteMode                        0x08002780   Section        0  freertos.o(i.StartRemoteMode)
    i.StartSmartMode                         0x08002814   Section        0  freertos.o(i.StartSmartMode)
    i.StartTimCnt                            0x08002858   Section        0  freertos.o(i.StartTimCnt)
    i.StartkeyScan                           0x0800287c   Section        0  freertos.o(i.StartkeyScan)
    i.SysTick_Handler                        0x080028c0   Section        0  port.o(i.SysTick_Handler)
    i.SystemClock_Config                     0x080028ec   Section        0  main.o(i.SystemClock_Config)
    i.SystemInit                             0x08002964   Section        0  system_stm32f1xx.o(i.SystemInit)
    i.TIM2_IRQHandler                        0x08002968   Section        0  stm32f1xx_it.o(i.TIM2_IRQHandler)
    i.TIM3_IRQHandler                        0x08002974   Section        0  stm32f1xx_it.o(i.TIM3_IRQHandler)
    i.TIM_Base_SetConfig                     0x08002980   Section        0  stm32f1xx_hal_tim.o(i.TIM_Base_SetConfig)
    i.TIM_CCxChannelCmd                      0x080029f8   Section        0  stm32f1xx_hal_tim.o(i.TIM_CCxChannelCmd)
    i.TIM_ETR_SetConfig                      0x08002a12   Section        0  stm32f1xx_hal_tim.o(i.TIM_ETR_SetConfig)
    i.TIM_ITRx_SetConfig                     0x08002a26   Section        0  stm32f1xx_hal_tim.o(i.TIM_ITRx_SetConfig)
    TIM_ITRx_SetConfig                       0x08002a27   Thumb Code    16  stm32f1xx_hal_tim.o(i.TIM_ITRx_SetConfig)
    i.TIM_OC1_SetConfig                      0x08002a38   Section        0  stm32f1xx_hal_tim.o(i.TIM_OC1_SetConfig)
    TIM_OC1_SetConfig                        0x08002a39   Thumb Code    74  stm32f1xx_hal_tim.o(i.TIM_OC1_SetConfig)
    i.TIM_OC2_SetConfig                      0x08002a88   Section        0  stm32f1xx_hal_tim.o(i.TIM_OC2_SetConfig)
    i.TIM_OC3_SetConfig                      0x08002ae0   Section        0  stm32f1xx_hal_tim.o(i.TIM_OC3_SetConfig)
    TIM_OC3_SetConfig                        0x08002ae1   Thumb Code    82  stm32f1xx_hal_tim.o(i.TIM_OC3_SetConfig)
    i.TIM_OC4_SetConfig                      0x08002b38   Section        0  stm32f1xx_hal_tim.o(i.TIM_OC4_SetConfig)
    TIM_OC4_SetConfig                        0x08002b39   Thumb Code    64  stm32f1xx_hal_tim.o(i.TIM_OC4_SetConfig)
    i.TIM_TI1_ConfigInputStage               0x08002b7c   Section        0  stm32f1xx_hal_tim.o(i.TIM_TI1_ConfigInputStage)
    TIM_TI1_ConfigInputStage                 0x08002b7d   Thumb Code    34  stm32f1xx_hal_tim.o(i.TIM_TI1_ConfigInputStage)
    i.TIM_TI2_ConfigInputStage               0x08002b9e   Section        0  stm32f1xx_hal_tim.o(i.TIM_TI2_ConfigInputStage)
    TIM_TI2_ConfigInputStage                 0x08002b9f   Thumb Code    36  stm32f1xx_hal_tim.o(i.TIM_TI2_ConfigInputStage)
    i.UART_EndRxTransfer                     0x08002bc2   Section        0  stm32f1xx_hal_uart.o(i.UART_EndRxTransfer)
    UART_EndRxTransfer                       0x08002bc3   Thumb Code    78  stm32f1xx_hal_uart.o(i.UART_EndRxTransfer)
    i.UART_SetConfig                         0x08002c10   Section        0  stm32f1xx_hal_uart.o(i.UART_SetConfig)
    UART_SetConfig                           0x08002c11   Thumb Code   178  stm32f1xx_hal_uart.o(i.UART_SetConfig)
    i.UART_WaitOnFlagUntilTimeout            0x08002cc8   Section        0  stm32f1xx_hal_uart.o(i.UART_WaitOnFlagUntilTimeout)
    UART_WaitOnFlagUntilTimeout              0x08002cc9   Thumb Code   114  stm32f1xx_hal_uart.o(i.UART_WaitOnFlagUntilTimeout)
    i.USART2_IRQHandler                      0x08002d3c   Section        0  bluetooth.o(i.USART2_IRQHandler)
    i.UsageFault_Handler                     0x08002db8   Section        0  stm32f1xx_it.o(i.UsageFault_Handler)
    i.__0printf$2                            0x08002dbc   Section        0  printf2.o(i.__0printf$2)
    i.__NVIC_SetPriority                     0x08002ddc   Section        0  stm32f1xx_hal_cortex.o(i.__NVIC_SetPriority)
    __NVIC_SetPriority                       0x08002ddd   Thumb Code    32  stm32f1xx_hal_cortex.o(i.__NVIC_SetPriority)
    i.__scatterload_copy                     0x08002dfc   Section       14  handlers.o(i.__scatterload_copy)
    i.__scatterload_null                     0x08002e0a   Section        2  handlers.o(i.__scatterload_null)
    i.__scatterload_zeroinit                 0x08002e0c   Section       14  handlers.o(i.__scatterload_zeroinit)
    i._printf_core                           0x08002e1a   Section        0  printf2.o(i._printf_core)
    _printf_core                             0x08002e1b   Thumb Code   214  printf2.o(i._printf_core)
    i.beep_init                              0x08002ef0   Section        0  beep.o(i.beep_init)
    i.beep_off                               0x08002ef4   Section        0  beep.o(i.beep_off)
    i.beep_on                                0x08002f04   Section        0  beep.o(i.beep_on)
    i.bt_rx_getCmd                           0x08002f14   Section        0  bluetooth.o(i.bt_rx_getCmd)
    i.fputc                                  0x08002f24   Section        0  usart.o(i.fputc)
    i.get_distance                           0x08002f44   Section        0  hc_sr04.o(i.get_distance)
    i.get_lamp_brightness                    0x08002fa8   Section        0  lamps.o(i.get_lamp_brightness)
    i.ia_flag_get                            0x08002fb4   Section        0  infrared_sensor.o(i.ia_flag_get)
    i.ia_init                                0x08002fd0   Section        0  infrared_sensor.o(i.ia_init)
    i.key_check                              0x08002fd4   Section        0  key.o(i.key_check)
    i.key_init                               0x08003084   Section        0  key.o(i.key_init)
    i.lamp_Init                              0x08003086   Section        0  lamps.o(i.lamp_Init)
    i.lamp_Middle                            0x0800308c   Section        0  lamps.o(i.lamp_Middle)
    i.lamp_high                              0x080030a4   Section        0  lamps.o(i.lamp_high)
    i.lamp_low                               0x080030bc   Section        0  lamps.o(i.lamp_low)
    i.lamp_off                               0x080030d4   Section        0  lamps.o(i.lamp_off)
    i.light_Sensor_getValue                  0x080030ec   Section        0  light_sensor.o(i.light_Sensor_getValue)
    i.light_Sensor_init                      0x080030fc   Section        0  light_sensor.o(i.light_Sensor_init)
    i.main                                   0x08003100   Section        0  main.o(i.main)
    i.makeFreeRtosPriority                   0x08003164   Section        0  cmsis_os.o(i.makeFreeRtosPriority)
    makeFreeRtosPriority                     0x08003165   Thumb Code    12  cmsis_os.o(i.makeFreeRtosPriority)
    i.osDelay                                0x08003170   Section        0  cmsis_os.o(i.osDelay)
    i.osKernelStart                          0x0800317e   Section        0  cmsis_os.o(i.osKernelStart)
    i.osMessageCreate                        0x08003188   Section        0  cmsis_os.o(i.osMessageCreate)
    i.osMutexCreate                          0x080031ae   Section        0  cmsis_os.o(i.osMutexCreate)
    i.osThreadCreate                         0x080031be   Section        0  cmsis_os.o(i.osThreadCreate)
    i.prvAddCurrentTaskToDelayedList         0x08003214   Section        0  tasks.o(i.prvAddCurrentTaskToDelayedList)
    prvAddCurrentTaskToDelayedList           0x08003215   Thumb Code   102  tasks.o(i.prvAddCurrentTaskToDelayedList)
    i.prvAddNewTaskToReadyList               0x08003284   Section        0  tasks.o(i.prvAddNewTaskToReadyList)
    prvAddNewTaskToReadyList                 0x08003285   Thumb Code   194  tasks.o(i.prvAddNewTaskToReadyList)
    i.prvCopyDataFromQueue                   0x08003354   Section        0  queue.o(i.prvCopyDataFromQueue)
    prvCopyDataFromQueue                     0x08003355   Thumb Code    38  queue.o(i.prvCopyDataFromQueue)
    i.prvCopyDataToQueue                     0x0800337a   Section        0  queue.o(i.prvCopyDataToQueue)
    prvCopyDataToQueue                       0x0800337b   Thumb Code   108  queue.o(i.prvCopyDataToQueue)
    i.prvDeleteTCB                           0x080033e6   Section        0  tasks.o(i.prvDeleteTCB)
    prvDeleteTCB                             0x080033e7   Thumb Code    52  tasks.o(i.prvDeleteTCB)
    i.prvHeapInit                            0x0800341c   Section        0  heap_4.o(i.prvHeapInit)
    prvHeapInit                              0x0800341d   Thumb Code    66  heap_4.o(i.prvHeapInit)
    i.prvIdleTask                            0x08003468   Section        0  tasks.o(i.prvIdleTask)
    prvIdleTask                              0x08003469   Thumb Code    82  tasks.o(i.prvIdleTask)
    i.prvInitialiseMutex                     0x080034c8   Section        0  queue.o(i.prvInitialiseMutex)
    prvInitialiseMutex                       0x080034c9   Thumb Code    22  queue.o(i.prvInitialiseMutex)
    i.prvInitialiseNewQueue                  0x080034de   Section        0  queue.o(i.prvInitialiseNewQueue)
    prvInitialiseNewQueue                    0x080034df   Thumb Code    22  queue.o(i.prvInitialiseNewQueue)
    i.prvInitialiseNewTask                   0x080034f4   Section        0  tasks.o(i.prvInitialiseNewTask)
    prvInitialiseNewTask                     0x080034f5   Thumb Code   152  tasks.o(i.prvInitialiseNewTask)
    i.prvInsertBlockIntoFreeList             0x0800358c   Section        0  heap_4.o(i.prvInsertBlockIntoFreeList)
    prvInsertBlockIntoFreeList               0x0800358d   Thumb Code    72  heap_4.o(i.prvInsertBlockIntoFreeList)
    i.prvIsQueueEmpty                        0x080035d8   Section        0  queue.o(i.prvIsQueueEmpty)
    prvIsQueueEmpty                          0x080035d9   Thumb Code    28  queue.o(i.prvIsQueueEmpty)
    i.prvResetNextTaskUnblockTime            0x080035f4   Section        0  tasks.o(i.prvResetNextTaskUnblockTime)
    prvResetNextTaskUnblockTime              0x080035f5   Thumb Code    26  tasks.o(i.prvResetNextTaskUnblockTime)
    i.prvTaskExitError                       0x08003614   Section        0  port.o(i.prvTaskExitError)
    prvTaskExitError                         0x08003615   Thumb Code    36  port.o(i.prvTaskExitError)
    i.prvUnlockQueue                         0x0800363c   Section        0  queue.o(i.prvUnlockQueue)
    prvUnlockQueue                           0x0800363d   Thumb Code   106  queue.o(i.prvUnlockQueue)
    i.pvPortMalloc                           0x080036a8   Section        0  heap_4.o(i.pvPortMalloc)
    i.pvTaskIncrementMutexHeldCount          0x08003784   Section        0  tasks.o(i.pvTaskIncrementMutexHeldCount)
    i.pxPortInitialiseStack                  0x0800379c   Section        0  port.o(i.pxPortInitialiseStack)
    i.sit_time_get                           0x080037c0   Section        0  tim.o(i.sit_time_get)
    i.sit_time_set                           0x080037cc   Section        0  tim.o(i.sit_time_set)
    i.timer1_start                           0x080037d8   Section        0  tim.o(i.timer1_start)
    i.timer1_stop                            0x080037e4   Section        0  tim.o(i.timer1_stop)
    i.timer3_start                           0x080037f0   Section        0  tim.o(i.timer3_start)
    i.timer3_stop                            0x08003814   Section        0  tim.o(i.timer3_stop)
    i.timer3_toggle                          0x0800382c   Section        0  tim.o(i.timer3_toggle)
    i.uxListRemove                           0x08003840   Section        0  list.o(i.uxListRemove)
    i.vApplicationGetIdleTaskMemory          0x08003868   Section        0  freertos.o(i.vApplicationGetIdleTaskMemory)
    i.vListInitialise                        0x0800387c   Section        0  list.o(i.vListInitialise)
    i.vListInitialiseItem                    0x08003892   Section        0  list.o(i.vListInitialiseItem)
    i.vListInsert                            0x08003898   Section        0  list.o(i.vListInsert)
    i.vListInsertEnd                         0x080038c8   Section        0  list.o(i.vListInsertEnd)
    i.vPortEnterCritical                     0x080038e0   Section        0  port.o(i.vPortEnterCritical)
    i.vPortExitCritical                      0x08003920   Section        0  port.o(i.vPortExitCritical)
    i.vPortFree                              0x08003948   Section        0  heap_4.o(i.vPortFree)
    i.vPortSetupTimerInterrupt               0x080039ac   Section        0  port.o(i.vPortSetupTimerInterrupt)
    i.vTaskDelay                             0x080039d0   Section        0  tasks.o(i.vTaskDelay)
    i.vTaskInternalSetTimeOutState           0x08003a1c   Section        0  tasks.o(i.vTaskInternalSetTimeOutState)
    i.vTaskMissedYield                       0x08003a2c   Section        0  tasks.o(i.vTaskMissedYield)
    i.vTaskPlaceOnEventList                  0x08003a38   Section        0  tasks.o(i.vTaskPlaceOnEventList)
    i.vTaskPriorityDisinheritAfterTimeout    0x08003a68   Section        0  tasks.o(i.vTaskPriorityDisinheritAfterTimeout)
    i.vTaskStartScheduler                    0x08003b08   Section        0  tasks.o(i.vTaskStartScheduler)
    i.vTaskSuspendAll                        0x08003b74   Section        0  tasks.o(i.vTaskSuspendAll)
    i.vTaskSwitchContext                     0x08003b84   Section        0  tasks.o(i.vTaskSwitchContext)
    i.xPortStartScheduler                    0x08003be0   Section        0  port.o(i.xPortStartScheduler)
    i.xQueueCreateMutex                      0x08003c88   Section        0  queue.o(i.xQueueCreateMutex)
    i.xQueueCreateMutexStatic                0x08003c9e   Section        0  queue.o(i.xQueueCreateMutexStatic)
    i.xQueueGenericCreate                    0x08003cb8   Section        0  queue.o(i.xQueueGenericCreate)
    i.xQueueGenericCreateStatic              0x08003cfa   Section        0  queue.o(i.xQueueGenericCreateStatic)
    i.xQueueGenericReset                     0x08003d60   Section        0  queue.o(i.xQueueGenericReset)
    i.xQueueGenericSend                      0x08003de8   Section        0  queue.o(i.xQueueGenericSend)
    i.xQueueReceive                          0x08003f48   Section        0  queue.o(i.xQueueReceive)
    i.xQueueSemaphoreTake                    0x08004080   Section        0  queue.o(i.xQueueSemaphoreTake)
    i.xTaskCheckForTimeOut                   0x080041f8   Section        0  tasks.o(i.xTaskCheckForTimeOut)
    i.xTaskCreate                            0x0800426c   Section        0  tasks.o(i.xTaskCreate)
    i.xTaskCreateStatic                      0x080042c6   Section        0  tasks.o(i.xTaskCreateStatic)
    i.xTaskGetSchedulerState                 0x0800431c   Section        0  tasks.o(i.xTaskGetSchedulerState)
    i.xTaskIncrementTick                     0x08004338   Section        0  tasks.o(i.xTaskIncrementTick)
    i.xTaskPriorityDisinherit                0x08004404   Section        0  tasks.o(i.xTaskPriorityDisinherit)
    i.xTaskPriorityInherit                   0x0800449c   Section        0  tasks.o(i.xTaskPriorityInherit)
    i.xTaskRemoveFromEventList               0x08004528   Section        0  tasks.o(i.xTaskRemoveFromEventList)
    i.xTaskResumeAll                         0x0800459c   Section        0  tasks.o(i.xTaskResumeAll)
    .constdata                               0x08004660   Section     2128  oled.o(.constdata)
    .constdata                               0x08004eb0   Section      240  freertos.o(.constdata)
    .constdata                               0x08004fa0   Section       18  stm32f1xx_hal_rcc.o(.constdata)
    aPredivFactorTable                       0x08004fa0   Data           2  stm32f1xx_hal_rcc.o(.constdata)
    aPLLMULFactorTable                       0x08004fa2   Data          16  stm32f1xx_hal_rcc.o(.constdata)
    .constdata                               0x08004fb2   Section       18  stm32f1xx_hal_rcc_ex.o(.constdata)
    aPredivFactorTable                       0x08004fb2   Data           2  stm32f1xx_hal_rcc_ex.o(.constdata)
    aPLLMULFactorTable                       0x08004fb4   Data          16  stm32f1xx_hal_rcc_ex.o(.constdata)
    .constdata                               0x08004fc4   Section       16  system_stm32f1xx.o(.constdata)
    .constdata                               0x08004fd4   Section        8  system_stm32f1xx.o(.constdata)
    .conststring                             0x08004fdc   Section       81  freertos.o(.conststring)
    .data                                    0x20000000   Section        1  lamps.o(.data)
    .data                                    0x20000001   Section        3  bluetooth.o(.data)
    cnt                                      0x20000002   Data           1  bluetooth.o(.data)
    recv                                     0x20000003   Data           1  bluetooth.o(.data)
    .data                                    0x20000008   Section        8  hc_sr04.o(.data)
    .data                                    0x20000010   Section        1  key.o(.data)
    key_up                                   0x20000010   Data           1  key.o(.data)
    .data                                    0x20000014   Section       44  freertos.o(.data)
    .data                                    0x20000040   Section        8  tim.o(.data)
    .data                                    0x20000048   Section       12  stm32f1xx_hal.o(.data)
    .data                                    0x20000054   Section        4  system_stm32f1xx.o(.data)
    .data                                    0x20000058   Section       60  tasks.o(.data)
    uxDeletedTasksWaitingCleanUp             0x2000005c   Data           4  tasks.o(.data)
    uxCurrentNumberOfTasks                   0x20000060   Data           4  tasks.o(.data)
    xTickCount                               0x20000064   Data           4  tasks.o(.data)
    uxTopReadyPriority                       0x20000068   Data           4  tasks.o(.data)
    xSchedulerRunning                        0x2000006c   Data           4  tasks.o(.data)
    xPendedTicks                             0x20000070   Data           4  tasks.o(.data)
    xYieldPending                            0x20000074   Data           4  tasks.o(.data)
    xNumOfOverflows                          0x20000078   Data           4  tasks.o(.data)
    uxTaskNumber                             0x2000007c   Data           4  tasks.o(.data)
    xNextTaskUnblockTime                     0x20000080   Data           4  tasks.o(.data)
    xIdleTaskHandle                          0x20000084   Data           4  tasks.o(.data)
    uxSchedulerSuspended                     0x20000088   Data           4  tasks.o(.data)
    pxDelayedTaskList                        0x2000008c   Data           4  tasks.o(.data)
    pxOverflowDelayedTaskList                0x20000090   Data           4  tasks.o(.data)
    .data                                    0x20000094   Section       32  heap_4.o(.data)
    pxEnd                                    0x20000094   Data           4  heap_4.o(.data)
    xFreeBytesRemaining                      0x20000098   Data           4  heap_4.o(.data)
    xMinimumEverFreeBytesRemaining           0x2000009c   Data           4  heap_4.o(.data)
    xNumberOfSuccessfulAllocations           0x200000a0   Data           4  heap_4.o(.data)
    xNumberOfSuccessfulFrees                 0x200000a4   Data           4  heap_4.o(.data)
    xBlockAllocatedBit                       0x200000a8   Data           4  heap_4.o(.data)
    xStart                                   0x200000ac   Data           8  heap_4.o(.data)
    .data                                    0x200000b4   Section       12  port.o(.data)
    ucMaxSysCallPriority                     0x200000b4   Data           1  port.o(.data)
    uxCriticalNesting                        0x200000b8   Data           4  port.o(.data)
    ulMaxPRIGROUPValue                       0x200000bc   Data           4  port.o(.data)
    .data                                    0x200000c0   Section        4  stdout.o(.data)
    .bss                                     0x200000c4   Section      128  bluetooth.o(.bss)
    .bss                                     0x20000144   Section      596  freertos.o(.bss)
    xIdleTaskTCBBuffer                       0x20000144   Data          84  freertos.o(.bss)
    xIdleStack                               0x20000198   Data         512  freertos.o(.bss)
    .bss                                     0x20000398   Section       48  adc.o(.bss)
    .bss                                     0x200003c8   Section      216  tim.o(.bss)
    .bss                                     0x200004a0   Section      144  usart.o(.bss)
    .bss                                     0x20000530   Section       72  stm32f1xx_hal_timebase_tim.o(.bss)
    .bss                                     0x20000578   Section      240  tasks.o(.bss)
    pxReadyTasksLists                        0x20000578   Data         140  tasks.o(.bss)
    xDelayedTaskList1                        0x20000604   Data          20  tasks.o(.bss)
    xDelayedTaskList2                        0x20000618   Data          20  tasks.o(.bss)
    xPendingReadyList                        0x2000062c   Data          20  tasks.o(.bss)
    xTasksWaitingTermination                 0x20000640   Data          20  tasks.o(.bss)
    xSuspendedTaskList                       0x20000654   Data          20  tasks.o(.bss)
    .bss                                     0x20000668   Section     6080  heap_4.o(.bss)
    ucHeap                                   0x20000668   Data        6080  heap_4.o(.bss)
    STACK                                    0x20001e28   Section     1024  startup_stm32f103xb.o(STACK)

    Global Symbols

    Symbol Name                              Value     Ov Type        Size  Object(Section)

    BuildAttributes$$THM_ISAv4$P$D$K$B$S$PE$A:L22UL41UL21$X:L11$S22US41US21$IEEE1$IW$USESV6$~STKCKD$USESV7$~SHL$OSPACE$ROPI$EBA8$MICROLIB$REQ8$PRES8$EABIv2 0x00000000   Number         0  anon$$obj.o ABSOLUTE
    __ARM_use_no_argv                        0x00000000   Number         0  main.o ABSOLUTE
    _printf_a                                0x00000000   Number         0  stubs.o ABSOLUTE
    _printf_c                                0x00000000   Number         0  stubs.o ABSOLUTE
    _printf_charcount                        0x00000000   Number         0  stubs.o ABSOLUTE
    _printf_d                                0x00000000   Number         0  stubs.o ABSOLUTE
    _printf_e                                0x00000000   Number         0  stubs.o ABSOLUTE
    _printf_f                                0x00000000   Number         0  stubs.o ABSOLUTE
    _printf_flags                            0x00000000   Number         0  stubs.o ABSOLUTE
    _printf_fp_dec                           0x00000000   Number         0  stubs.o ABSOLUTE
    _printf_fp_hex                           0x00000000   Number         0  stubs.o ABSOLUTE
    _printf_g                                0x00000000   Number         0  stubs.o ABSOLUTE
    _printf_i                                0x00000000   Number         0  stubs.o ABSOLUTE
    _printf_int_dec                          0x00000000   Number         0  stubs.o ABSOLUTE
    _printf_l                                0x00000000   Number         0  stubs.o ABSOLUTE
    _printf_lc                               0x00000000   Number         0  stubs.o ABSOLUTE
    _printf_ll                               0x00000000   Number         0  stubs.o ABSOLUTE
    _printf_lld                              0x00000000   Number         0  stubs.o ABSOLUTE
    _printf_lli                              0x00000000   Number         0  stubs.o ABSOLUTE
    _printf_llo                              0x00000000   Number         0  stubs.o ABSOLUTE
    _printf_llu                              0x00000000   Number         0  stubs.o ABSOLUTE
    _printf_llx                              0x00000000   Number         0  stubs.o ABSOLUTE
    _printf_longlong_dec                     0x00000000   Number         0  stubs.o ABSOLUTE
    _printf_longlong_hex                     0x00000000   Number         0  stubs.o ABSOLUTE
    _printf_longlong_oct                     0x00000000   Number         0  stubs.o ABSOLUTE
    _printf_ls                               0x00000000   Number         0  stubs.o ABSOLUTE
    _printf_mbtowc                           0x00000000   Number         0  stubs.o ABSOLUTE
    _printf_n                                0x00000000   Number         0  stubs.o ABSOLUTE
    _printf_o                                0x00000000   Number         0  stubs.o ABSOLUTE
    _printf_p                                0x00000000   Number         0  stubs.o ABSOLUTE
    _printf_percent                          0x00000000   Number         0  stubs.o ABSOLUTE
    _printf_pre_padding                      0x00000000   Number         0  stubs.o ABSOLUTE
    _printf_return_value                     0x00000000   Number         0  stubs.o ABSOLUTE
    _printf_s                                0x00000000   Number         0  stubs.o ABSOLUTE
    _printf_sizespec                         0x00000000   Number         0  stubs.o ABSOLUTE
    _printf_str                              0x00000000   Number         0  stubs.o ABSOLUTE
    _printf_truncate_signed                  0x00000000   Number         0  stubs.o ABSOLUTE
    _printf_truncate_unsigned                0x00000000   Number         0  stubs.o ABSOLUTE
    _printf_u                                0x00000000   Number         0  stubs.o ABSOLUTE
    _printf_wc                               0x00000000   Number         0  stubs.o ABSOLUTE
    _printf_wctomb                           0x00000000   Number         0  stubs.o ABSOLUTE
    _printf_widthprec                        0x00000000   Number         0  stubs.o ABSOLUTE
    _printf_x                                0x00000000   Number         0  stubs.o ABSOLUTE
    __arm_fini_                               - Undefined Weak Reference
    __cpp_initialize__aeabi_                  - Undefined Weak Reference
    __cxa_finalize                            - Undefined Weak Reference
    __decompress                              - Undefined Weak Reference
    _clock_init                               - Undefined Weak Reference
    _microlib_exit                            - Undefined Weak Reference
    __Vectors_Size                           0x000000ec   Number         0  startup_stm32f103xb.o ABSOLUTE
    __Vectors                                0x08000000   Data           4  startup_stm32f103xb.o(RESET)
    __Vectors_End                            0x080000ec   Data           0  startup_stm32f103xb.o(RESET)
    __main                                   0x080000ed   Thumb Code     0  entry.o(.ARM.Collect$$$$00000000)
    _main_stk                                0x080000ed   Thumb Code     0  entry2.o(.ARM.Collect$$$$00000001)
    _main_scatterload                        0x080000f1   Thumb Code     0  entry5.o(.ARM.Collect$$$$00000004)
    __main_after_scatterload                 0x080000f5   Thumb Code     0  entry5.o(.ARM.Collect$$$$00000004)
    _main_clock                              0x080000f5   Thumb Code     0  entry7b.o(.ARM.Collect$$$$00000008)
    _main_cpp_init                           0x080000f5   Thumb Code     0  entry8b.o(.ARM.Collect$$$$0000000A)
    _main_init                               0x080000f5   Thumb Code     0  entry9a.o(.ARM.Collect$$$$0000000B)
    __rt_lib_shutdown_fini                   0x080000fd   Thumb Code     0  entry12b.o(.ARM.Collect$$$$0000000E)
    __rt_final_cpp                           0x08000101   Thumb Code     0  entry10a.o(.ARM.Collect$$$$0000000F)
    __rt_final_exit                          0x08000101   Thumb Code     0  entry11a.o(.ARM.Collect$$$$00000011)
    SVC_Handler                              0x08000105   Thumb Code    32  port.o(.emb_text)
    __asm___6_port_c_39a90d8d__prvStartFirstTask 0x08000129   Thumb Code    28  port.o(.emb_text)
    PendSV_Handler                           0x08000149   Thumb Code    72  port.o(.emb_text)
    vPortGetIPSR                             0x08000195   Thumb Code     6  port.o(.emb_text)
    Reset_Handler                            0x0800019d   Thumb Code     8  startup_stm32f103xb.o(.text)
    ADC1_2_IRQHandler                        0x080001b7   Thumb Code     0  startup_stm32f103xb.o(.text)
    CAN1_RX1_IRQHandler                      0x080001b7   Thumb Code     0  startup_stm32f103xb.o(.text)
    CAN1_SCE_IRQHandler                      0x080001b7   Thumb Code     0  startup_stm32f103xb.o(.text)
    DMA1_Channel1_IRQHandler                 0x080001b7   Thumb Code     0  startup_stm32f103xb.o(.text)
    DMA1_Channel2_IRQHandler                 0x080001b7   Thumb Code     0  startup_stm32f103xb.o(.text)
    DMA1_Channel3_IRQHandler                 0x080001b7   Thumb Code     0  startup_stm32f103xb.o(.text)
    DMA1_Channel4_IRQHandler                 0x080001b7   Thumb Code     0  startup_stm32f103xb.o(.text)
    DMA1_Channel5_IRQHandler                 0x080001b7   Thumb Code     0  startup_stm32f103xb.o(.text)
    DMA1_Channel6_IRQHandler                 0x080001b7   Thumb Code     0  startup_stm32f103xb.o(.text)
    DMA1_Channel7_IRQHandler                 0x080001b7   Thumb Code     0  startup_stm32f103xb.o(.text)
    EXTI0_IRQHandler                         0x080001b7   Thumb Code     0  startup_stm32f103xb.o(.text)
    EXTI15_10_IRQHandler                     0x080001b7   Thumb Code     0  startup_stm32f103xb.o(.text)
    EXTI1_IRQHandler                         0x080001b7   Thumb Code     0  startup_stm32f103xb.o(.text)
    EXTI2_IRQHandler                         0x080001b7   Thumb Code     0  startup_stm32f103xb.o(.text)
    EXTI3_IRQHandler                         0x080001b7   Thumb Code     0  startup_stm32f103xb.o(.text)
    EXTI4_IRQHandler                         0x080001b7   Thumb Code     0  startup_stm32f103xb.o(.text)
    EXTI9_5_IRQHandler                       0x080001b7   Thumb Code     0  startup_stm32f103xb.o(.text)
    FLASH_IRQHandler                         0x080001b7   Thumb Code     0  startup_stm32f103xb.o(.text)
    I2C1_ER_IRQHandler                       0x080001b7   Thumb Code     0  startup_stm32f103xb.o(.text)
    I2C1_EV_IRQHandler                       0x080001b7   Thumb Code     0  startup_stm32f103xb.o(.text)
    I2C2_ER_IRQHandler                       0x080001b7   Thumb Code     0  startup_stm32f103xb.o(.text)
    I2C2_EV_IRQHandler                       0x080001b7   Thumb Code     0  startup_stm32f103xb.o(.text)
    PVD_IRQHandler                           0x080001b7   Thumb Code     0  startup_stm32f103xb.o(.text)
    RCC_IRQHandler                           0x080001b7   Thumb Code     0  startup_stm32f103xb.o(.text)
    RTC_Alarm_IRQHandler                     0x080001b7   Thumb Code     0  startup_stm32f103xb.o(.text)
    RTC_IRQHandler                           0x080001b7   Thumb Code     0  startup_stm32f103xb.o(.text)
    SPI1_IRQHandler                          0x080001b7   Thumb Code     0  startup_stm32f103xb.o(.text)
    SPI2_IRQHandler                          0x080001b7   Thumb Code     0  startup_stm32f103xb.o(.text)
    TAMPER_IRQHandler                        0x080001b7   Thumb Code     0  startup_stm32f103xb.o(.text)
    TIM1_BRK_IRQHandler                      0x080001b7   Thumb Code     0  startup_stm32f103xb.o(.text)
    TIM1_CC_IRQHandler                       0x080001b7   Thumb Code     0  startup_stm32f103xb.o(.text)
    TIM1_TRG_COM_IRQHandler                  0x080001b7   Thumb Code     0  startup_stm32f103xb.o(.text)
    TIM1_UP_IRQHandler                       0x080001b7   Thumb Code     0  startup_stm32f103xb.o(.text)
    TIM4_IRQHandler                          0x080001b7   Thumb Code     0  startup_stm32f103xb.o(.text)
    USART1_IRQHandler                        0x080001b7   Thumb Code     0  startup_stm32f103xb.o(.text)
    USART3_IRQHandler                        0x080001b7   Thumb Code     0  startup_stm32f103xb.o(.text)
    USBWakeUp_IRQHandler                     0x080001b7   Thumb Code     0  startup_stm32f103xb.o(.text)
    USB_HP_CAN1_TX_IRQHandler                0x080001b7   Thumb Code     0  startup_stm32f103xb.o(.text)
    USB_LP_CAN1_RX0_IRQHandler               0x080001b7   Thumb Code     0  startup_stm32f103xb.o(.text)
    WWDG_IRQHandler                          0x080001b7   Thumb Code     0  startup_stm32f103xb.o(.text)
    __aeabi_llsr                             0x080001c1   Thumb Code    32  llushr.o(.text)
    _ll_ushift_r                             0x080001c1   Thumb Code     0  llushr.o(.text)
    __aeabi_memcpy                           0x080001e1   Thumb Code    36  memcpya.o(.text)
    __aeabi_memcpy4                          0x080001e1   Thumb Code     0  memcpya.o(.text)
    __aeabi_memcpy8                          0x080001e1   Thumb Code     0  memcpya.o(.text)
    __aeabi_memset                           0x08000205   Thumb Code    14  memseta.o(.text)
    __aeabi_memset4                          0x08000205   Thumb Code     0  memseta.o(.text)
    __aeabi_memset8                          0x08000205   Thumb Code     0  memseta.o(.text)
    __aeabi_memclr                           0x08000213   Thumb Code     4  memseta.o(.text)
    __aeabi_memclr4                          0x08000213   Thumb Code     0  memseta.o(.text)
    __aeabi_memclr8                          0x08000213   Thumb Code     0  memseta.o(.text)
    memset                                   0x08000217   Thumb Code    18  memseta.o(.text)
    __aeabi_dmul                             0x08000229   Thumb Code   228  dmul.o(.text)
    __ARM_scalbn                             0x0800030d   Thumb Code    46  dscalb.o(.text)
    scalbn                                   0x0800030d   Thumb Code     0  dscalb.o(.text)
    __aeabi_ui2d                             0x0800033b   Thumb Code    26  dfltui.o(.text)
    __aeabi_d2uiz                            0x08000355   Thumb Code    50  dfixui.o(.text)
    __I$use$fp                               0x08000387   Thumb Code     0  iusefp.o(.text)
    _double_round                            0x08000387   Thumb Code    30  depilogue.o(.text)
    _double_epilogue                         0x080003a5   Thumb Code   156  depilogue.o(.text)
    __scatterload                            0x08000441   Thumb Code    28  init.o(.text)
    __scatterload_rt2                        0x08000441   Thumb Code     0  init.o(.text)
    __aeabi_llsl                             0x08000465   Thumb Code    30  llshl.o(.text)
    _ll_shift_l                              0x08000465   Thumb Code     0  llshl.o(.text)
    ADC_ConversionStop_Disable               0x08000485   Thumb Code    86  stm32f1xx_hal_adc.o(i.ADC_ConversionStop_Disable)
    ADC_Enable                               0x080004dd   Thumb Code   114  stm32f1xx_hal_adc.o(i.ADC_Enable)
    AD_channelConfig                         0x08000559   Thumb Code    14  light_sensor.o(i.AD_channelConfig)
    AD_getValue                              0x08000569   Thumb Code    38  light_sensor.o(i.AD_getValue)
    BlueTooth_Init                           0x08000595   Thumb Code    30  bluetooth.o(i.BlueTooth_Init)
    BusFault_Handler                         0x080005b9   Thumb Code     2  stm32f1xx_it.o(i.BusFault_Handler)
    DebugMon_Handler                         0x080005bb   Thumb Code     2  stm32f1xx_it.o(i.DebugMon_Handler)
    Error_Handler                            0x080005bd   Thumb Code     4  main.o(i.Error_Handler)
    HAL_ADC_ConfigChannel                    0x080005c1   Thumb Code   240  stm32f1xx_hal_adc.o(i.HAL_ADC_ConfigChannel)
    HAL_ADC_GetValue                         0x080006bd   Thumb Code     6  stm32f1xx_hal_adc.o(i.HAL_ADC_GetValue)
    HAL_ADC_Init                             0x080006c5   Thumb Code   272  stm32f1xx_hal_adc.o(i.HAL_ADC_Init)
    HAL_ADC_MspInit                          0x080007e1   Thumb Code    76  adc.o(i.HAL_ADC_MspInit)
    HAL_ADC_PollForConversion                0x08000839   Thumb Code   304  stm32f1xx_hal_adc.o(i.HAL_ADC_PollForConversion)
    HAL_ADC_Start                            0x08000975   Thumb Code   184  stm32f1xx_hal_adc.o(i.HAL_ADC_Start)
    HAL_Delay                                0x08000a35   Thumb Code    32  stm32f1xx_hal.o(i.HAL_Delay)
    HAL_GPIO_Init                            0x08000a59   Thumb Code   446  stm32f1xx_hal_gpio.o(i.HAL_GPIO_Init)
    HAL_GPIO_ReadPin                         0x08000c39   Thumb Code    10  stm32f1xx_hal_gpio.o(i.HAL_GPIO_ReadPin)
    HAL_GPIO_WritePin                        0x08000c43   Thumb Code    10  stm32f1xx_hal_gpio.o(i.HAL_GPIO_WritePin)
    HAL_GetTick                              0x08000c4d   Thumb Code     6  stm32f1xx_hal.o(i.HAL_GetTick)
    HAL_IncTick                              0x08000c59   Thumb Code    12  stm32f1xx_hal.o(i.HAL_IncTick)
    HAL_Init                                 0x08000c69   Thumb Code    32  stm32f1xx_hal.o(i.HAL_Init)
    HAL_InitTick                             0x08000c8d   Thumb Code   134  stm32f1xx_hal_timebase_tim.o(i.HAL_InitTick)
    HAL_MspInit                              0x08000d25   Thumb Code    62  stm32f1xx_hal_msp.o(i.HAL_MspInit)
    HAL_NVIC_EnableIRQ                       0x08000d6d   Thumb Code    26  stm32f1xx_hal_cortex.o(i.HAL_NVIC_EnableIRQ)
    HAL_NVIC_SetPriority                     0x08000d89   Thumb Code    60  stm32f1xx_hal_cortex.o(i.HAL_NVIC_SetPriority)
    HAL_NVIC_SetPriorityGrouping             0x08000dc9   Thumb Code    26  stm32f1xx_hal_cortex.o(i.HAL_NVIC_SetPriorityGrouping)
    HAL_RCCEx_GetPeriphCLKFreq               0x08000ded   Thumb Code   148  stm32f1xx_hal_rcc_ex.o(i.HAL_RCCEx_GetPeriphCLKFreq)
    HAL_RCCEx_PeriphCLKConfig                0x08000e91   Thumb Code   224  stm32f1xx_hal_rcc_ex.o(i.HAL_RCCEx_PeriphCLKConfig)
    HAL_RCC_ClockConfig                      0x08000f7d   Thumb Code   280  stm32f1xx_hal_rcc.o(i.HAL_RCC_ClockConfig)
    HAL_RCC_GetClockConfig                   0x080010a9   Thumb Code    54  stm32f1xx_hal_rcc.o(i.HAL_RCC_GetClockConfig)
    HAL_RCC_GetPCLK1Freq                     0x080010e9   Thumb Code    20  stm32f1xx_hal_rcc.o(i.HAL_RCC_GetPCLK1Freq)
    HAL_RCC_GetPCLK2Freq                     0x08001109   Thumb Code    20  stm32f1xx_hal_rcc.o(i.HAL_RCC_GetPCLK2Freq)
    HAL_RCC_GetSysClockFreq                  0x08001129   Thumb Code    58  stm32f1xx_hal_rcc.o(i.HAL_RCC_GetSysClockFreq)
    HAL_RCC_OscConfig                        0x08001175   Thumb Code   778  stm32f1xx_hal_rcc.o(i.HAL_RCC_OscConfig)
    HAL_TIMEx_BreakCallback                  0x08001495   Thumb Code     2  stm32f1xx_hal_tim_ex.o(i.HAL_TIMEx_BreakCallback)
    HAL_TIMEx_CommutCallback                 0x08001497   Thumb Code     2  stm32f1xx_hal_tim_ex.o(i.HAL_TIMEx_CommutCallback)
    HAL_TIMEx_MasterConfigSynchronization    0x08001499   Thumb Code    92  stm32f1xx_hal_tim_ex.o(i.HAL_TIMEx_MasterConfigSynchronization)
    HAL_TIM_Base_Init                        0x08001501   Thumb Code    90  stm32f1xx_hal_tim.o(i.HAL_TIM_Base_Init)
    HAL_TIM_Base_MspInit                     0x0800155d   Thumb Code    94  tim.o(i.HAL_TIM_Base_MspInit)
    HAL_TIM_Base_Start                       0x080015cd   Thumb Code    66  stm32f1xx_hal_tim.o(i.HAL_TIM_Base_Start)
    HAL_TIM_Base_Start_IT                    0x0800161d   Thumb Code    76  stm32f1xx_hal_tim.o(i.HAL_TIM_Base_Start_IT)
    HAL_TIM_Base_Stop                        0x08001675   Thumb Code    38  stm32f1xx_hal_tim.o(i.HAL_TIM_Base_Stop)
    HAL_TIM_Base_Stop_IT                     0x0800169b   Thumb Code    48  stm32f1xx_hal_tim.o(i.HAL_TIM_Base_Stop_IT)
    HAL_TIM_ConfigClockSource                0x080016cb   Thumb Code   220  stm32f1xx_hal_tim.o(i.HAL_TIM_ConfigClockSource)
    HAL_TIM_IC_CaptureCallback               0x080017a7   Thumb Code     2  stm32f1xx_hal_tim.o(i.HAL_TIM_IC_CaptureCallback)
    HAL_TIM_IRQHandler                       0x080017a9   Thumb Code   304  stm32f1xx_hal_tim.o(i.HAL_TIM_IRQHandler)
    HAL_TIM_MspPostInit                      0x080018d9   Thumb Code    66  tim.o(i.HAL_TIM_MspPostInit)
    HAL_TIM_OC_DelayElapsedCallback          0x08001929   Thumb Code     2  stm32f1xx_hal_tim.o(i.HAL_TIM_OC_DelayElapsedCallback)
    HAL_TIM_PWM_ConfigChannel                0x0800192b   Thumb Code   204  stm32f1xx_hal_tim.o(i.HAL_TIM_PWM_ConfigChannel)
    HAL_TIM_PWM_Init                         0x080019f7   Thumb Code    90  stm32f1xx_hal_tim.o(i.HAL_TIM_PWM_Init)
    HAL_TIM_PWM_MspInit                      0x08001a51   Thumb Code     2  stm32f1xx_hal_tim.o(i.HAL_TIM_PWM_MspInit)
    HAL_TIM_PWM_PulseFinishedCallback        0x08001a53   Thumb Code     2  stm32f1xx_hal_tim.o(i.HAL_TIM_PWM_PulseFinishedCallback)
    HAL_TIM_PWM_Start                        0x08001a55   Thumb Code   144  stm32f1xx_hal_tim.o(i.HAL_TIM_PWM_Start)
    HAL_TIM_PeriodElapsedCallback            0x08001af1   Thumb Code    34  main.o(i.HAL_TIM_PeriodElapsedCallback)
    HAL_TIM_TriggerCallback                  0x08001b1d   Thumb Code     2  stm32f1xx_hal_tim.o(i.HAL_TIM_TriggerCallback)
    HAL_UART_Init                            0x08001b1f   Thumb Code   100  stm32f1xx_hal_uart.o(i.HAL_UART_Init)
    HAL_UART_MspInit                         0x08001b85   Thumb Code   186  usart.o(i.HAL_UART_MspInit)
    HAL_UART_Receive                         0x08001c51   Thumb Code   176  stm32f1xx_hal_uart.o(i.HAL_UART_Receive)
    HAL_UART_Transmit                        0x08001d01   Thumb Code   160  stm32f1xx_hal_uart.o(i.HAL_UART_Transmit)
    HCSR04_Init                              0x08001da1   Thumb Code    14  hc_sr04.o(i.HCSR04_Init)
    HC_start                                 0x08001db1   Thumb Code    64  hc_sr04.o(i.HC_start)
    HardFault_Handler                        0x08001df9   Thumb Code     2  stm32f1xx_it.o(i.HardFault_Handler)
    MX_ADC1_Init                             0x08001dfd   Thumb Code    70  adc.o(i.MX_ADC1_Init)
    MX_FREERTOS_Init                         0x08001e4d   Thumb Code   222  freertos.o(i.MX_FREERTOS_Init)
    MX_GPIO_Init                             0x08001f35   Thumb Code   198  gpio.o(i.MX_GPIO_Init)
    MX_TIM1_Init                             0x08002009   Thumb Code    96  tim.o(i.MX_TIM1_Init)
    MX_TIM3_Init                             0x08002071   Thumb Code    96  tim.o(i.MX_TIM3_Init)
    MX_TIM4_Init                             0x080020d9   Thumb Code   146  tim.o(i.MX_TIM4_Init)
    MX_USART1_UART_Init                      0x08002175   Thumb Code    48  usart.o(i.MX_USART1_UART_Init)
    MX_USART2_UART_Init                      0x080021ad   Thumb Code    48  usart.o(i.MX_USART2_UART_Init)
    MemManage_Handler                        0x080021e5   Thumb Code     2  stm32f1xx_it.o(i.MemManage_Handler)
    NMI_Handler                              0x080021e7   Thumb Code     2  stm32f1xx_it.o(i.NMI_Handler)
    OLED_Clear                               0x080021e9   Thumb Code    38  oled.o(i.OLED_Clear)
    OLED_I2C_Init                            0x08002211   Thumb Code    32  oled.o(i.OLED_I2C_Init)
    OLED_I2C_SendByte                        0x08002235   Thumb Code    78  oled.o(i.OLED_I2C_SendByte)
    OLED_I2C_Start                           0x08002289   Thumb Code    48  oled.o(i.OLED_I2C_Start)
    OLED_I2C_Stop                            0x080022bd   Thumb Code    38  oled.o(i.OLED_I2C_Stop)
    OLED_Init                                0x080022e9   Thumb Code   172  oled.o(i.OLED_Init)
    OLED_Pow                                 0x08002395   Thumb Code    14  oled.o(i.OLED_Pow)
    OLED_SetCursor                           0x080023a3   Thumb Code    34  oled.o(i.OLED_SetCursor)
    OLED_ShowChar                            0x080023c5   Thumb Code    98  oled.o(i.OLED_ShowChar)
    OLED_ShowChineseWord                     0x0800242d   Thumb Code    84  oled.o(i.OLED_ShowChineseWord)
    OLED_ShowNum                             0x08002485   Thumb Code    66  oled.o(i.OLED_ShowNum)
    OLED_ShowString                          0x080024c7   Thumb Code    38  oled.o(i.OLED_ShowString)
    OLED_Show_Init                           0x080024ed   Thumb Code   110  oled.o(i.OLED_Show_Init)
    OLED_WriteCommand                        0x0800255b   Thumb Code    34  oled.o(i.OLED_WriteCommand)
    OLED_WriteData                           0x0800257d   Thumb Code    34  oled.o(i.OLED_WriteData)
    StartBtnMode                             0x080025a1   Thumb Code    92  freertos.o(i.StartBtnMode)
    StartInfrared_Check                      0x08002601   Thumb Code    56  freertos.o(i.StartInfrared_Check)
    StartMeasure                             0x0800263d   Thumb Code    82  freertos.o(i.StartMeasure)
    StartOledShow                            0x08002695   Thumb Code   218  freertos.o(i.StartOledShow)
    StartRemoteMode                          0x08002781   Thumb Code   144  freertos.o(i.StartRemoteMode)
    StartSmartMode                           0x08002815   Thumb Code    62  freertos.o(i.StartSmartMode)
    StartTimCnt                              0x08002859   Thumb Code    36  freertos.o(i.StartTimCnt)
    StartkeyScan                             0x0800287d   Thumb Code    62  freertos.o(i.StartkeyScan)
    SysTick_Handler                          0x080028c1   Thumb Code    38  port.o(i.SysTick_Handler)
    SystemClock_Config                       0x080028ed   Thumb Code   120  main.o(i.SystemClock_Config)
    SystemInit                               0x08002965   Thumb Code     2  system_stm32f1xx.o(i.SystemInit)
    TIM2_IRQHandler                          0x08002969   Thumb Code     6  stm32f1xx_it.o(i.TIM2_IRQHandler)
    TIM3_IRQHandler                          0x08002975   Thumb Code     6  stm32f1xx_it.o(i.TIM3_IRQHandler)
    TIM_Base_SetConfig                       0x08002981   Thumb Code   108  stm32f1xx_hal_tim.o(i.TIM_Base_SetConfig)
    TIM_CCxChannelCmd                        0x080029f9   Thumb Code    26  stm32f1xx_hal_tim.o(i.TIM_CCxChannelCmd)
    TIM_ETR_SetConfig                        0x08002a13   Thumb Code    20  stm32f1xx_hal_tim.o(i.TIM_ETR_SetConfig)
    TIM_OC2_SetConfig                        0x08002a89   Thumb Code    84  stm32f1xx_hal_tim.o(i.TIM_OC2_SetConfig)
    USART2_IRQHandler                        0x08002d3d   Thumb Code    88  bluetooth.o(i.USART2_IRQHandler)
    UsageFault_Handler                       0x08002db9   Thumb Code     2  stm32f1xx_it.o(i.UsageFault_Handler)
    __0printf$2                              0x08002dbd   Thumb Code    22  printf2.o(i.__0printf$2)
    __1printf$2                              0x08002dbd   Thumb Code     0  printf2.o(i.__0printf$2)
    __2printf                                0x08002dbd   Thumb Code     0  printf2.o(i.__0printf$2)
    __scatterload_copy                       0x08002dfd   Thumb Code    14  handlers.o(i.__scatterload_copy)
    __scatterload_null                       0x08002e0b   Thumb Code     2  handlers.o(i.__scatterload_null)
    __scatterload_zeroinit                   0x08002e0d   Thumb Code    14  handlers.o(i.__scatterload_zeroinit)
    beep_init                                0x08002ef1   Thumb Code     4  beep.o(i.beep_init)
    beep_off                                 0x08002ef5   Thumb Code    10  beep.o(i.beep_off)
    beep_on                                  0x08002f05   Thumb Code    12  beep.o(i.beep_on)
    bt_rx_getCmd                             0x08002f15   Thumb Code    10  bluetooth.o(i.bt_rx_getCmd)
    fputc                                    0x08002f25   Thumb Code    26  usart.o(i.fputc)
    get_distance                             0x08002f45   Thumb Code    80  hc_sr04.o(i.get_distance)
    get_lamp_brightness                      0x08002fa9   Thumb Code     6  lamps.o(i.get_lamp_brightness)
    ia_flag_get                              0x08002fb5   Thumb Code    22  infrared_sensor.o(i.ia_flag_get)
    ia_init                                  0x08002fd1   Thumb Code     2  infrared_sensor.o(i.ia_init)
    key_check                                0x08002fd5   Thumb Code   168  key.o(i.key_check)
    key_init                                 0x08003085   Thumb Code     2  key.o(i.key_init)
    lamp_Init                                0x08003087   Thumb Code     4  lamps.o(i.lamp_Init)
    lamp_Middle                              0x0800308d   Thumb Code    16  lamps.o(i.lamp_Middle)
    lamp_high                                0x080030a5   Thumb Code    16  lamps.o(i.lamp_high)
    lamp_low                                 0x080030bd   Thumb Code    16  lamps.o(i.lamp_low)
    lamp_off                                 0x080030d5   Thumb Code    14  lamps.o(i.lamp_off)
    light_Sensor_getValue                    0x080030ed   Thumb Code    16  light_sensor.o(i.light_Sensor_getValue)
    light_Sensor_init                        0x080030fd   Thumb Code     4  light_sensor.o(i.light_Sensor_init)
    main                                     0x08003101   Thumb Code    94  main.o(i.main)
    osDelay                                  0x08003171   Thumb Code    14  cmsis_os.o(i.osDelay)
    osKernelStart                            0x0800317f   Thumb Code    10  cmsis_os.o(i.osKernelStart)
    osMessageCreate                          0x08003189   Thumb Code    38  cmsis_os.o(i.osMessageCreate)
    osMutexCreate                            0x080031af   Thumb Code    16  cmsis_os.o(i.osMutexCreate)
    osThreadCreate                           0x080031bf   Thumb Code    84  cmsis_os.o(i.osThreadCreate)
    pvPortMalloc                             0x080036a9   Thumb Code   216  heap_4.o(i.pvPortMalloc)
    pvTaskIncrementMutexHeldCount            0x08003785   Thumb Code    18  tasks.o(i.pvTaskIncrementMutexHeldCount)
    pxPortInitialiseStack                    0x0800379d   Thumb Code    32  port.o(i.pxPortInitialiseStack)
    sit_time_get                             0x080037c1   Thumb Code     6  tim.o(i.sit_time_get)
    sit_time_set                             0x080037cd   Thumb Code     6  tim.o(i.sit_time_set)
    timer1_start                             0x080037d9   Thumb Code     6  tim.o(i.timer1_start)
    timer1_stop                              0x080037e5   Thumb Code     6  tim.o(i.timer1_stop)
    timer3_start                             0x080037f1   Thumb Code    26  tim.o(i.timer3_start)
    timer3_stop                              0x08003815   Thumb Code    16  tim.o(i.timer3_stop)
    timer3_toggle                            0x0800382d   Thumb Code    14  tim.o(i.timer3_toggle)
    uxListRemove                             0x08003841   Thumb Code    38  list.o(i.uxListRemove)
    vApplicationGetIdleTaskMemory            0x08003869   Thumb Code    16  freertos.o(i.vApplicationGetIdleTaskMemory)
    vListInitialise                          0x0800387d   Thumb Code    22  list.o(i.vListInitialise)
    vListInitialiseItem                      0x08003893   Thumb Code     6  list.o(i.vListInitialiseItem)
    vListInsert                              0x08003899   Thumb Code    48  list.o(i.vListInsert)
    vListInsertEnd                           0x080038c9   Thumb Code    24  list.o(i.vListInsertEnd)
    vPortEnterCritical                       0x080038e1   Thumb Code    54  port.o(i.vPortEnterCritical)
    vPortExitCritical                        0x08003921   Thumb Code    34  port.o(i.vPortExitCritical)
    vPortFree                                0x08003949   Thumb Code    94  heap_4.o(i.vPortFree)
    vPortSetupTimerInterrupt                 0x080039ad   Thumb Code    32  port.o(i.vPortSetupTimerInterrupt)
    vTaskDelay                               0x080039d1   Thumb Code    66  tasks.o(i.vTaskDelay)
    vTaskInternalSetTimeOutState             0x08003a1d   Thumb Code    12  tasks.o(i.vTaskInternalSetTimeOutState)
    vTaskMissedYield                         0x08003a2d   Thumb Code     8  tasks.o(i.vTaskMissedYield)
    vTaskPlaceOnEventList                    0x08003a39   Thumb Code    44  tasks.o(i.vTaskPlaceOnEventList)
    vTaskPriorityDisinheritAfterTimeout      0x08003a69   Thumb Code   152  tasks.o(i.vTaskPriorityDisinheritAfterTimeout)
    vTaskStartScheduler                      0x08003b09   Thumb Code    90  tasks.o(i.vTaskStartScheduler)
    vTaskSuspendAll                          0x08003b75   Thumb Code    10  tasks.o(i.vTaskSuspendAll)
    vTaskSwitchContext                       0x08003b85   Thumb Code    82  tasks.o(i.vTaskSwitchContext)
    xPortStartScheduler                      0x08003be1   Thumb Code   154  port.o(i.xPortStartScheduler)
    xQueueCreateMutex                        0x08003c89   Thumb Code    22  queue.o(i.xQueueCreateMutex)
    xQueueCreateMutexStatic                  0x08003c9f   Thumb Code    26  queue.o(i.xQueueCreateMutexStatic)
    xQueueGenericCreate                      0x08003cb9   Thumb Code    66  queue.o(i.xQueueGenericCreate)
    xQueueGenericCreateStatic                0x08003cfb   Thumb Code   102  queue.o(i.xQueueGenericCreateStatic)
    xQueueGenericReset                       0x08003d61   Thumb Code   132  queue.o(i.xQueueGenericReset)
    xQueueGenericSend                        0x08003de9   Thumb Code   346  queue.o(i.xQueueGenericSend)
    xQueueReceive                            0x08003f49   Thumb Code   308  queue.o(i.xQueueReceive)
    xQueueSemaphoreTake                      0x08004081   Thumb Code   372  queue.o(i.xQueueSemaphoreTake)
    xTaskCheckForTimeOut                     0x080041f9   Thumb Code   112  tasks.o(i.xTaskCheckForTimeOut)
    xTaskCreate                              0x0800426d   Thumb Code    90  tasks.o(i.xTaskCreate)
    xTaskCreateStatic                        0x080042c7   Thumb Code    86  tasks.o(i.xTaskCreateStatic)
    xTaskGetSchedulerState                   0x0800431d   Thumb Code    22  tasks.o(i.xTaskGetSchedulerState)
    xTaskIncrementTick                       0x08004339   Thumb Code   194  tasks.o(i.xTaskIncrementTick)
    xTaskPriorityDisinherit                  0x08004405   Thumb Code   144  tasks.o(i.xTaskPriorityDisinherit)
    xTaskPriorityInherit                     0x0800449d   Thumb Code   130  tasks.o(i.xTaskPriorityInherit)
    xTaskRemoveFromEventList                 0x08004529   Thumb Code   108  tasks.o(i.xTaskRemoveFromEventList)
    xTaskResumeAll                           0x0800459d   Thumb Code   182  tasks.o(i.xTaskResumeAll)
    OLED_Chinese_F16x16                      0x08004660   Data         608  oled.o(.constdata)
    OLED_F8x16                               0x080048c0   Data        1520  oled.o(.constdata)
    AHBPrescTable                            0x08004fc4   Data          16  system_stm32f1xx.o(.constdata)
    APBPrescTable                            0x08004fd4   Data           8  system_stm32f1xx.o(.constdata)
    Region$$Table$$Base                      0x08005030   Number         0  anon$$obj.o(Region$$Table)
    Region$$Table$$Limit                     0x08005050   Number         0  anon$$obj.o(Region$$Table)
    lamp_brightness                          0x20000000   Data           1  lamps.o(.data)
    command                                  0x20000001   Data           1  bluetooth.o(.data)
    distance                                 0x20000008   Data           8  hc_sr04.o(.data)
    person_flag                              0x20000014   Data           1  freertos.o(.data)
    measure_enable                           0x20000015   Data           1  freertos.o(.data)
    key_num                                  0x20000016   Data           1  freertos.o(.data)
    lamp_mode                                0x20000017   Data           1  freertos.o(.data)
    Infrared_CheckHandle                     0x20000018   Data           4  freertos.o(.data)
    keyScanHandle                            0x2000001c   Data           4  freertos.o(.data)
    SmartModeHandle                          0x20000020   Data           4  freertos.o(.data)
    BtnModeHandle                            0x20000024   Data           4  freertos.o(.data)
    RemoteModeHandle                         0x20000028   Data           4  freertos.o(.data)
    TimCntHandle                             0x2000002c   Data           4  freertos.o(.data)
    OledShowHandle                           0x20000030   Data           4  freertos.o(.data)
    MeasureHandle                            0x20000034   Data           4  freertos.o(.data)
    myQueueHandle                            0x20000038   Data           4  freertos.o(.data)
    myMutexHandle                            0x2000003c   Data           4  freertos.o(.data)
    timer_running                            0x20000040   Data           1  tim.o(.data)
    sit_time                                 0x20000044   Data           4  tim.o(.data)
    uwTickFreq                               0x20000048   Data           1  stm32f1xx_hal.o(.data)
    uwTickPrio                               0x2000004c   Data           4  stm32f1xx_hal.o(.data)
    uwTick                                   0x20000050   Data           4  stm32f1xx_hal.o(.data)
    SystemCoreClock                          0x20000054   Data           4  system_stm32f1xx.o(.data)
    pxCurrentTCB                             0x20000058   Data           4  tasks.o(.data)
    __stdout                                 0x200000c0   Data           4  stdout.o(.data)
    Rx2Buf                                   0x200000c4   Data         128  bluetooth.o(.bss)
    hadc1                                    0x20000398   Data          48  adc.o(.bss)
    htim1                                    0x200003c8   Data          72  tim.o(.bss)
    htim3                                    0x20000410   Data          72  tim.o(.bss)
    htim4                                    0x20000458   Data          72  tim.o(.bss)
    huart1                                   0x200004a0   Data          72  usart.o(.bss)
    huart2                                   0x200004e8   Data          72  usart.o(.bss)
    htim2                                    0x20000530   Data          72  stm32f1xx_hal_timebase_tim.o(.bss)
    __initial_sp                             0x20002228   Data           0  startup_stm32f103xb.o(STACK)



==============================================================================

Memory Map of the image

  Image Entry point : 0x080000ed

  Load Region LR_IROM1 (Base: 0x08000000, Size: 0x00005114, Max: 0x00010000, ABSOLUTE)

    Execution Region ER_IROM1 (Exec base: 0x08000000, Load base: 0x08000000, Size: 0x00005050, Max: 0x00010000, ABSOLUTE)

    Exec Addr    Load Addr    Size         Type   Attr      Idx    E Section Name        Object

    0x08000000   0x08000000   0x000000ec   Data   RO            3    RESET               startup_stm32f103xb.o
    0x080000ec   0x080000ec   0x00000000   Code   RO         5088  * .ARM.Collect$$$$00000000  mc_w.l(entry.o)
    0x080000ec   0x080000ec   0x00000004   Code   RO         5370    .ARM.Collect$$$$00000001  mc_w.l(entry2.o)
    0x080000f0   0x080000f0   0x00000004   Code   RO         5373    .ARM.Collect$$$$00000004  mc_w.l(entry5.o)
    0x080000f4   0x080000f4   0x00000000   Code   RO         5375    .ARM.Collect$$$$00000008  mc_w.l(entry7b.o)
    0x080000f4   0x080000f4   0x00000000   Code   RO         5377    .ARM.Collect$$$$0000000A  mc_w.l(entry8b.o)
    0x080000f4   0x080000f4   0x00000008   Code   RO         5378    .ARM.Collect$$$$0000000B  mc_w.l(entry9a.o)
    0x080000fc   0x080000fc   0x00000004   Code   RO         5385    .ARM.Collect$$$$0000000E  mc_w.l(entry12b.o)
    0x08000100   0x08000100   0x00000000   Code   RO         5380    .ARM.Collect$$$$0000000F  mc_w.l(entry10a.o)
    0x08000100   0x08000100   0x00000000   Code   RO         5382    .ARM.Collect$$$$00000011  mc_w.l(entry11a.o)
    0x08000100   0x08000100   0x00000004   Code   RO         5371    .ARM.Collect$$$$00002712  mc_w.l(entry2.o)
    0x08000104   0x08000104   0x00000096   Code   RO         5011    .emb_text           port.o
    0x0800019a   0x0800019a   0x00000002   PAD
    0x0800019c   0x0800019c   0x00000024   Code   RO            4    .text               startup_stm32f103xb.o
    0x080001c0   0x080001c0   0x00000020   Code   RO         5091    .text               mc_w.l(llushr.o)
    0x080001e0   0x080001e0   0x00000024   Code   RO         5093    .text               mc_w.l(memcpya.o)
    0x08000204   0x08000204   0x00000024   Code   RO         5097    .text               mc_w.l(memseta.o)
    0x08000228   0x08000228   0x000000e4   Code   RO         5362    .text               mf_w.l(dmul.o)
    0x0800030c   0x0800030c   0x0000002e   Code   RO         5364    .text               mf_w.l(dscalb.o)
    0x0800033a   0x0800033a   0x0000001a   Code   RO         5366    .text               mf_w.l(dfltui.o)
    0x08000354   0x08000354   0x00000032   Code   RO         5368    .text               mf_w.l(dfixui.o)
    0x08000386   0x08000386   0x00000000   Code   RO         5391    .text               mc_w.l(iusefp.o)
    0x08000386   0x08000386   0x000000ba   Code   RO         5392    .text               mf_w.l(depilogue.o)
    0x08000440   0x08000440   0x00000024   Code   RO         5402    .text               mc_w.l(init.o)
    0x08000464   0x08000464   0x0000001e   Code   RO         5404    .text               mc_w.l(llshl.o)
    0x08000482   0x08000482   0x00000002   PAD
    0x08000484   0x08000484   0x00000056   Code   RO         1173    i.ADC_ConversionStop_Disable  stm32f1xx_hal_adc.o
    0x080004da   0x080004da   0x00000002   PAD
    0x080004dc   0x080004dc   0x0000007c   Code   RO         1177    i.ADC_Enable        stm32f1xx_hal_adc.o
    0x08000558   0x08000558   0x0000000e   Code   RO          420    i.AD_channelConfig  light_sensor.o
    0x08000566   0x08000566   0x00000002   PAD
    0x08000568   0x08000568   0x0000002c   Code   RO          421    i.AD_getValue       light_sensor.o
    0x08000594   0x08000594   0x00000024   Code   RO          309    i.BlueTooth_Init    bluetooth.o
    0x080005b8   0x080005b8   0x00000002   Code   RO         1004    i.BusFault_Handler  stm32f1xx_it.o
    0x080005ba   0x080005ba   0x00000002   Code   RO         1005    i.DebugMon_Handler  stm32f1xx_it.o
    0x080005bc   0x080005bc   0x00000004   Code   RO          578    i.Error_Handler     main.o
    0x080005c0   0x080005c0   0x000000fc   Code   RO         1179    i.HAL_ADC_ConfigChannel  stm32f1xx_hal_adc.o
    0x080006bc   0x080006bc   0x00000006   Code   RO         1186    i.HAL_ADC_GetValue  stm32f1xx_hal_adc.o
    0x080006c2   0x080006c2   0x00000002   PAD
    0x080006c4   0x080006c4   0x0000011c   Code   RO         1188    i.HAL_ADC_Init      stm32f1xx_hal_adc.o
    0x080007e0   0x080007e0   0x00000058   Code   RO          807    i.HAL_ADC_MspInit   adc.o
    0x08000838   0x08000838   0x0000013c   Code   RO         1192    i.HAL_ADC_PollForConversion  stm32f1xx_hal_adc.o
    0x08000974   0x08000974   0x000000c0   Code   RO         1194    i.HAL_ADC_Start     stm32f1xx_hal_adc.o
    0x08000a34   0x08000a34   0x00000024   Code   RO         1456    i.HAL_Delay         stm32f1xx_hal.o
    0x08000a58   0x08000a58   0x000001e0   Code   RO         1766    i.HAL_GPIO_Init     stm32f1xx_hal_gpio.o
    0x08000c38   0x08000c38   0x0000000a   Code   RO         1768    i.HAL_GPIO_ReadPin  stm32f1xx_hal_gpio.o
    0x08000c42   0x08000c42   0x0000000a   Code   RO         1770    i.HAL_GPIO_WritePin  stm32f1xx_hal_gpio.o
    0x08000c4c   0x08000c4c   0x0000000c   Code   RO         1460    i.HAL_GetTick       stm32f1xx_hal.o
    0x08000c58   0x08000c58   0x00000010   Code   RO         1466    i.HAL_IncTick       stm32f1xx_hal.o
    0x08000c68   0x08000c68   0x00000024   Code   RO         1467    i.HAL_Init          stm32f1xx_hal.o
    0x08000c8c   0x08000c8c   0x00000098   Code   RO         1098    i.HAL_InitTick      stm32f1xx_hal_timebase_tim.o
    0x08000d24   0x08000d24   0x00000048   Code   RO         1074    i.HAL_MspInit       stm32f1xx_hal_msp.o
    0x08000d6c   0x08000d6c   0x0000001a   Code   RO         1926    i.HAL_NVIC_EnableIRQ  stm32f1xx_hal_cortex.o
    0x08000d86   0x08000d86   0x00000002   PAD
    0x08000d88   0x08000d88   0x00000040   Code   RO         1932    i.HAL_NVIC_SetPriority  stm32f1xx_hal_cortex.o
    0x08000dc8   0x08000dc8   0x00000024   Code   RO         1933    i.HAL_NVIC_SetPriorityGrouping  stm32f1xx_hal_cortex.o
    0x08000dec   0x08000dec   0x000000a4   Code   RO         1727    i.HAL_RCCEx_GetPeriphCLKFreq  stm32f1xx_hal_rcc_ex.o
    0x08000e90   0x08000e90   0x000000ec   Code   RO         1728    i.HAL_RCCEx_PeriphCLKConfig  stm32f1xx_hal_rcc_ex.o
    0x08000f7c   0x08000f7c   0x0000012c   Code   RO         1624    i.HAL_RCC_ClockConfig  stm32f1xx_hal_rcc.o
    0x080010a8   0x080010a8   0x00000040   Code   RO         1628    i.HAL_RCC_GetClockConfig  stm32f1xx_hal_rcc.o
    0x080010e8   0x080010e8   0x00000020   Code   RO         1631    i.HAL_RCC_GetPCLK1Freq  stm32f1xx_hal_rcc.o
    0x08001108   0x08001108   0x00000020   Code   RO         1632    i.HAL_RCC_GetPCLK2Freq  stm32f1xx_hal_rcc.o
    0x08001128   0x08001128   0x0000004c   Code   RO         1633    i.HAL_RCC_GetSysClockFreq  stm32f1xx_hal_rcc.o
    0x08001174   0x08001174   0x00000320   Code   RO         1636    i.HAL_RCC_OscConfig  stm32f1xx_hal_rcc.o
    0x08001494   0x08001494   0x00000002   Code   RO         3132    i.HAL_TIMEx_BreakCallback  stm32f1xx_hal_tim_ex.o
    0x08001496   0x08001496   0x00000002   Code   RO         3133    i.HAL_TIMEx_CommutCallback  stm32f1xx_hal_tim_ex.o
    0x08001498   0x08001498   0x00000068   Code   RO         3151    i.HAL_TIMEx_MasterConfigSynchronization  stm32f1xx_hal_tim_ex.o
    0x08001500   0x08001500   0x0000005a   Code   RO         2428    i.HAL_TIM_Base_Init  stm32f1xx_hal_tim.o
    0x0800155a   0x0800155a   0x00000002   PAD
    0x0800155c   0x0800155c   0x00000070   Code   RO          849    i.HAL_TIM_Base_MspInit  tim.o
    0x080015cc   0x080015cc   0x00000050   Code   RO         2431    i.HAL_TIM_Base_Start  stm32f1xx_hal_tim.o
    0x0800161c   0x0800161c   0x00000058   Code   RO         2433    i.HAL_TIM_Base_Start_IT  stm32f1xx_hal_tim.o
    0x08001674   0x08001674   0x00000026   Code   RO         2434    i.HAL_TIM_Base_Stop  stm32f1xx_hal_tim.o
    0x0800169a   0x0800169a   0x00000030   Code   RO         2436    i.HAL_TIM_Base_Stop_IT  stm32f1xx_hal_tim.o
    0x080016ca   0x080016ca   0x000000dc   Code   RO         2437    i.HAL_TIM_ConfigClockSource  stm32f1xx_hal_tim.o
    0x080017a6   0x080017a6   0x00000002   Code   RO         2462    i.HAL_TIM_IC_CaptureCallback  stm32f1xx_hal_tim.o
    0x080017a8   0x080017a8   0x00000130   Code   RO         2476    i.HAL_TIM_IRQHandler  stm32f1xx_hal_tim.o
    0x080018d8   0x080018d8   0x00000050   Code   RO          850    i.HAL_TIM_MspPostInit  tim.o
    0x08001928   0x08001928   0x00000002   Code   RO         2479    i.HAL_TIM_OC_DelayElapsedCallback  stm32f1xx_hal_tim.o
    0x0800192a   0x0800192a   0x000000cc   Code   RO         2500    i.HAL_TIM_PWM_ConfigChannel  stm32f1xx_hal_tim.o
    0x080019f6   0x080019f6   0x0000005a   Code   RO         2503    i.HAL_TIM_PWM_Init  stm32f1xx_hal_tim.o
    0x08001a50   0x08001a50   0x00000002   Code   RO         2505    i.HAL_TIM_PWM_MspInit  stm32f1xx_hal_tim.o
    0x08001a52   0x08001a52   0x00000002   Code   RO         2506    i.HAL_TIM_PWM_PulseFinishedCallback  stm32f1xx_hal_tim.o
    0x08001a54   0x08001a54   0x0000009c   Code   RO         2508    i.HAL_TIM_PWM_Start  stm32f1xx_hal_tim.o
    0x08001af0   0x08001af0   0x0000002c   Code   RO          579    i.HAL_TIM_PeriodElapsedCallback  main.o
    0x08001b1c   0x08001b1c   0x00000002   Code   RO         2519    i.HAL_TIM_TriggerCallback  stm32f1xx_hal_tim.o
    0x08001b1e   0x08001b1e   0x00000064   Code   RO         3429    i.HAL_UART_Init     stm32f1xx_hal_uart.o
    0x08001b82   0x08001b82   0x00000002   PAD
    0x08001b84   0x08001b84   0x000000cc   Code   RO          951    i.HAL_UART_MspInit  usart.o
    0x08001c50   0x08001c50   0x000000b0   Code   RO         3432    i.HAL_UART_Receive  stm32f1xx_hal_uart.o
    0x08001d00   0x08001d00   0x000000a0   Code   RO         3437    i.HAL_UART_Transmit  stm32f1xx_hal_uart.o
    0x08001da0   0x08001da0   0x0000000e   Code   RO          378    i.HCSR04_Init       hc_sr04.o
    0x08001dae   0x08001dae   0x00000002   PAD
    0x08001db0   0x08001db0   0x00000048   Code   RO          379    i.HC_start          hc_sr04.o
    0x08001df8   0x08001df8   0x00000002   Code   RO         1006    i.HardFault_Handler  stm32f1xx_it.o
    0x08001dfa   0x08001dfa   0x00000002   PAD
    0x08001dfc   0x08001dfc   0x00000050   Code   RO          808    i.MX_ADC1_Init      adc.o
    0x08001e4c   0x08001e4c   0x000000e8   Code   RO          714    i.MX_FREERTOS_Init  freertos.o
    0x08001f34   0x08001f34   0x000000d4   Code   RO          690    i.MX_GPIO_Init      gpio.o
    0x08002008   0x08002008   0x00000068   Code   RO          851    i.MX_TIM1_Init      tim.o
    0x08002070   0x08002070   0x00000068   Code   RO          852    i.MX_TIM3_Init      tim.o
    0x080020d8   0x080020d8   0x0000009c   Code   RO          853    i.MX_TIM4_Init      tim.o
    0x08002174   0x08002174   0x00000038   Code   RO          952    i.MX_USART1_UART_Init  usart.o
    0x080021ac   0x080021ac   0x00000038   Code   RO          953    i.MX_USART2_UART_Init  usart.o
    0x080021e4   0x080021e4   0x00000002   Code   RO         1007    i.MemManage_Handler  stm32f1xx_it.o
    0x080021e6   0x080021e6   0x00000002   Code   RO         1008    i.NMI_Handler       stm32f1xx_it.o
    0x080021e8   0x080021e8   0x00000026   Code   RO          180    i.OLED_Clear        oled.o
    0x0800220e   0x0800220e   0x00000002   PAD
    0x08002210   0x08002210   0x00000024   Code   RO          181    i.OLED_I2C_Init     oled.o
    0x08002234   0x08002234   0x00000054   Code   RO          182    i.OLED_I2C_SendByte  oled.o
    0x08002288   0x08002288   0x00000034   Code   RO          183    i.OLED_I2C_Start    oled.o
    0x080022bc   0x080022bc   0x0000002c   Code   RO          184    i.OLED_I2C_Stop     oled.o
    0x080022e8   0x080022e8   0x000000ac   Code   RO          185    i.OLED_Init         oled.o
    0x08002394   0x08002394   0x0000000e   Code   RO          186    i.OLED_Pow          oled.o
    0x080023a2   0x080023a2   0x00000022   Code   RO          187    i.OLED_SetCursor    oled.o
    0x080023c4   0x080023c4   0x00000068   Code   RO          189    i.OLED_ShowChar     oled.o
    0x0800242c   0x0800242c   0x00000058   Code   RO          190    i.OLED_ShowChineseWord  oled.o
    0x08002484   0x08002484   0x00000042   Code   RO          192    i.OLED_ShowNum      oled.o
    0x080024c6   0x080024c6   0x00000026   Code   RO          194    i.OLED_ShowString   oled.o
    0x080024ec   0x080024ec   0x0000006e   Code   RO          195    i.OLED_Show_Init    oled.o
    0x0800255a   0x0800255a   0x00000022   Code   RO          196    i.OLED_WriteCommand  oled.o
    0x0800257c   0x0800257c   0x00000022   Code   RO          197    i.OLED_WriteData    oled.o
    0x0800259e   0x0800259e   0x00000002   PAD
    0x080025a0   0x080025a0   0x00000060   Code   RO          715    i.StartBtnMode      freertos.o
    0x08002600   0x08002600   0x0000003c   Code   RO          716    i.StartInfrared_Check  freertos.o
    0x0800263c   0x0800263c   0x00000058   Code   RO          717    i.StartMeasure      freertos.o
    0x08002694   0x08002694   0x000000ec   Code   RO          718    i.StartOledShow     freertos.o
    0x08002780   0x08002780   0x00000094   Code   RO          719    i.StartRemoteMode   freertos.o
    0x08002814   0x08002814   0x00000044   Code   RO          720    i.StartSmartMode    freertos.o
    0x08002858   0x08002858   0x00000024   Code   RO          721    i.StartTimCnt       freertos.o
    0x0800287c   0x0800287c   0x00000044   Code   RO          722    i.StartkeyScan      freertos.o
    0x080028c0   0x080028c0   0x0000002c   Code   RO         5012    i.SysTick_Handler   port.o
    0x080028ec   0x080028ec   0x00000078   Code   RO          580    i.SystemClock_Config  main.o
    0x08002964   0x08002964   0x00000002   Code   RO         3763    i.SystemInit        system_stm32f1xx.o
    0x08002966   0x08002966   0x00000002   PAD
    0x08002968   0x08002968   0x0000000c   Code   RO         1009    i.TIM2_IRQHandler   stm32f1xx_it.o
    0x08002974   0x08002974   0x0000000c   Code   RO         1010    i.TIM3_IRQHandler   stm32f1xx_it.o
    0x08002980   0x08002980   0x00000078   Code   RO         2521    i.TIM_Base_SetConfig  stm32f1xx_hal_tim.o
    0x080029f8   0x080029f8   0x0000001a   Code   RO         2522    i.TIM_CCxChannelCmd  stm32f1xx_hal_tim.o
    0x08002a12   0x08002a12   0x00000014   Code   RO         2532    i.TIM_ETR_SetConfig  stm32f1xx_hal_tim.o
    0x08002a26   0x08002a26   0x00000010   Code   RO         2533    i.TIM_ITRx_SetConfig  stm32f1xx_hal_tim.o
    0x08002a36   0x08002a36   0x00000002   PAD
    0x08002a38   0x08002a38   0x00000050   Code   RO         2534    i.TIM_OC1_SetConfig  stm32f1xx_hal_tim.o
    0x08002a88   0x08002a88   0x00000058   Code   RO         2535    i.TIM_OC2_SetConfig  stm32f1xx_hal_tim.o
    0x08002ae0   0x08002ae0   0x00000058   Code   RO         2536    i.TIM_OC3_SetConfig  stm32f1xx_hal_tim.o
    0x08002b38   0x08002b38   0x00000044   Code   RO         2537    i.TIM_OC4_SetConfig  stm32f1xx_hal_tim.o
    0x08002b7c   0x08002b7c   0x00000022   Code   RO         2539    i.TIM_TI1_ConfigInputStage  stm32f1xx_hal_tim.o
    0x08002b9e   0x08002b9e   0x00000024   Code   RO         2541    i.TIM_TI2_ConfigInputStage  stm32f1xx_hal_tim.o
    0x08002bc2   0x08002bc2   0x0000004e   Code   RO         3452    i.UART_EndRxTransfer  stm32f1xx_hal_uart.o
    0x08002c10   0x08002c10   0x000000b8   Code   RO         3455    i.UART_SetConfig    stm32f1xx_hal_uart.o
    0x08002cc8   0x08002cc8   0x00000072   Code   RO         3458    i.UART_WaitOnFlagUntilTimeout  stm32f1xx_hal_uart.o
    0x08002d3a   0x08002d3a   0x00000002   PAD
    0x08002d3c   0x08002d3c   0x0000007c   Code   RO          311    i.USART2_IRQHandler  bluetooth.o
    0x08002db8   0x08002db8   0x00000002   Code   RO         1011    i.UsageFault_Handler  stm32f1xx_it.o
    0x08002dba   0x08002dba   0x00000002   PAD
    0x08002dbc   0x08002dbc   0x00000020   Code   RO         5168    i.__0printf$2       mc_w.l(printf2.o)
    0x08002ddc   0x08002ddc   0x00000020   Code   RO         1939    i.__NVIC_SetPriority  stm32f1xx_hal_cortex.o
    0x08002dfc   0x08002dfc   0x0000000e   Code   RO         5410    i.__scatterload_copy  mc_w.l(handlers.o)
    0x08002e0a   0x08002e0a   0x00000002   Code   RO         5411    i.__scatterload_null  mc_w.l(handlers.o)
    0x08002e0c   0x08002e0c   0x0000000e   Code   RO         5412    i.__scatterload_zeroinit  mc_w.l(handlers.o)
    0x08002e1a   0x08002e1a   0x000000d6   Code   RO         5175    i._printf_core      mc_w.l(printf2.o)
    0x08002ef0   0x08002ef0   0x00000004   Code   RO          469    i.beep_init         beep.o
    0x08002ef4   0x08002ef4   0x00000010   Code   RO          470    i.beep_off          beep.o
    0x08002f04   0x08002f04   0x00000010   Code   RO          471    i.beep_on           beep.o
    0x08002f14   0x08002f14   0x00000010   Code   RO          312    i.bt_rx_getCmd      bluetooth.o
    0x08002f24   0x08002f24   0x00000020   Code   RO          954    i.fputc             usart.o
    0x08002f44   0x08002f44   0x00000064   Code   RO          380    i.get_distance      hc_sr04.o
    0x08002fa8   0x08002fa8   0x0000000c   Code   RO           14    i.get_lamp_brightness  lamps.o
    0x08002fb4   0x08002fb4   0x0000001c   Code   RO          508    i.ia_flag_get       infrared_sensor.o
    0x08002fd0   0x08002fd0   0x00000002   Code   RO          509    i.ia_init           infrared_sensor.o
    0x08002fd2   0x08002fd2   0x00000002   PAD
    0x08002fd4   0x08002fd4   0x000000b0   Code   RO          544    i.key_check         key.o
    0x08003084   0x08003084   0x00000002   Code   RO          545    i.key_init          key.o
    0x08003086   0x08003086   0x00000004   Code   RO           15    i.lamp_Init         lamps.o
    0x0800308a   0x0800308a   0x00000002   PAD
    0x0800308c   0x0800308c   0x00000018   Code   RO           16    i.lamp_Middle       lamps.o
    0x080030a4   0x080030a4   0x00000018   Code   RO           17    i.lamp_high         lamps.o
    0x080030bc   0x080030bc   0x00000018   Code   RO           18    i.lamp_low          lamps.o
    0x080030d4   0x080030d4   0x00000018   Code   RO           19    i.lamp_off          lamps.o
    0x080030ec   0x080030ec   0x00000010   Code   RO          422    i.light_Sensor_getValue  light_sensor.o
    0x080030fc   0x080030fc   0x00000004   Code   RO          423    i.light_Sensor_init  light_sensor.o
    0x08003100   0x08003100   0x00000064   Code   RO          581    i.main              main.o
    0x08003164   0x08003164   0x0000000c   Code   RO         4577    i.makeFreeRtosPriority  cmsis_os.o
    0x08003170   0x08003170   0x0000000e   Code   RO         4579    i.osDelay           cmsis_os.o
    0x0800317e   0x0800317e   0x0000000a   Code   RO         4582    i.osKernelStart     cmsis_os.o
    0x08003188   0x08003188   0x00000026   Code   RO         4591    i.osMessageCreate   cmsis_os.o
    0x080031ae   0x080031ae   0x00000010   Code   RO         4597    i.osMutexCreate     cmsis_os.o
    0x080031be   0x080031be   0x00000054   Code   RO         4616    i.osThreadCreate    cmsis_os.o
    0x08003212   0x08003212   0x00000002   PAD
    0x08003214   0x08003214   0x00000070   Code   RO         4259    i.prvAddCurrentTaskToDelayedList  tasks.o
    0x08003284   0x08003284   0x000000d0   Code   RO         4260    i.prvAddNewTaskToReadyList  tasks.o
    0x08003354   0x08003354   0x00000026   Code   RO         3941    i.prvCopyDataFromQueue  queue.o
    0x0800337a   0x0800337a   0x0000006c   Code   RO         3942    i.prvCopyDataToQueue  queue.o
    0x080033e6   0x080033e6   0x00000034   Code   RO         4261    i.prvDeleteTCB      tasks.o
    0x0800341a   0x0800341a   0x00000002   PAD
    0x0800341c   0x0800341c   0x0000004c   Code   RO         4944    i.prvHeapInit       heap_4.o
    0x08003468   0x08003468   0x00000060   Code   RO         4262    i.prvIdleTask       tasks.o
    0x080034c8   0x080034c8   0x00000016   Code   RO         3943    i.prvInitialiseMutex  queue.o
    0x080034de   0x080034de   0x00000016   Code   RO         3944    i.prvInitialiseNewQueue  queue.o
    0x080034f4   0x080034f4   0x00000098   Code   RO         4263    i.prvInitialiseNewTask  tasks.o
    0x0800358c   0x0800358c   0x0000004c   Code   RO         4945    i.prvInsertBlockIntoFreeList  heap_4.o
    0x080035d8   0x080035d8   0x0000001c   Code   RO         3945    i.prvIsQueueEmpty   queue.o
    0x080035f4   0x080035f4   0x00000020   Code   RO         4264    i.prvResetNextTaskUnblockTime  tasks.o
    0x08003614   0x08003614   0x00000028   Code   RO         5013    i.prvTaskExitError  port.o
    0x0800363c   0x0800363c   0x0000006a   Code   RO         3946    i.prvUnlockQueue    queue.o
    0x080036a6   0x080036a6   0x00000002   PAD
    0x080036a8   0x080036a8   0x000000dc   Code   RO         4946    i.pvPortMalloc      heap_4.o
    0x08003784   0x08003784   0x00000018   Code   RO         4266    i.pvTaskIncrementMutexHeldCount  tasks.o
    0x0800379c   0x0800379c   0x00000024   Code   RO         5014    i.pxPortInitialiseStack  port.o
    0x080037c0   0x080037c0   0x0000000c   Code   RO          854    i.sit_time_get      tim.o
    0x080037cc   0x080037cc   0x0000000c   Code   RO          855    i.sit_time_set      tim.o
    0x080037d8   0x080037d8   0x0000000c   Code   RO          856    i.timer1_start      tim.o
    0x080037e4   0x080037e4   0x0000000c   Code   RO          857    i.timer1_stop       tim.o
    0x080037f0   0x080037f0   0x00000024   Code   RO          858    i.timer3_start      tim.o
    0x08003814   0x08003814   0x00000018   Code   RO          859    i.timer3_stop       tim.o
    0x0800382c   0x0800382c   0x00000014   Code   RO          860    i.timer3_toggle     tim.o
    0x08003840   0x08003840   0x00000026   Code   RO         3901    i.uxListRemove      list.o
    0x08003866   0x08003866   0x00000002   PAD
    0x08003868   0x08003868   0x00000014   Code   RO          723    i.vApplicationGetIdleTaskMemory  freertos.o
    0x0800387c   0x0800387c   0x00000016   Code   RO         3902    i.vListInitialise   list.o
    0x08003892   0x08003892   0x00000006   Code   RO         3903    i.vListInitialiseItem  list.o
    0x08003898   0x08003898   0x00000030   Code   RO         3904    i.vListInsert       list.o
    0x080038c8   0x080038c8   0x00000018   Code   RO         3905    i.vListInsertEnd    list.o
    0x080038e0   0x080038e0   0x00000040   Code   RO         5016    i.vPortEnterCritical  port.o
    0x08003920   0x08003920   0x00000028   Code   RO         5017    i.vPortExitCritical  port.o
    0x08003948   0x08003948   0x00000064   Code   RO         4947    i.vPortFree         heap_4.o
    0x080039ac   0x080039ac   0x00000024   Code   RO         5018    i.vPortSetupTimerInterrupt  port.o
    0x080039d0   0x080039d0   0x0000004c   Code   RO         4273    i.vTaskDelay        tasks.o
    0x08003a1c   0x08003a1c   0x00000010   Code   RO         4276    i.vTaskInternalSetTimeOutState  tasks.o
    0x08003a2c   0x08003a2c   0x0000000c   Code   RO         4277    i.vTaskMissedYield  tasks.o
    0x08003a38   0x08003a38   0x00000030   Code   RO         4279    i.vTaskPlaceOnEventList  tasks.o
    0x08003a68   0x08003a68   0x000000a0   Code   RO         4281    i.vTaskPriorityDisinheritAfterTimeout  tasks.o
    0x08003b08   0x08003b08   0x0000006c   Code   RO         4286    i.vTaskStartScheduler  tasks.o
    0x08003b74   0x08003b74   0x00000010   Code   RO         4288    i.vTaskSuspendAll   tasks.o
    0x08003b84   0x08003b84   0x0000005c   Code   RO         4289    i.vTaskSwitchContext  tasks.o
    0x08003be0   0x08003be0   0x000000a8   Code   RO         5020    i.xPortStartScheduler  port.o
    0x08003c88   0x08003c88   0x00000016   Code   RO         3953    i.xQueueCreateMutex  queue.o
    0x08003c9e   0x08003c9e   0x0000001a   Code   RO         3954    i.xQueueCreateMutexStatic  queue.o
    0x08003cb8   0x08003cb8   0x00000042   Code   RO         3955    i.xQueueGenericCreate  queue.o
    0x08003cfa   0x08003cfa   0x00000066   Code   RO         3956    i.xQueueGenericCreateStatic  queue.o
    0x08003d60   0x08003d60   0x00000088   Code   RO         3957    i.xQueueGenericReset  queue.o
    0x08003de8   0x08003de8   0x00000160   Code   RO         3958    i.xQueueGenericSend  queue.o
    0x08003f48   0x08003f48   0x00000138   Code   RO         3965    i.xQueueReceive     queue.o
    0x08004080   0x08004080   0x00000178   Code   RO         3967    i.xQueueSemaphoreTake  queue.o
    0x080041f8   0x080041f8   0x00000074   Code   RO         4291    i.xTaskCheckForTimeOut  tasks.o
    0x0800426c   0x0800426c   0x0000005a   Code   RO         4292    i.xTaskCreate       tasks.o
    0x080042c6   0x080042c6   0x00000056   Code   RO         4293    i.xTaskCreateStatic  tasks.o
    0x0800431c   0x0800431c   0x0000001c   Code   RO         4297    i.xTaskGetSchedulerState  tasks.o
    0x08004338   0x08004338   0x000000cc   Code   RO         4300    i.xTaskIncrementTick  tasks.o
    0x08004404   0x08004404   0x00000098   Code   RO         4303    i.xTaskPriorityDisinherit  tasks.o
    0x0800449c   0x0800449c   0x0000008c   Code   RO         4304    i.xTaskPriorityInherit  tasks.o
    0x08004528   0x08004528   0x00000074   Code   RO         4305    i.xTaskRemoveFromEventList  tasks.o
    0x0800459c   0x0800459c   0x000000c4   Code   RO         4306    i.xTaskResumeAll    tasks.o
    0x08004660   0x08004660   0x00000850   Data   RO          198    .constdata          oled.o
    0x08004eb0   0x08004eb0   0x000000f0   Data   RO          725    .constdata          freertos.o
    0x08004fa0   0x08004fa0   0x00000012   Data   RO         1637    .constdata          stm32f1xx_hal_rcc.o
    0x08004fb2   0x08004fb2   0x00000012   Data   RO         1729    .constdata          stm32f1xx_hal_rcc_ex.o
    0x08004fc4   0x08004fc4   0x00000010   Data   RO         3764    .constdata          system_stm32f1xx.o
    0x08004fd4   0x08004fd4   0x00000008   Data   RO         3765    .constdata          system_stm32f1xx.o
    0x08004fdc   0x08004fdc   0x00000051   Data   RO          726    .conststring        freertos.o
    0x0800502d   0x0800502d   0x00000003   PAD
    0x08005030   0x08005030   0x00000020   Data   RO         5408    Region$$Table       anon$$obj.o


    Execution Region RW_IRAM1 (Exec base: 0x20000000, Load base: 0x08005050, Size: 0x00002228, Max: 0x00005000, ABSOLUTE)

    Exec Addr    Load Addr    Size         Type   Attr      Idx    E Section Name        Object

    0x20000000   0x08005050   0x00000001   Data   RW           20    .data               lamps.o
    0x20000001   0x08005051   0x00000003   Data   RW          315    .data               bluetooth.o
    0x20000004   0x08005054   0x00000004   PAD
    0x20000008   0x08005058   0x00000008   Data   RW          381    .data               hc_sr04.o
    0x20000010   0x08005060   0x00000001   Data   RW          546    .data               key.o
    0x20000011   0x08005061   0x00000003   PAD
    0x20000014   0x08005064   0x0000002c   Data   RW          727    .data               freertos.o
    0x20000040   0x08005090   0x00000008   Data   RW          862    .data               tim.o
    0x20000048   0x08005098   0x0000000c   Data   RW         1474    .data               stm32f1xx_hal.o
    0x20000054   0x080050a4   0x00000004   Data   RW         3766    .data               system_stm32f1xx.o
    0x20000058   0x080050a8   0x0000003c   Data   RW         4309    .data               tasks.o
    0x20000094   0x080050e4   0x00000020   Data   RW         4953    .data               heap_4.o
    0x200000b4   0x08005104   0x0000000c   Data   RW         5021    .data               port.o
    0x200000c0   0x08005110   0x00000004   Data   RW         5386    .data               mc_w.l(stdout.o)
    0x200000c4        -       0x00000080   Zero   RW          314    .bss                bluetooth.o
    0x20000144        -       0x00000254   Zero   RW          724    .bss                freertos.o
    0x20000398        -       0x00000030   Zero   RW          809    .bss                adc.o
    0x200003c8        -       0x000000d8   Zero   RW          861    .bss                tim.o
    0x200004a0        -       0x00000090   Zero   RW          955    .bss                usart.o
    0x20000530        -       0x00000048   Zero   RW         1101    .bss                stm32f1xx_hal_timebase_tim.o
    0x20000578        -       0x000000f0   Zero   RW         4308    .bss                tasks.o
    0x20000668        -       0x000017c0   Zero   RW         4952    .bss                heap_4.o
    0x20001e28        -       0x00000400   Zero   RW            1    STACK               startup_stm32f103xb.o


==============================================================================

Image component sizes


      Code (inc. data)   RO Data    RW Data    ZI Data      Debug   Object Name

       168         22          0          0         48       1529   adc.o
        36         10          0          0          0       1429   beep.o
       176         48          0          3        128       2600   bluetooth.o
       174          0          0          0          0      24311   cmsis_os.o
         0          0          0          0          0      20044   event_groups.o
      1052         68        321         44        596       7278   freertos.o
       212         14          0          0          0        903   gpio.o
       186         28          0          8          0       1603   hc_sr04.o
       472         24          0         32       6080       7143   heap_4.o
        30          6          0          0          0        896   infrared_sensor.o
       178          8          0          1          0       1015   key.o
       112         40          0          1          0     443952   lamps.o
        78          6          0          0          0       2381   light_sensor.o
       138          0          0          0          0       3234   list.o
       268         16          0          0          0      35592   main.o
       948         30       2128          0          0       9073   oled.o
       578         60          0         12          0       9944   port.o
      1716         18          0          0          0      17727   queue.o
        36          8        236          0       1024        776   startup_stm32f103xb.o
       100         18          0         12          0       5046   stm32f1xx_hal.o
      1260         54          0          0          0       6300   stm32f1xx_hal_adc.o
       158         14          0          0          0      28054   stm32f1xx_hal_cortex.o
       500         34          0          0          0       3407   stm32f1xx_hal_gpio.o
        72         10          0          0          0        814   stm32f1xx_hal_msp.o
      1304         94         18          0          0       5541   stm32f1xx_hal_rcc.o
       400         28         18          0          0       2381   stm32f1xx_hal_rcc_ex.o
      1904         70          0          0          0      17210   stm32f1xx_hal_tim.o
       108         12          0          0          0       2289   stm32f1xx_hal_tim_ex.o
       152         18          0          0         72       1395   stm32f1xx_hal_timebase_tim.o
       812          6          0          0          0       5547   stm32f1xx_hal_uart.o
        36         12          0          0          0       3221   stm32f1xx_it.o
         2          0         24          4          0       1035   system_stm32f1xx.o
      2332        174          0         60        240      26231   tasks.o
       684        106          0          8        216       6391   tim.o
       348         40          0          0        144       2811   usart.o

    ----------------------------------------------------------------------
     16772       1096       2780        192       8548     709103   Object Totals
         0          0         32          0          0          0   (incl. Generated)
        42          0          3          7          0          0   (incl. Padding)

    ----------------------------------------------------------------------

      Code (inc. data)   RO Data    RW Data    ZI Data      Debug   Library Member Name

         0          0          0          0          0          0   entry.o
         0          0          0          0          0          0   entry10a.o
         0          0          0          0          0          0   entry11a.o
         4          0          0          0          0          0   entry12b.o
         8          4          0          0          0          0   entry2.o
         4          0          0          0          0          0   entry5.o
         0          0          0          0          0          0   entry7b.o
         0          0          0          0          0          0   entry8b.o
         8          4          0          0          0          0   entry9a.o
        30          0          0          0          0          0   handlers.o
        36          8          0          0          0         68   init.o
         0          0          0          0          0          0   iusefp.o
        30          0          0          0          0         68   llshl.o
        32          0          0          0          0         68   llushr.o
        36          0          0          0          0         68   memcpya.o
        36          0          0          0          0        108   memseta.o
       246         10          0          0          0        176   printf2.o
         0          0          0          4          0          0   stdout.o
       186          0          0          0          0        176   depilogue.o
        50          0          0          0          0         76   dfixui.o
        26          0          0          0          0         76   dfltui.o
       228          0          0          0          0         96   dmul.o
        46          0          0          0          0         80   dscalb.o

    ----------------------------------------------------------------------
      1008         26          0          4          0       1060   Library Totals
         2          0          0          0          0          0   (incl. Padding)

    ----------------------------------------------------------------------

      Code (inc. data)   RO Data    RW Data    ZI Data      Debug   Library Name

       470         26          0          4          0        556   mc_w.l
       536          0          0          0          0        504   mf_w.l

    ----------------------------------------------------------------------
      1008         26          0          4          0       1060   Library Totals

    ----------------------------------------------------------------------

==============================================================================


      Code (inc. data)   RO Data    RW Data    ZI Data      Debug   

     17780       1122       2780        196       8548     699447   Grand Totals
     17780       1122       2780        196       8548     699447   ELF Image Totals
     17780       1122       2780        196          0          0   ROM Totals

==============================================================================

    Total RO  Size (Code + RO Data)                20560 (  20.08kB)
    Total RW  Size (RW Data + ZI Data)              8744 (   8.54kB)
    Total ROM Size (Code + RO Data + RW Data)      20756 (  20.27kB)

==============================================================================

